../../../../../../../Drivers/STM32WB0x_HAL_Driver/Inc/stm32wb0x_ll_adc.h:1168:22:LL_ADC_SetInputSamplingMode	16	static
../../../../../../../Drivers/STM32WB0x_HAL_Driver/Inc/stm32wb0x_ll_adc.h:1193:22:LL_ADC_InvertOutputDiffModeEnable	16	static
../../../../../../../Drivers/STM32WB0x_HAL_Driver/Inc/stm32wb0x_ll_adc.h:1205:22:LL_ADC_InvertOutputDiffModeDisable	16	static
../../../../../../../Drivers/STM32WB0x_HAL_Driver/Inc/stm32wb0x_ll_adc.h:1229:22:LL_ADC_InvertOutputSingleNegModeEnable	16	static
../../../../../../../Drivers/STM32WB0x_HAL_Driver/Inc/stm32wb0x_ll_adc.h:1241:22:LL_ADC_InvertOutputSingleNegModeDisable	16	static
../../../../../../../Drivers/STM32WB0x_HAL_Driver/Inc/stm32wb0x_ll_adc.h:1305:22:LL_ADC_SetOverrunDS	16	static
../../../../../../../Drivers/STM32WB0x_HAL_Driver/Inc/stm32wb0x_ll_adc.h:1368:22:LL_ADC_DMAModeDSEnable	16	static
../../../../../../../Drivers/STM32WB0x_HAL_Driver/Inc/stm32wb0x_ll_adc.h:1380:22:LL_ADC_DMAModeDSDisable	16	static
../../../../../../../Drivers/STM32WB0x_HAL_Driver/Inc/stm32wb0x_ll_adc.h:1392:26:LL_ADC_IsDMAModeDSEnabled	16	static
../../../../../../../Drivers/STM32WB0x_HAL_Driver/Inc/stm32wb0x_ll_adc.h:1438:22:LL_ADC_SetSampleRate	16	static
../../../../../../../Drivers/STM32WB0x_HAL_Driver/Inc/stm32wb0x_ll_adc.h:1538:22:LL_ADC_SMPSSyncEnable	16	static
../../../../../../../Drivers/STM32WB0x_HAL_Driver/Inc/stm32wb0x_ll_adc.h:1552:22:LL_ADC_SMPSSyncDisable	16	static
../../../../../../../Drivers/STM32WB0x_HAL_Driver/Inc/stm32wb0x_ll_adc.h:1580:22:LL_ADC_SetSequenceLength	16	static
../../../../../../../Drivers/STM32WB0x_HAL_Driver/Inc/stm32wb0x_ll_adc.h:1643:22:LL_ADC_ContinuousModeEnable	16	static
../../../../../../../Drivers/STM32WB0x_HAL_Driver/Inc/stm32wb0x_ll_adc.h:1656:22:LL_ADC_ContinuousModeDisable	16	static
../../../../../../../Drivers/STM32WB0x_HAL_Driver/Inc/stm32wb0x_ll_adc.h:1668:26:LL_ADC_IsContinuousModeEnabled	16	static
../../../../../../../Drivers/STM32WB0x_HAL_Driver/Inc/stm32wb0x_ll_adc.h:1690:22:LL_ADC_EnableInternalRegulator	16	static
../../../../../../../Drivers/STM32WB0x_HAL_Driver/Inc/stm32wb0x_ll_adc.h:1716:26:LL_ADC_IsInternalRegulatorEnabled	16	static
../../../../../../../Drivers/STM32WB0x_HAL_Driver/Inc/stm32wb0x_ll_adc.h:1767:22:LL_ADC_StopConversion	16	static
../../../../../../../Drivers/STM32WB0x_HAL_Driver/Inc/stm32wb0x_ll_adc.h:1792:22:LL_ADC_StartConversion	16	static
../../../../../../../Drivers/STM32WB0x_HAL_Driver/Inc/stm32wb0x_ll_adc.h:1804:26:LL_ADC_IsConversionOngoing	16	static
../../../../../../../Drivers/STM32WB0x_HAL_Driver/Inc/stm32wb0x_ll_adc.h:1816:22:LL_ADC_Enable	16	static
../../../../../../../Drivers/STM32WB0x_HAL_Driver/Inc/stm32wb0x_ll_adc.h:1828:22:LL_ADC_Disable	16	static
../../../../../../../Drivers/STM32WB0x_HAL_Driver/Inc/stm32wb0x_ll_adc.h:1840:26:LL_ADC_IsEnabled	16	static
../../../../../../../Drivers/STM32WB0x_HAL_Driver/Inc/stm32wb0x_ll_adc.h:2079:22:LL_ADC_SetChannelVoltageRange	24	static
../../../../../../../Drivers/STM32WB0x_HAL_Driver/Inc/stm32wb0x_ll_adc.h:2483:22:LL_ADC_ConfigureDSDataOutput	24	static
../../../../../../../Drivers/STM32WB0x_HAL_Driver/Inc/stm32wb0x_ll_adc.h:2636:22:LL_ADC_SetSequencerRanks	32	static
../../../../../../../Drivers/STM32WB0x_HAL_Driver/Inc/stm32wb0x_ll_adc.h:2742:22:LL_ADC_ConfigureCalibPoint	32	static
../../../../../../../Drivers/STM32WB0x_HAL_Driver/Inc/stm32wb0x_ll_adc.h:2842:22:LL_ADC_SetCalibPointForDiff	24	static
../../../../../../../Drivers/STM32WB0x_HAL_Driver/Inc/stm32wb0x_ll_adc.h:2911:22:LL_ADC_SetCalibPointForSinglePos	24	static
../../../../../../../Drivers/STM32WB0x_HAL_Driver/Inc/stm32wb0x_ll_adc.h:2981:22:LL_ADC_SetCalibPointForSingleNeg	24	static
../../../../../../../Drivers/STM32WB0x_HAL_Driver/Inc/stm32wb0x_ll_adc.h:3051:22:LL_ADC_ConfigureAWDThresholds	24	static
../../../../../../../Drivers/STM32WB0x_HAL_Driver/Inc/stm32wb0x_ll_adc.h:3130:22:LL_ADC_SetAWDInputChannels	16	static
../../../../../../../Drivers/STM32WB0x_HAL_Driver/Inc/stm32wb0x_ll_adc.h:3181:26:LL_ADC_DSGetOutputData	16	static
../../../../../../../Drivers/STM32WB0x_HAL_Driver/Inc/stm32wb0x_ll_adc.h:3222:26:LL_ADC_GetActiveFlags	16	static
../../../../../../../Drivers/STM32WB0x_HAL_Driver/Inc/stm32wb0x_ll_adc.h:3245:22:LL_ADC_ClearActiveFlags	16	static
../../../../../../../Drivers/STM32WB0x_HAL_Driver/Inc/stm32wb0x_ll_adc.h:3264:26:LL_ADC_IsActiveFlag	16	static
../../../../../../../Drivers/STM32WB0x_HAL_Driver/Inc/stm32wb0x_ll_adc.h:3360:22:LL_ADC_ClearFlag_AWD	16	static
../../../../../../../Drivers/STM32WB0x_HAL_Driver/Inc/stm32wb0x_ll_adc.h:3481:22:LL_ADC_EnableIT	16	static
../../../../../../../Drivers/STM32WB0x_HAL_Driver/Inc/stm32wb0x_ll_adc.h:3500:22:LL_ADC_DisableIT	16	static
../../../../../../../Drivers/STM32WB0x_HAL_Driver/Inc/stm32wb0x_ll_adc.h:3641:22:LL_ADC_EnableIT_AWD	16	static
../../../../../../../Drivers/STM32WB0x_HAL_Driver/Inc/stm32wb0x_ll_adc.h:3653:22:LL_ADC_DisableIT_AWD	16	static
../../../../../../../Drivers/STM32WB0x_HAL_Driver/Inc/stm32wb0x_ll_adc.h:3894:22:LL_ADC_SetADCLDODelay	16	static
C:/WB0/STM32Cube_FW_WB0_V1.1.0/Drivers/STM32WB0x_HAL_Driver/Src/stm32wb0x_hal_adc.c:313:19:HAL_ADC_Init	24	static
C:/WB0/STM32Cube_FW_WB0_V1.1.0/Drivers/STM32WB0x_HAL_Driver/Src/stm32wb0x_hal_adc.c:484:19:HAL_ADC_DeInit	32	static
C:/WB0/STM32Cube_FW_WB0_V1.1.0/Drivers/STM32WB0x_HAL_Driver/Src/stm32wb0x_hal_adc.c:674:13:HAL_ADC_MspInit	16	static
C:/WB0/STM32Cube_FW_WB0_V1.1.0/Drivers/STM32WB0x_HAL_Driver/Src/stm32wb0x_hal_adc.c:691:13:HAL_ADC_MspDeInit	16	static
C:/WB0/STM32Cube_FW_WB0_V1.1.0/Drivers/STM32WB0x_HAL_Driver/Src/stm32wb0x_hal_adc.c:924:19:HAL_ADC_Start	32	static
C:/WB0/STM32Cube_FW_WB0_V1.1.0/Drivers/STM32WB0x_HAL_Driver/Src/stm32wb0x_hal_adc.c:972:19:HAL_ADC_Stop	32	static
C:/WB0/STM32Cube_FW_WB0_V1.1.0/Drivers/STM32WB0x_HAL_Driver/Src/stm32wb0x_hal_adc.c:1019:19:HAL_ADC_PollForConversion	24	static
C:/WB0/STM32Cube_FW_WB0_V1.1.0/Drivers/STM32WB0x_HAL_Driver/Src/stm32wb0x_hal_adc.c:1089:19:HAL_ADC_PollForEvent	32	static
C:/WB0/STM32Cube_FW_WB0_V1.1.0/Drivers/STM32WB0x_HAL_Driver/Src/stm32wb0x_hal_adc.c:1244:19:HAL_ADC_Start_IT	32	static
C:/WB0/STM32Cube_FW_WB0_V1.1.0/Drivers/STM32WB0x_HAL_Driver/Src/stm32wb0x_hal_adc.c:1319:19:HAL_ADC_Stop_IT	32	static
C:/WB0/STM32Cube_FW_WB0_V1.1.0/Drivers/STM32WB0x_HAL_Driver/Src/stm32wb0x_hal_adc.c:1369:19:HAL_ADC_Start_DMA	40	static
C:/WB0/STM32Cube_FW_WB0_V1.1.0/Drivers/STM32WB0x_HAL_Driver/Src/stm32wb0x_hal_adc.c:1456:19:HAL_ADC_Stop_DMA	32	static
C:/WB0/STM32Cube_FW_WB0_V1.1.0/Drivers/STM32WB0x_HAL_Driver/Src/stm32wb0x_hal_adc.c:1557:10:HAL_ADC_GetValue	16	static
C:/WB0/STM32Cube_FW_WB0_V1.1.0/Drivers/STM32WB0x_HAL_Driver/Src/stm32wb0x_hal_adc.c:1593:6:HAL_ADC_IRQHandler	32	static
C:/WB0/STM32Cube_FW_WB0_V1.1.0/Drivers/STM32WB0x_HAL_Driver/Src/stm32wb0x_hal_adc.c:1721:13:HAL_ADC_ConvCpltCallback	16	static
C:/WB0/STM32Cube_FW_WB0_V1.1.0/Drivers/STM32WB0x_HAL_Driver/Src/stm32wb0x_hal_adc.c:1737:13:HAL_ADC_ConvHalfCpltCallback	16	static
C:/WB0/STM32Cube_FW_WB0_V1.1.0/Drivers/STM32WB0x_HAL_Driver/Src/stm32wb0x_hal_adc.c:1753:13:HAL_ADC_LevelOutOfWindowCallback	16	static
C:/WB0/STM32Cube_FW_WB0_V1.1.0/Drivers/STM32WB0x_HAL_Driver/Src/stm32wb0x_hal_adc.c:1776:13:HAL_ADC_ErrorCallback	16	static
C:/WB0/STM32Cube_FW_WB0_V1.1.0/Drivers/STM32WB0x_HAL_Driver/Src/stm32wb0x_hal_adc.c:2041:19:HAL_ADC_SMPSSyncEnable	24	static
C:/WB0/STM32Cube_FW_WB0_V1.1.0/Drivers/STM32WB0x_HAL_Driver/Src/stm32wb0x_hal_adc.c:2068:19:HAL_ADC_SMPSSyncDisable	24	static
C:/WB0/STM32Cube_FW_WB0_V1.1.0/Drivers/STM32WB0x_HAL_Driver/Src/stm32wb0x_hal_adc.c:2148:19:HAL_ADC_LDODelayConfig	32	static
C:/WB0/STM32Cube_FW_WB0_V1.1.0/Drivers/STM32WB0x_HAL_Driver/Src/stm32wb0x_hal_adc.c:2194:19:HAL_ADC_ConfigChannel	24	static,ignoring_inline_asm
C:/WB0/STM32Cube_FW_WB0_V1.1.0/Drivers/STM32WB0x_HAL_Driver/Src/stm32wb0x_hal_adc.c:2332:19:HAL_ADC_AnalogWDGConfig	24	static
C:/WB0/STM32Cube_FW_WB0_V1.1.0/Drivers/STM32WB0x_HAL_Driver/Src/stm32wb0x_hal_adc.c:2474:10:HAL_ADC_GetState	16	static
C:/WB0/STM32Cube_FW_WB0_V1.1.0/Drivers/STM32WB0x_HAL_Driver/Src/stm32wb0x_hal_adc.c:2488:10:HAL_ADC_GetError	16	static
C:/WB0/STM32Cube_FW_WB0_V1.1.0/Drivers/STM32WB0x_HAL_Driver/Src/stm32wb0x_hal_adc.c:2513:19:ADC_ConversionStop	24	static
C:/WB0/STM32Cube_FW_WB0_V1.1.0/Drivers/STM32WB0x_HAL_Driver/Src/stm32wb0x_hal_adc.c:2541:19:ADC_Enable	16	static
C:/WB0/STM32Cube_FW_WB0_V1.1.0/Drivers/STM32WB0x_HAL_Driver/Src/stm32wb0x_hal_adc.c:2562:19:ADC_Disable	16	static
C:/WB0/STM32Cube_FW_WB0_V1.1.0/Drivers/STM32WB0x_HAL_Driver/Src/stm32wb0x_hal_adc.c:2580:6:ADC_DMAConvCplt	24	static
C:/WB0/STM32Cube_FW_WB0_V1.1.0/Drivers/STM32WB0x_HAL_Driver/Src/stm32wb0x_hal_adc.c:2643:6:ADC_DMAHalfConvCplt	24	static
C:/WB0/STM32Cube_FW_WB0_V1.1.0/Drivers/STM32WB0x_HAL_Driver/Src/stm32wb0x_hal_adc.c:2661:6:ADC_DMAError	24	static
