C:/WB0/STM32Cube_FW_WB0_V1.1.0/Drivers/STM32WB0x_HAL_Driver/Src/stm32wb0x_hal_pka.c:380:19:HAL_PKA_Init	24	static
C:/WB0/STM32Cube_FW_WB0_V1.1.0/Drivers/STM32WB0x_HAL_Driver/Src/stm32wb0x_hal_pka.c:483:19:HAL_PKA_DeInit	24	static
C:/WB0/STM32Cube_FW_WB0_V1.1.0/Drivers/STM32WB0x_HAL_Driver/Src/stm32wb0x_hal_pka.c:545:13:HAL_PKA_MspInit	16	static
C:/WB0/STM32Cube_FW_WB0_V1.1.0/Drivers/STM32WB0x_HAL_Driver/Src/stm32wb0x_hal_pka.c:560:13:HAL_PKA_MspDeInit	16	static
C:/WB0/STM32Cube_FW_WB0_V1.1.0/Drivers/STM32WB0x_HAL_Driver/Src/stm32wb0x_hal_pka.c:872:19:HAL_PKA_ECCMul	24	static
C:/WB0/STM32Cube_FW_WB0_V1.1.0/Drivers/STM32WB0x_HAL_Driver/Src/stm32wb0x_hal_pka.c:890:19:HAL_PKA_ECCMul_IT	16	static
C:/WB0/STM32Cube_FW_WB0_V1.1.0/Drivers/STM32WB0x_HAL_Driver/Src/stm32wb0x_hal_pka.c:907:6:HAL_PKA_ECCMul_GetResult	24	static
C:/WB0/STM32Cube_FW_WB0_V1.1.0/Drivers/STM32WB0x_HAL_Driver/Src/stm32wb0x_hal_pka.c:935:19:HAL_PKA_ModExp	24	static
C:/WB0/STM32Cube_FW_WB0_V1.1.0/Drivers/STM32WB0x_HAL_Driver/Src/stm32wb0x_hal_pka.c:950:19:HAL_PKA_ModExp_IT	16	static
C:/WB0/STM32Cube_FW_WB0_V1.1.0/Drivers/STM32WB0x_HAL_Driver/Src/stm32wb0x_hal_pka.c:966:19:HAL_PKA_ModExpFastMode	24	static
C:/WB0/STM32Cube_FW_WB0_V1.1.0/Drivers/STM32WB0x_HAL_Driver/Src/stm32wb0x_hal_pka.c:981:19:HAL_PKA_ModExpFastMode_IT	16	static
C:/WB0/STM32Cube_FW_WB0_V1.1.0/Drivers/STM32WB0x_HAL_Driver/Src/stm32wb0x_hal_pka.c:996:6:HAL_PKA_ModExp_GetResult	24	static
C:/WB0/STM32Cube_FW_WB0_V1.1.0/Drivers/STM32WB0x_HAL_Driver/Src/stm32wb0x_hal_pka.c:1020:19:HAL_PKA_ECDSASign	24	static
C:/WB0/STM32Cube_FW_WB0_V1.1.0/Drivers/STM32WB0x_HAL_Driver/Src/stm32wb0x_hal_pka.c:1035:19:HAL_PKA_ECDSASign_IT	16	static
C:/WB0/STM32Cube_FW_WB0_V1.1.0/Drivers/STM32WB0x_HAL_Driver/Src/stm32wb0x_hal_pka.c:1050:6:HAL_PKA_ECDSASign_GetResult	32	static
C:/WB0/STM32Cube_FW_WB0_V1.1.0/Drivers/STM32WB0x_HAL_Driver/Src/stm32wb0x_hal_pka.c:1081:19:HAL_PKA_ECDSAVerif	24	static
C:/WB0/STM32Cube_FW_WB0_V1.1.0/Drivers/STM32WB0x_HAL_Driver/Src/stm32wb0x_hal_pka.c:1097:19:HAL_PKA_ECDSAVerif_IT	16	static
C:/WB0/STM32Cube_FW_WB0_V1.1.0/Drivers/STM32WB0x_HAL_Driver/Src/stm32wb0x_hal_pka.c:1111:10:HAL_PKA_ECDSAVerif_IsValidSignature	16	static
C:/WB0/STM32Cube_FW_WB0_V1.1.0/Drivers/STM32WB0x_HAL_Driver/Src/stm32wb0x_hal_pka.c:1129:19:HAL_PKA_RSACRTExp	24	static
C:/WB0/STM32Cube_FW_WB0_V1.1.0/Drivers/STM32WB0x_HAL_Driver/Src/stm32wb0x_hal_pka.c:1144:19:HAL_PKA_RSACRTExp_IT	16	static
C:/WB0/STM32Cube_FW_WB0_V1.1.0/Drivers/STM32WB0x_HAL_Driver/Src/stm32wb0x_hal_pka.c:1159:6:HAL_PKA_RSACRTExp_GetResult	24	static
C:/WB0/STM32Cube_FW_WB0_V1.1.0/Drivers/STM32WB0x_HAL_Driver/Src/stm32wb0x_hal_pka.c:1176:19:HAL_PKA_PointCheck	24	static
C:/WB0/STM32Cube_FW_WB0_V1.1.0/Drivers/STM32WB0x_HAL_Driver/Src/stm32wb0x_hal_pka.c:1191:19:HAL_PKA_PointCheck_IT	16	static
C:/WB0/STM32Cube_FW_WB0_V1.1.0/Drivers/STM32WB0x_HAL_Driver/Src/stm32wb0x_hal_pka.c:1205:10:HAL_PKA_PointCheck_IsOnCurve	16	static
C:/WB0/STM32Cube_FW_WB0_V1.1.0/Drivers/STM32WB0x_HAL_Driver/Src/stm32wb0x_hal_pka.c:1223:19:HAL_PKA_ECCMulFastMode	24	static
C:/WB0/STM32Cube_FW_WB0_V1.1.0/Drivers/STM32WB0x_HAL_Driver/Src/stm32wb0x_hal_pka.c:1238:19:HAL_PKA_ECCMulFastMode_IT	16	static
C:/WB0/STM32Cube_FW_WB0_V1.1.0/Drivers/STM32WB0x_HAL_Driver/Src/stm32wb0x_hal_pka.c:1254:19:HAL_PKA_Add	40	static
C:/WB0/STM32Cube_FW_WB0_V1.1.0/Drivers/STM32WB0x_HAL_Driver/Src/stm32wb0x_hal_pka.c:1269:19:HAL_PKA_Add_IT	32	static
C:/WB0/STM32Cube_FW_WB0_V1.1.0/Drivers/STM32WB0x_HAL_Driver/Src/stm32wb0x_hal_pka.c:1285:19:HAL_PKA_Sub	40	static
C:/WB0/STM32Cube_FW_WB0_V1.1.0/Drivers/STM32WB0x_HAL_Driver/Src/stm32wb0x_hal_pka.c:1300:19:HAL_PKA_Sub_IT	32	static
C:/WB0/STM32Cube_FW_WB0_V1.1.0/Drivers/STM32WB0x_HAL_Driver/Src/stm32wb0x_hal_pka.c:1316:19:HAL_PKA_Mul	40	static
C:/WB0/STM32Cube_FW_WB0_V1.1.0/Drivers/STM32WB0x_HAL_Driver/Src/stm32wb0x_hal_pka.c:1331:19:HAL_PKA_Mul_IT	32	static
C:/WB0/STM32Cube_FW_WB0_V1.1.0/Drivers/STM32WB0x_HAL_Driver/Src/stm32wb0x_hal_pka.c:1347:19:HAL_PKA_Cmp	40	static
C:/WB0/STM32Cube_FW_WB0_V1.1.0/Drivers/STM32WB0x_HAL_Driver/Src/stm32wb0x_hal_pka.c:1362:19:HAL_PKA_Cmp_IT	32	static
C:/WB0/STM32Cube_FW_WB0_V1.1.0/Drivers/STM32WB0x_HAL_Driver/Src/stm32wb0x_hal_pka.c:1378:19:HAL_PKA_ModAdd	40	static
C:/WB0/STM32Cube_FW_WB0_V1.1.0/Drivers/STM32WB0x_HAL_Driver/Src/stm32wb0x_hal_pka.c:1393:19:HAL_PKA_ModAdd_IT	32	static
C:/WB0/STM32Cube_FW_WB0_V1.1.0/Drivers/STM32WB0x_HAL_Driver/Src/stm32wb0x_hal_pka.c:1409:19:HAL_PKA_ModInv	24	static
C:/WB0/STM32Cube_FW_WB0_V1.1.0/Drivers/STM32WB0x_HAL_Driver/Src/stm32wb0x_hal_pka.c:1424:19:HAL_PKA_ModInv_IT	16	static
C:/WB0/STM32Cube_FW_WB0_V1.1.0/Drivers/STM32WB0x_HAL_Driver/Src/stm32wb0x_hal_pka.c:1440:19:HAL_PKA_ModSub	40	static
C:/WB0/STM32Cube_FW_WB0_V1.1.0/Drivers/STM32WB0x_HAL_Driver/Src/stm32wb0x_hal_pka.c:1455:19:HAL_PKA_ModSub_IT	32	static
C:/WB0/STM32Cube_FW_WB0_V1.1.0/Drivers/STM32WB0x_HAL_Driver/Src/stm32wb0x_hal_pka.c:1471:19:HAL_PKA_ModRed	24	static
C:/WB0/STM32Cube_FW_WB0_V1.1.0/Drivers/STM32WB0x_HAL_Driver/Src/stm32wb0x_hal_pka.c:1486:19:HAL_PKA_ModRed_IT	16	static
C:/WB0/STM32Cube_FW_WB0_V1.1.0/Drivers/STM32WB0x_HAL_Driver/Src/stm32wb0x_hal_pka.c:1502:19:HAL_PKA_MontgomeryMul	40	static
C:/WB0/STM32Cube_FW_WB0_V1.1.0/Drivers/STM32WB0x_HAL_Driver/Src/stm32wb0x_hal_pka.c:1517:19:HAL_PKA_MontgomeryMul_IT	32	static
C:/WB0/STM32Cube_FW_WB0_V1.1.0/Drivers/STM32WB0x_HAL_Driver/Src/stm32wb0x_hal_pka.c:1531:6:HAL_PKA_Arithmetic_GetResult	24	static
C:/WB0/STM32Cube_FW_WB0_V1.1.0/Drivers/STM32WB0x_HAL_Driver/Src/stm32wb0x_hal_pka.c:1601:19:HAL_PKA_MontgomeryParam	24	static
C:/WB0/STM32Cube_FW_WB0_V1.1.0/Drivers/STM32WB0x_HAL_Driver/Src/stm32wb0x_hal_pka.c:1616:19:HAL_PKA_MontgomeryParam_IT	16	static
C:/WB0/STM32Cube_FW_WB0_V1.1.0/Drivers/STM32WB0x_HAL_Driver/Src/stm32wb0x_hal_pka.c:1631:6:HAL_PKA_MontgomeryParam_GetResult	24	static
C:/WB0/STM32Cube_FW_WB0_V1.1.0/Drivers/STM32WB0x_HAL_Driver/Src/stm32wb0x_hal_pka.c:1650:19:HAL_PKA_ECCDoubleBaseLadder	24	static
C:/WB0/STM32Cube_FW_WB0_V1.1.0/Drivers/STM32WB0x_HAL_Driver/Src/stm32wb0x_hal_pka.c:1665:19:HAL_PKA_ECCDoubleBaseLadder_IT	16	static
C:/WB0/STM32Cube_FW_WB0_V1.1.0/Drivers/STM32WB0x_HAL_Driver/Src/stm32wb0x_hal_pka.c:1680:19:HAL_PKA_ECCCompleteAddition	24	static
C:/WB0/STM32Cube_FW_WB0_V1.1.0/Drivers/STM32WB0x_HAL_Driver/Src/stm32wb0x_hal_pka.c:1695:19:HAL_PKA_ECCCompleteAddition_IT	16	static
C:/WB0/STM32Cube_FW_WB0_V1.1.0/Drivers/STM32WB0x_HAL_Driver/Src/stm32wb0x_hal_pka.c:1709:19:HAL_PKA_Abort	24	static
C:/WB0/STM32Cube_FW_WB0_V1.1.0/Drivers/STM32WB0x_HAL_Driver/Src/stm32wb0x_hal_pka.c:1744:6:HAL_PKA_RAMReset	24	static
C:/WB0/STM32Cube_FW_WB0_V1.1.0/Drivers/STM32WB0x_HAL_Driver/Src/stm32wb0x_hal_pka.c:1761:6:HAL_PKA_IRQHandler	32	static
C:/WB0/STM32Cube_FW_WB0_V1.1.0/Drivers/STM32WB0x_HAL_Driver/Src/stm32wb0x_hal_pka.c:1845:13:HAL_PKA_OperationCpltCallback	16	static
C:/WB0/STM32Cube_FW_WB0_V1.1.0/Drivers/STM32WB0x_HAL_Driver/Src/stm32wb0x_hal_pka.c:1860:13:HAL_PKA_ErrorCallback	16	static
C:/WB0/STM32Cube_FW_WB0_V1.1.0/Drivers/STM32WB0x_HAL_Driver/Src/stm32wb0x_hal_pka.c:1893:22:HAL_PKA_GetState	16	static
C:/WB0/STM32Cube_FW_WB0_V1.1.0/Drivers/STM32WB0x_HAL_Driver/Src/stm32wb0x_hal_pka.c:1904:10:HAL_PKA_GetError	16	static
C:/WB0/STM32Cube_FW_WB0_V1.1.0/Drivers/STM32WB0x_HAL_Driver/Src/stm32wb0x_hal_pka.c:1927:10:PKA_GetMode	16	static
C:/WB0/STM32Cube_FW_WB0_V1.1.0/Drivers/STM32WB0x_HAL_Driver/Src/stm32wb0x_hal_pka.c:1941:19:PKA_PollEndOfOperation	24	static
C:/WB0/STM32Cube_FW_WB0_V1.1.0/Drivers/STM32WB0x_HAL_Driver/Src/stm32wb0x_hal_pka.c:1980:10:PKA_CheckError	24	static
C:/WB0/STM32Cube_FW_WB0_V1.1.0/Drivers/STM32WB0x_HAL_Driver/Src/stm32wb0x_hal_pka.c:2032:10:PKA_GetBitSize_u8	16	static
C:/WB0/STM32Cube_FW_WB0_V1.1.0/Drivers/STM32WB0x_HAL_Driver/Src/stm32wb0x_hal_pka.c:2043:10:PKA_GetOptBitSize_u8	24	static
C:/WB0/STM32Cube_FW_WB0_V1.1.0/Drivers/STM32WB0x_HAL_Driver/Src/stm32wb0x_hal_pka.c:2056:10:PKA_GetBitSize_u32	16	static
C:/WB0/STM32Cube_FW_WB0_V1.1.0/Drivers/STM32WB0x_HAL_Driver/Src/stm32wb0x_hal_pka.c:2066:10:PKA_GetArraySize_u8	16	static
C:/WB0/STM32Cube_FW_WB0_V1.1.0/Drivers/STM32WB0x_HAL_Driver/Src/stm32wb0x_hal_pka.c:2081:6:PKA_Memcpy_u32_to_u8	32	static
C:/WB0/STM32Cube_FW_WB0_V1.1.0/Drivers/STM32WB0x_HAL_Driver/Src/stm32wb0x_hal_pka.c:2131:6:PKA_Memcpy_u8_to_u32	32	static
C:/WB0/STM32Cube_FW_WB0_V1.1.0/Drivers/STM32WB0x_HAL_Driver/Src/stm32wb0x_hal_pka.c:2179:6:PKA_Memcpy_u32_to_u32	32	static
C:/WB0/STM32Cube_FW_WB0_V1.1.0/Drivers/STM32WB0x_HAL_Driver/Src/stm32wb0x_hal_pka.c:2197:19:PKA_Process	32	static
C:/WB0/STM32Cube_FW_WB0_V1.1.0/Drivers/STM32WB0x_HAL_Driver/Src/stm32wb0x_hal_pka.c:2285:19:PKA_Process_IT	24	static
C:/WB0/STM32Cube_FW_WB0_V1.1.0/Drivers/STM32WB0x_HAL_Driver/Src/stm32wb0x_hal_pka.c:2327:6:PKA_ECCMul_Set	24	static
C:/WB0/STM32Cube_FW_WB0_V1.1.0/Drivers/STM32WB0x_HAL_Driver/Src/stm32wb0x_hal_pka.c:2366:6:PKA_ModExp_Set	24	static
C:/WB0/STM32Cube_FW_WB0_V1.1.0/Drivers/STM32WB0x_HAL_Driver/Src/stm32wb0x_hal_pka.c:2392:6:PKA_ModExpFastMode_Set	24	static
C:/WB0/STM32Cube_FW_WB0_V1.1.0/Drivers/STM32WB0x_HAL_Driver/Src/stm32wb0x_hal_pka.c:2425:6:PKA_ECDSASign_Set	24	static
C:/WB0/STM32Cube_FW_WB0_V1.1.0/Drivers/STM32WB0x_HAL_Driver/Src/stm32wb0x_hal_pka.c:2474:6:PKA_ECDSAVerif_Set	24	static
C:/WB0/STM32Cube_FW_WB0_V1.1.0/Drivers/STM32WB0x_HAL_Driver/Src/stm32wb0x_hal_pka.c:2533:6:PKA_RSACRTExp_Set	24	static
C:/WB0/STM32Cube_FW_WB0_V1.1.0/Drivers/STM32WB0x_HAL_Driver/Src/stm32wb0x_hal_pka.c:2568:6:PKA_PointCheck_Set	24	static
C:/WB0/STM32Cube_FW_WB0_V1.1.0/Drivers/STM32WB0x_HAL_Driver/Src/stm32wb0x_hal_pka.c:2609:6:PKA_ECCMulFastMode_Set	24	static
C:/WB0/STM32Cube_FW_WB0_V1.1.0/Drivers/STM32WB0x_HAL_Driver/Src/stm32wb0x_hal_pka.c:2651:6:PKA_ModInv_Set	24	static
C:/WB0/STM32Cube_FW_WB0_V1.1.0/Drivers/STM32WB0x_HAL_Driver/Src/stm32wb0x_hal_pka.c:2670:6:PKA_ModRed_Set	24	static
C:/WB0/STM32Cube_FW_WB0_V1.1.0/Drivers/STM32WB0x_HAL_Driver/Src/stm32wb0x_hal_pka.c:2693:6:PKA_MontgomeryParam_Set	40	static
C:/WB0/STM32Cube_FW_WB0_V1.1.0/Drivers/STM32WB0x_HAL_Driver/Src/stm32wb0x_hal_pka.c:2726:6:PKA_ARI_Set	32	static
C:/WB0/STM32Cube_FW_WB0_V1.1.0/Drivers/STM32WB0x_HAL_Driver/Src/stm32wb0x_hal_pka.c:2761:6:PKA_ECCDoubleBaseLadder_Set	24	static
C:/WB0/STM32Cube_FW_WB0_V1.1.0/Drivers/STM32WB0x_HAL_Driver/Src/stm32wb0x_hal_pka.c:2812:6:HAL_PKA_ECCDoubleBaseLadder_GetResult	24	static
C:/WB0/STM32Cube_FW_WB0_V1.1.0/Drivers/STM32WB0x_HAL_Driver/Src/stm32wb0x_hal_pka.c:2830:6:PKA_ECCCompleteAddition_Set	24	static
C:/WB0/STM32Cube_FW_WB0_V1.1.0/Drivers/STM32WB0x_HAL_Driver/Src/stm32wb0x_hal_pka.c:2883:6:HAL_PKA_ECCCompleteAddition_GetResult	24	static
C:/WB0/STM32Cube_FW_WB0_V1.1.0/Drivers/STM32WB0x_HAL_Driver/Src/stm32wb0x_hal_pka.c:2906:19:PKA_WaitOnFlagUntilTimeout	24	static
C:/WB0/STM32Cube_FW_WB0_V1.1.0/Drivers/STM32WB0x_HAL_Driver/Src/stm32wb0x_hal_pka.c:2937:10:PKA_Result_GetSize	32	static
