../../../../../../../Drivers/STM32WB0x_HAL_Driver/Inc/stm32wb0x_ll_rcc.h:1226:26:LL_RCC_GetLPUARTClockSource	0	static
../../../../../../../Drivers/STM32WB0x_HAL_Driver/Inc/stm32wb0x_ll_bus.h:256:26:LL_AHB1_GRP1_IsEnabledClock	0	static
../../../../../../../Drivers/STM32WB0x_HAL_Driver/Inc/stm32wb0x_ll_bus.h:358:22:LL_APB0_GRP1_EnableClock	8	static
../../../../../../../Drivers/STM32WB0x_HAL_Driver/Inc/stm32wb0x_ll_bus.h:388:26:LL_APB0_GRP1_IsEnabledClock	0	static
../../../../../../../Drivers/STM32WB0x_HAL_Driver/Inc/stm32wb0x_ll_bus.h:414:22:LL_APB0_GRP1_DisableClock	0	static
../../../../../../../Drivers/STM32WB0x_HAL_Driver/Inc/stm32wb0x_ll_bus.h:537:26:LL_APB1_GRP1_IsEnabledClock	0	static
../../../../../../../Drivers/STM32WB0x_HAL_Driver/Inc/stm32wb0x_ll_bus.h:659:26:LL_APB2_GRP1_IsEnabledClock	0	static
C:/WB0/STM32Cube_FW_WB0_V1.1.0/Projects/NUCLEO-WB09KE/Applications/BLE/BLE_PAwR_Broadcaster/System/Startup/device_context_switch.c:60:13:APB0periphContextSave	8	static
C:/WB0/STM32Cube_FW_WB0_V1.1.0/Projects/NUCLEO-WB09KE/Applications/BLE/BLE_PAwR_Broadcaster/System/Startup/device_context_switch.c:110:13:APB1periphContextSave	8	static
C:/WB0/STM32Cube_FW_WB0_V1.1.0/Projects/NUCLEO-WB09KE/Applications/BLE/BLE_PAwR_Broadcaster/System/Startup/device_context_switch.c:166:13:APB2periphContextSave	8	static
C:/WB0/STM32Cube_FW_WB0_V1.1.0/Projects/NUCLEO-WB09KE/Applications/BLE/BLE_PAwR_Broadcaster/System/Startup/device_context_switch.c:181:13:AHB0periphContextSave	8	static
C:/WB0/STM32Cube_FW_WB0_V1.1.0/Projects/NUCLEO-WB09KE/Applications/BLE/BLE_PAwR_Broadcaster/System/Startup/device_context_switch.c:225:13:cstackContextSave	0	static
C:/WB0/STM32Cube_FW_WB0_V1.1.0/Projects/NUCLEO-WB09KE/Applications/BLE/BLE_PAwR_Broadcaster/System/Startup/device_context_switch.c:247:13:cpuPeriphContextSave	12	static
C:/WB0/STM32Cube_FW_WB0_V1.1.0/Projects/NUCLEO-WB09KE/Applications/BLE/BLE_PAwR_Broadcaster/System/Startup/device_context_switch.c:267:13:APB0periphContextRestore	16	static
C:/WB0/STM32Cube_FW_WB0_V1.1.0/Projects/NUCLEO-WB09KE/Applications/BLE/BLE_PAwR_Broadcaster/System/Startup/device_context_switch.c:326:13:APB1periphContextRestore	16	static
C:/WB0/STM32Cube_FW_WB0_V1.1.0/Projects/NUCLEO-WB09KE/Applications/BLE/BLE_PAwR_Broadcaster/System/Startup/device_context_switch.c:415:13:APB2periphContextRestore	8	static
C:/WB0/STM32Cube_FW_WB0_V1.1.0/Projects/NUCLEO-WB09KE/Applications/BLE/BLE_PAwR_Broadcaster/System/Startup/device_context_switch.c:433:13:AHB0periphContextRestore	8	static
C:/WB0/STM32Cube_FW_WB0_V1.1.0/Projects/NUCLEO-WB09KE/Applications/BLE/BLE_PAwR_Broadcaster/System/Startup/device_context_switch.c:492:13:cstackContextRestore	0	static
C:/WB0/STM32Cube_FW_WB0_V1.1.0/Projects/NUCLEO-WB09KE/Applications/BLE/BLE_PAwR_Broadcaster/System/Startup/device_context_switch.c:514:13:cpuPeriphContextRestore	12	static
C:/WB0/STM32Cube_FW_WB0_V1.1.0/Projects/NUCLEO-WB09KE/Applications/BLE/BLE_PAwR_Broadcaster/System/Startup/device_context_switch.c:537:6:prepareDeviceLowPower	16	static
C:/WB0/STM32Cube_FW_WB0_V1.1.0/Projects/NUCLEO-WB09KE/Applications/BLE/BLE_PAwR_Broadcaster/System/Startup/device_context_switch.c:570:6:restoreDeviceLowPower	24	static
