C:/WB0/STM32Cube_FW_WB0_V1.1.0/Projects/NUCLEO-WB09KE/Applications/BLE/BLE_PAwR_Broadcaster/System/Modules/PKAMGR/Src/pka_manager.c:89:21:PKAMGR_Init	8	static
C:/WB0/STM32Cube_FW_WB0_V1.1.0/Projects/NUCLEO-WB09KE/Applications/BLE/BLE_PAwR_Broadcaster/System/Modules/PKAMGR/Src/pka_manager.c:96:21:PKAMGR_Deinit	8	static
C:/WB0/STM32Cube_FW_WB0_V1.1.0/Projects/NUCLEO-WB09KE/Applications/BLE/BLE_PAwR_Broadcaster/System/Modules/PKAMGR/Src/pka_manager.c:103:21:PKAMGR_SleepCheck	16	static
C:/WB0/STM32Cube_FW_WB0_V1.1.0/Projects/NUCLEO-WB09KE/Applications/BLE/BLE_PAwR_Broadcaster/System/Modules/PKAMGR/Src/pka_manager.c:113:21:PKAMGR_Lock	24	static,ignoring_inline_asm
C:/WB0/STM32Cube_FW_WB0_V1.1.0/Projects/NUCLEO-WB09KE/Applications/BLE/BLE_PAwR_Broadcaster/System/Modules/PKAMGR/Src/pka_manager.c:133:21:PKAMGR_Unlock	24	static,ignoring_inline_asm
C:/WB0/STM32Cube_FW_WB0_V1.1.0/Projects/NUCLEO-WB09KE/Applications/BLE/BLE_PAwR_Broadcaster/System/Modules/PKAMGR/Src/pka_manager.c:153:21:PKAMGR_StartP256PublicKeyGeneration	16	static
C:/WB0/STM32Cube_FW_WB0_V1.1.0/Projects/NUCLEO-WB09KE/Applications/BLE/BLE_PAwR_Broadcaster/System/Modules/PKAMGR/Src/pka_manager.c:158:13:PKAMGR_IRQCallback	8	static
