../../../../../../../Drivers/STM32WB0x_HAL_Driver/Inc/stm32wb0x_ll_radio.h:861:22:LL_RADIO_SetRadioConfigurationAddressPointer	16	static
../../../../../../../Drivers/STM32WB0x_HAL_Driver/Inc/stm32wb0x_ll_radio.h:935:22:LL_RADIO_SetWakeupInitDelay	16	static
../../../../../../../Drivers/STM32WB0x_HAL_Driver/Inc/stm32wb0x_ll_radio.h:955:22:LL_RADIO_SetTimer12InitDelayCal	16	static
../../../../../../../Drivers/STM32WB0x_HAL_Driver/Inc/stm32wb0x_ll_radio.h:979:22:LL_RADIO_SetTimer12InitDelayNoCal	16	static
../../../../../../../Drivers/STM32WB0x_HAL_Driver/Inc/stm32wb0x_ll_radio.h:1001:22:LL_RADIO_SetTransmitCalDelayChk	16	static
../../../../../../../Drivers/STM32WB0x_HAL_Driver/Inc/stm32wb0x_ll_radio.h:1023:22:LL_RADIO_SetTransmitNoCalDelayChk	16	static
../../../../../../../Drivers/STM32WB0x_HAL_Driver/Inc/stm32wb0x_ll_radio.h:1047:22:LL_RADIO_SetReceivedCalDelayChk	16	static
../../../../../../../Drivers/STM32WB0x_HAL_Driver/Inc/stm32wb0x_ll_radio.h:1070:22:LL_RADIO_SetReceivedNoCalDelayChk	16	static
../../../../../../../Drivers/STM32WB0x_HAL_Driver/Inc/stm32wb0x_ll_radio.h:1094:22:LL_RADIO_SetConfigurationEndDuration	16	static
../../../../../../../Drivers/STM32WB0x_HAL_Driver/Inc/stm32wb0x_ll_radio.h:1118:22:LL_RADIO_SetTxDataReadyCheck	16	static
../../../../../../../Drivers/STM32WB0x_HAL_Driver/Inc/stm32wb0x_ll_radio.h:1141:22:LL_RADIO_SetTxDelayStart	16	static
../../../../../../../Drivers/STM32WB0x_HAL_Driver/Inc/stm32wb0x_ll_radio.h:1164:22:LL_RADIO_SetTxDelayEnd	16	static
../../../../../../../Drivers/STM32WB0x_HAL_Driver/Inc/stm32wb0x_ll_radio.h:1235:22:LL_RADIO_SetTransmissionReadyTimeout	16	static
../../../../../../../Drivers/STM32WB0x_HAL_Driver/Inc/stm32wb0x_ll_radio.h:1281:22:LL_RADIO_ChkFlagAutoclearEnable_Enable	8	static
../../../../../../../Drivers/STM32WB0x_HAL_Driver/Inc/stm32wb0x_ll_radio.h:1312:22:LL_RADIO_NoActiveLErrorInterrupt_Enable	8	static
../../../../../../../Drivers/STM32WB0x_HAL_Driver/Inc/stm32wb0x_ll_radio.h:1342:22:LL_RADIO_TxRxSkipInterrupt_Enable	8	static
../../../../../../../Drivers/STM32WB0x_HAL_Driver/Inc/stm32wb0x_ll_radio.h:1372:22:LL_RADIO_Active2ErrorInterrupt_Enable	8	static
../../../../../../../Drivers/STM32WB0x_HAL_Driver/Inc/stm32wb0x_ll_radio.h:1405:22:LL_RADIO_SetDefaultAntennaID	16	static
../../../../../../../Drivers/STM32WB0x_HAL_Driver/Inc/stm32wb0x_ll_radio_timer.h:99:22:LL_RADIO_TIMER_DisableTimer1	16	static
../../../../../../../Drivers/STM32WB0x_HAL_Driver/Inc/stm32wb0x_ll_radio_timer.h:132:22:LL_RADIO_TIMER_DisableTimer2	16	static
../../../../../../../Drivers/STM32WB0x_HAL_Driver/Inc/stm32wb0x_ll_radio_timer.h:207:22:LL_RADIO_TIMER_DisableBLEWakeupTimer	16	static
C:/WB0/STM32Cube_FW_WB0_V1.1.0/Drivers/STM32WB0x_HAL_Driver/Src/stm32wb0x_hal_radio.c:223:6:HAL_RADIO_Init	64	static
C:/WB0/STM32Cube_FW_WB0_V1.1.0/Drivers/STM32WB0x_HAL_Driver/Src/stm32wb0x_hal_radio.c:423:8:HAL_RADIO_ReadRSSI	32	static
C:/WB0/STM32Cube_FW_WB0_V1.1.0/Drivers/STM32WB0x_HAL_Driver/Src/stm32wb0x_hal_radio.c:1749:13:HAL_RADIO_TxRxCallback	16	static
C:/WB0/STM32Cube_FW_WB0_V1.1.0/Drivers/STM32WB0x_HAL_Driver/Src/stm32wb0x_hal_radio.c:1754:13:HAL_RADIO_TxRxSeqCallback	8	static
C:/WB0/STM32Cube_FW_WB0_V1.1.0/Drivers/STM32WB0x_HAL_Driver/Src/stm32wb0x_hal_radio.c:1758:6:HAL_RADIO_TXRX_IRQHandler	16	static
C:/WB0/STM32Cube_FW_WB0_V1.1.0/Drivers/STM32WB0x_HAL_Driver/Src/stm32wb0x_hal_radio.c:1785:6:HAL_RADIO_TXRX_SEQ_IRQHandler	8	static
