../../../../../../../Drivers/CMSIS/Include/core_cm0plus.h:741:22:__NVIC_EnableIRQ	16	static,ignoring_inline_asm
../../../../../../../Drivers/STM32WB0x_HAL_Driver/Inc/stm32wb0x_ll_radio_timer.h:88:22:LL_RADIO_TIMER_EnableTimer1	16	static
../../../../../../../Drivers/STM32WB0x_HAL_Driver/Inc/stm32wb0x_ll_radio_timer.h:99:22:LL_RADIO_TIMER_DisableTimer1	16	static
../../../../../../../Drivers/STM32WB0x_HAL_Driver/Inc/stm32wb0x_ll_radio_timer.h:110:26:LL_RADIO_TIMER_IsEnabledTimer1	16	static
../../../../../../../Drivers/STM32WB0x_HAL_Driver/Inc/stm32wb0x_ll_radio_timer.h:132:22:LL_RADIO_TIMER_DisableTimer2	16	static
../../../../../../../Drivers/STM32WB0x_HAL_Driver/Inc/stm32wb0x_ll_radio_timer.h:143:26:LL_RADIO_TIMER_IsEnabledTimer2	16	static
../../../../../../../Drivers/STM32WB0x_HAL_Driver/Inc/stm32wb0x_ll_radio_timer.h:155:22:LL_RADIO_TIMER_SetTimeout	16	static
../../../../../../../Drivers/STM32WB0x_HAL_Driver/Inc/stm32wb0x_ll_radio_timer.h:166:26:LL_RADIO_TIMER_GetTimeout	16	static
../../../../../../../Drivers/STM32WB0x_HAL_Driver/Inc/stm32wb0x_ll_radio_timer.h:196:22:LL_RADIO_TIMER_EnableBLEWakeupTimer	16	static
../../../../../../../Drivers/STM32WB0x_HAL_Driver/Inc/stm32wb0x_ll_radio_timer.h:207:22:LL_RADIO_TIMER_DisableBLEWakeupTimer	16	static
../../../../../../../Drivers/STM32WB0x_HAL_Driver/Inc/stm32wb0x_ll_radio_timer.h:218:26:LL_RADIO_TIMER_IsEnabledBLEWakeupTimer	16	static
../../../../../../../Drivers/STM32WB0x_HAL_Driver/Inc/stm32wb0x_ll_radio_timer.h:229:22:LL_RADIO_TIMER_EnableCPUWakeupTimer	16	static
../../../../../../../Drivers/STM32WB0x_HAL_Driver/Inc/stm32wb0x_ll_radio_timer.h:240:22:LL_RADIO_TIMER_DisableCPUWakeupTimer	16	static
../../../../../../../Drivers/STM32WB0x_HAL_Driver/Inc/stm32wb0x_ll_radio_timer.h:262:22:LL_RADIO_TIMER_SetWakeupOffset	16	static
../../../../../../../Drivers/STM32WB0x_HAL_Driver/Inc/stm32wb0x_ll_radio_timer.h:283:22:LL_RADIO_TIMER_SetBLEWakeupTime	16	static
../../../../../../../Drivers/STM32WB0x_HAL_Driver/Inc/stm32wb0x_ll_radio_timer.h:293:26:LL_RADIO_TIMER_GetBLEWakeupTime	16	static
../../../../../../../Drivers/STM32WB0x_HAL_Driver/Inc/stm32wb0x_ll_radio_timer.h:305:22:LL_RADIO_TIMER_SetCPUWakeupTime	16	static
../../../../../../../Drivers/STM32WB0x_HAL_Driver/Inc/stm32wb0x_ll_radio_timer.h:325:26:LL_RADIO_TIMER_GetAbsoluteTime	16	static
../../../../../../../Drivers/STM32WB0x_HAL_Driver/Inc/stm32wb0x_ll_radio_timer.h:345:22:LL_RADIO_TIMER_EnableWakeupTimerLowPowerMode	16	static
../../../../../../../Drivers/STM32WB0x_HAL_Driver/Inc/stm32wb0x_ll_radio_timer.h:445:22:LL_RADIO_TIMER_SetSleepRequestMode	16	static
../../../../../../../Drivers/STM32WB0x_HAL_Driver/Inc/stm32wb0x_ll_radio_timer.h:516:22:LL_RADIO_TIMER_EnableCPUWakeupIT	16	static
../../../../../../../Drivers/STM32WB0x_HAL_Driver/Inc/stm32wb0x_ll_radio_timer.h:590:22:LL_RADIO_TIMER_ClearFlag_CPUWakeup	16	static
../../../../../../../Drivers/STM32WB0x_HAL_Driver/Inc/stm32wb0x_ll_radio_timer.h:601:26:LL_RADIO_TIMER_IsActiveFlag_CPUWakeup	16	static
../../../../../../../Drivers/STM32WB0x_HAL_Driver/Inc/stm32wb0x_ll_radio_timer.h:620:22:LL_RADIO_TIMER_SetLSIWindowCalibrationLength	16	static
../../../../../../../Drivers/STM32WB0x_HAL_Driver/Inc/stm32wb0x_ll_radio_timer.h:640:22:LL_RADIO_TIMER_StartLSICalibration	16	static
../../../../../../../Drivers/STM32WB0x_HAL_Driver/Inc/stm32wb0x_ll_radio_timer.h:650:26:LL_RADIO_TIMER_GetLSIPeriod	16	static
../../../../../../../Drivers/STM32WB0x_HAL_Driver/Inc/stm32wb0x_ll_radio_timer.h:660:26:LL_RADIO_TIMER_GetLSIFrequency	16	static
../../../../../../../Drivers/STM32WB0x_HAL_Driver/Inc/stm32wb0x_ll_radio_timer.h:700:22:LL_RADIO_TIMER_ClearFlag_LSICalibrationEnded	16	static
../../../../../../../Drivers/STM32WB0x_HAL_Driver/Inc/stm32wb0x_ll_radio_timer.h:710:26:LL_RADIO_TIMER_IsActiveFlag_LSICalibrationEnded	16	static
C:/WB0/STM32Cube_FW_WB0_V1.1.0/Drivers/STM32WB0x_HAL_Driver/Src/stm32wb0x_hal_radio_timer.c:302:6:HAL_RADIO_TIMER_Init	32	static
C:/WB0/STM32Cube_FW_WB0_V1.1.0/Drivers/STM32WB0x_HAL_Driver/Src/stm32wb0x_hal_radio_timer.c:388:6:HAL_RADIO_TIMER_Tick	80	static,ignoring_inline_asm
C:/WB0/STM32Cube_FW_WB0_V1.1.0/Drivers/STM32WB0x_HAL_Driver/Src/stm32wb0x_hal_radio_timer.c:502:20:HAL_RADIO_TIMER_GetRadioTimerStatus	24	static
C:/WB0/STM32Cube_FW_WB0_V1.1.0/Drivers/STM32WB0x_HAL_Driver/Src/stm32wb0x_hal_radio_timer.c:524:10:HAL_RADIO_TIMER_GetAnchorPoint	16	static
C:/WB0/STM32Cube_FW_WB0_V1.1.0/Drivers/STM32WB0x_HAL_Driver/Src/stm32wb0x_hal_radio_timer.c:533:17:HAL_RADIO_TIMER_PowerSaveLevelCheck	64	static
C:/WB0/STM32Cube_FW_WB0_V1.1.0/Drivers/STM32WB0x_HAL_Driver/Src/stm32wb0x_hal_radio_timer.c:607:10:HAL_RADIO_TIMER_SetRadioTimerValue	40	static
C:/WB0/STM32Cube_FW_WB0_V1.1.0/Drivers/STM32WB0x_HAL_Driver/Src/stm32wb0x_hal_radio_timer.c:671:10:HAL_RADIO_TIMER_SetRadioTimerRelativeUsValue	40	static
C:/WB0/STM32Cube_FW_WB0_V1.1.0/Drivers/STM32WB0x_HAL_Driver/Src/stm32wb0x_hal_radio_timer.c:741:9:HAL_RADIO_TIMER_GetRadioTimerValue	16	static
C:/WB0/STM32Cube_FW_WB0_V1.1.0/Drivers/STM32WB0x_HAL_Driver/Src/stm32wb0x_hal_radio_timer.c:754:10:HAL_RADIO_TIMER_ClearRadioTimerValue	48	static,ignoring_inline_asm
C:/WB0/STM32Cube_FW_WB0_V1.1.0/Drivers/STM32WB0x_HAL_Driver/Src/stm32wb0x_hal_radio_timer.c:804:6:HAL_RADIO_TIMER_SetRadioCloseTimeout	24	static,ignoring_inline_asm
C:/WB0/STM32Cube_FW_WB0_V1.1.0/Drivers/STM32WB0x_HAL_Driver/Src/stm32wb0x_hal_radio_timer.c:819:6:HAL_RADIO_TIMER_RadioTimerIsr	8	static
C:/WB0/STM32Cube_FW_WB0_V1.1.0/Drivers/STM32WB0x_HAL_Driver/Src/stm32wb0x_hal_radio_timer.c:833:6:HAL_RADIO_TIMER_EndOfRadioActivityIsr	8	static
C:/WB0/STM32Cube_FW_WB0_V1.1.0/Drivers/STM32WB0x_HAL_Driver/Src/stm32wb0x_hal_radio_timer.c:845:10:HAL_RADIO_TIMER_UsToSystime	16	static
C:/WB0/STM32Cube_FW_WB0_V1.1.0/Drivers/STM32WB0x_HAL_Driver/Src/stm32wb0x_hal_radio_timer.c:858:10:HAL_RADIO_TIMER_MachineTimeToSysTime	16	static
C:/WB0/STM32Cube_FW_WB0_V1.1.0/Drivers/STM32WB0x_HAL_Driver/Src/stm32wb0x_hal_radio_timer.c:869:10:HAL_RADIO_TIMER_GetCurrentSysTime	16	static
C:/WB0/STM32Cube_FW_WB0_V1.1.0/Drivers/STM32WB0x_HAL_Driver/Src/stm32wb0x_hal_radio_timer.c:881:10:HAL_RADIO_TIMER_AddSysTimeMs	40	static
C:/WB0/STM32Cube_FW_WB0_V1.1.0/Drivers/STM32WB0x_HAL_Driver/Src/stm32wb0x_hal_radio_timer.c:894:9:HAL_RADIO_TIMER_DiffSysTimeMs	48	static
C:/WB0/STM32Cube_FW_WB0_V1.1.0/Drivers/STM32WB0x_HAL_Driver/Src/stm32wb0x_hal_radio_timer.c:908:10:HAL_RADIO_TIMER_StartVirtualTimer	48	static
C:/WB0/STM32Cube_FW_WB0_V1.1.0/Drivers/STM32WB0x_HAL_Driver/Src/stm32wb0x_hal_radio_timer.c:926:10:HAL_RADIO_TIMER_StartVirtualTimerSysTime	40	static
C:/WB0/STM32Cube_FW_WB0_V1.1.0/Drivers/STM32WB0x_HAL_Driver/Src/stm32wb0x_hal_radio_timer.c:940:6:HAL_RADIO_TIMER_StopVirtualTimer	48	static,ignoring_inline_asm
C:/WB0/STM32Cube_FW_WB0_V1.1.0/Drivers/STM32WB0x_HAL_Driver/Src/stm32wb0x_hal_radio_timer.c:965:10:HAL_RADIO_TIMER_ExpiryTime	16	static
C:/WB0/STM32Cube_FW_WB0_V1.1.0/Drivers/STM32WB0x_HAL_Driver/Src/stm32wb0x_hal_radio_timer.c:997:6:HAL_RADIO_TIMER_TimeoutCallback	16	static
C:/WB0/STM32Cube_FW_WB0_V1.1.0/Drivers/STM32WB0x_HAL_Driver/Src/stm32wb0x_hal_radio_timer.c:1017:10:HAL_RADIO_TIMER_GetPendingTimers	16	static
C:/WB0/STM32Cube_FW_WB0_V1.1.0/Drivers/STM32WB0x_HAL_Driver/Src/stm32wb0x_hal_radio_timer.c:1037:10:HAL_RADIO_TIMER_GetSysTime64	32	static
C:/WB0/STM32Cube_FW_WB0_V1.1.0/Drivers/STM32WB0x_HAL_Driver/Src/stm32wb0x_hal_radio_timer.c:1053:10:HAL_RADIO_TIMER_GetFutureSysTime64	72	static
C:/WB0/STM32Cube_FW_WB0_V1.1.0/Drivers/STM32WB0x_HAL_Driver/Src/stm32wb0x_hal_radio_timer.c:1079:13:_calibrationProcedure	8	static
C:/WB0/STM32Cube_FW_WB0_V1.1.0/Drivers/STM32WB0x_HAL_Driver/Src/stm32wb0x_hal_radio_timer.c:1096:13:_timer_start_calibration	8	static
C:/WB0/STM32Cube_FW_WB0_V1.1.0/Drivers/STM32WB0x_HAL_Driver/Src/stm32wb0x_hal_radio_timer.c:1104:13:_timer_calibrate	16	static
C:/WB0/STM32Cube_FW_WB0_V1.1.0/Drivers/STM32WB0x_HAL_Driver/Src/stm32wb0x_hal_radio_timer.c:1111:13:_get_calibration_data	48	static
C:/WB0/STM32Cube_FW_WB0_V1.1.0/Drivers/STM32WB0x_HAL_Driver/Src/stm32wb0x_hal_radio_timer.c:1147:13:_configureTxRxDelay	32	static
C:/WB0/STM32Cube_FW_WB0_V1.1.0/Drivers/STM32WB0x_HAL_Driver/Src/stm32wb0x_hal_radio_timer.c:1167:17:_us_to_systime	24	static
C:/WB0/STM32Cube_FW_WB0_V1.1.0/Drivers/STM32WB0x_HAL_Driver/Src/stm32wb0x_hal_radio_timer.c:1175:17:_us_to_machinetime	48	static
C:/WB0/STM32Cube_FW_WB0_V1.1.0/Drivers/STM32WB0x_HAL_Driver/Src/stm32wb0x_hal_radio_timer.c:1183:13:_update_xtal_startup_time	24	static
C:/WB0/STM32Cube_FW_WB0_V1.1.0/Drivers/STM32WB0x_HAL_Driver/Src/stm32wb0x_hal_radio_timer.c:1199:13:_calibration_callback	16	static
C:/WB0/STM32Cube_FW_WB0_V1.1.0/Drivers/STM32WB0x_HAL_Driver/Src/stm32wb0x_hal_radio_timer.c:1208:16:_start_timer	48	static,ignoring_inline_asm
C:/WB0/STM32Cube_FW_WB0_V1.1.0/Drivers/STM32WB0x_HAL_Driver/Src/stm32wb0x_hal_radio_timer.c:1232:17:_get_system_time_and_machine	56	static,ignoring_inline_asm
C:/WB0/STM32Cube_FW_WB0_V1.1.0/Drivers/STM32WB0x_HAL_Driver/Src/stm32wb0x_hal_radio_timer.c:1253:27:_update_user_timeout	56	static,ignoring_inline_asm
C:/WB0/STM32Cube_FW_WB0_V1.1.0/Drivers/STM32WB0x_HAL_Driver/Src/stm32wb0x_hal_radio_timer.c:1318:17:VTIMER_SetWakeupTime	24	static
C:/WB0/STM32Cube_FW_WB0_V1.1.0/Drivers/STM32WB0x_HAL_Driver/Src/stm32wb0x_hal_radio_timer.c:1334:27:_insert_timer_in_queue	32	static
C:/WB0/STM32Cube_FW_WB0_V1.1.0/Drivers/STM32WB0x_HAL_Driver/Src/stm32wb0x_hal_radio_timer.c:1361:13:_virtualTimeBaseEnable	16	static
C:/WB0/STM32Cube_FW_WB0_V1.1.0/Drivers/STM32WB0x_HAL_Driver/Src/stm32wb0x_hal_radio_timer.c:1378:27:_remove_timer_in_queue	32	static
C:/WB0/STM32Cube_FW_WB0_V1.1.0/Drivers/STM32WB0x_HAL_Driver/Src/stm32wb0x_hal_radio_timer.c:1408:27:_check_callbacks	48	static
C:/WB0/STM32Cube_FW_WB0_V1.1.0/Drivers/STM32WB0x_HAL_Driver/Src/stm32wb0x_hal_radio_timer.c:1453:13:_updateCalibrationData	24	static,ignoring_inline_asm
C:/WB0/STM32Cube_FW_WB0_V1.1.0/Drivers/STM32WB0x_HAL_Driver/Src/stm32wb0x_hal_radio_timer.c:1470:13:_update_system_time	48	static
C:/WB0/STM32Cube_FW_WB0_V1.1.0/Drivers/STM32WB0x_HAL_Driver/Src/stm32wb0x_hal_radio_timer.c:1501:13:_check_radio_activity	56	static,ignoring_inline_asm
C:/WB0/STM32Cube_FW_WB0_V1.1.0/Drivers/STM32WB0x_HAL_Driver/Src/stm32wb0x_hal_radio_timer.c:1624:16:TIMER_SetRadioTimerValue	48	static
C:/WB0/STM32Cube_FW_WB0_V1.1.0/Drivers/STM32WB0x_HAL_Driver/Src/stm32wb0x_hal_radio_timer.c:1716:17:TIMER_GetPastSysTime	32	static
C:/WB0/STM32Cube_FW_WB0_V1.1.0/Drivers/STM32WB0x_HAL_Driver/Src/stm32wb0x_hal_radio_timer.c:1731:13:TIMER_SleepCheck	8	static
C:/WB0/STM32Cube_FW_WB0_V1.1.0/Drivers/STM32WB0x_HAL_Driver/Src/stm32wb0x_hal_radio_timer.c:1745:16:TIMER_GetRadioTimerValue	16	static
C:/WB0/STM32Cube_FW_WB0_V1.1.0/Drivers/STM32WB0x_HAL_Driver/Src/stm32wb0x_hal_radio_timer.c:1768:13:HAL_RADIO_TIMER_CpuWakeUpCallback	8	static
C:/WB0/STM32Cube_FW_WB0_V1.1.0/Drivers/STM32WB0x_HAL_Driver/Src/stm32wb0x_hal_radio_timer.c:1773:13:HAL_RADIO_TIMER_TxRxWakeUpCallback	8	static
C:/WB0/STM32Cube_FW_WB0_V1.1.0/Drivers/STM32WB0x_HAL_Driver/Src/stm32wb0x_hal_radio_timer.c:1777:6:HAL_RADIO_TIMER_CPU_WKUP_IRQHandler	8	static
C:/WB0/STM32Cube_FW_WB0_V1.1.0/Drivers/STM32WB0x_HAL_Driver/Src/stm32wb0x_hal_radio_timer.c:1784:6:HAL_RADIO_TIMER_TXRX_WKUP_IRQHandler	8	static
C:/WB0/STM32Cube_FW_WB0_V1.1.0/Drivers/STM32WB0x_HAL_Driver/Src/stm32wb0x_hal_radio_timer.c:1792:6:HAL_RADIO_TIMER_ERROR_IRQHandler	16	static
