C:/WB0/STM32Cube_FW_WB0_V1.1.0/Drivers/STM32WB0x_HAL_Driver/Src/stm32wb0x_hal_uart_ex.c:168:19:HAL_RS485Ex_Init	32	static
C:/WB0/STM32Cube_FW_WB0_V1.1.0/Drivers/STM32WB0x_HAL_Driver/Src/stm32wb0x_hal_uart_ex.c:282:13:HAL_UARTEx_WakeupCallback	16	static
C:/WB0/STM32Cube_FW_WB0_V1.1.0/Drivers/STM32WB0x_HAL_Driver/Src/stm32wb0x_hal_uart_ex.c:299:13:HAL_UARTEx_RxFifoFullCallback	16	static
C:/WB0/STM32Cube_FW_WB0_V1.1.0/Drivers/STM32WB0x_HAL_Driver/Src/stm32wb0x_hal_uart_ex.c:314:13:HAL_UARTEx_TxFifoEmptyCallback	16	static
C:/WB0/STM32Cube_FW_WB0_V1.1.0/Drivers/STM32WB0x_HAL_Driver/Src/stm32wb0x_hal_uart_ex.c:401:19:HAL_MultiProcessorEx_AddressLength_Set	16	static
C:/WB0/STM32Cube_FW_WB0_V1.1.0/Drivers/STM32WB0x_HAL_Driver/Src/stm32wb0x_hal_uart_ex.c:440:19:HAL_UARTEx_StopModeWakeUpSourceConfig	40	static
C:/WB0/STM32Cube_FW_WB0_V1.1.0/Drivers/STM32WB0x_HAL_Driver/Src/stm32wb0x_hal_uart_ex.c:497:19:HAL_UARTEx_EnableStopMode	32	static,ignoring_inline_asm
C:/WB0/STM32Cube_FW_WB0_V1.1.0/Drivers/STM32WB0x_HAL_Driver/Src/stm32wb0x_hal_uart_ex.c:516:19:HAL_UARTEx_DisableStopMode	32	static,ignoring_inline_asm
C:/WB0/STM32Cube_FW_WB0_V1.1.0/Drivers/STM32WB0x_HAL_Driver/Src/stm32wb0x_hal_uart_ex.c:536:19:HAL_UARTEx_EnableFifoMode	24	static
C:/WB0/STM32Cube_FW_WB0_V1.1.0/Drivers/STM32WB0x_HAL_Driver/Src/stm32wb0x_hal_uart_ex.c:577:19:HAL_UARTEx_DisableFifoMode	24	static
C:/WB0/STM32Cube_FW_WB0_V1.1.0/Drivers/STM32WB0x_HAL_Driver/Src/stm32wb0x_hal_uart_ex.c:623:19:HAL_UARTEx_SetTxFifoThreshold	24	static
C:/WB0/STM32Cube_FW_WB0_V1.1.0/Drivers/STM32WB0x_HAL_Driver/Src/stm32wb0x_hal_uart_ex.c:672:19:HAL_UARTEx_SetRxFifoThreshold	24	static
C:/WB0/STM32Cube_FW_WB0_V1.1.0/Drivers/STM32WB0x_HAL_Driver/Src/stm32wb0x_hal_uart_ex.c:734:19:HAL_UARTEx_ReceiveToIdle	40	static
C:/WB0/STM32Cube_FW_WB0_V1.1.0/Drivers/STM32WB0x_HAL_Driver/Src/stm32wb0x_hal_uart_ex.c:873:19:HAL_UARTEx_ReceiveToIdle_IT	48	static,ignoring_inline_asm
C:/WB0/STM32Cube_FW_WB0_V1.1.0/Drivers/STM32WB0x_HAL_Driver/Src/stm32wb0x_hal_uart_ex.c:947:19:HAL_UARTEx_ReceiveToIdle_DMA	56	static,ignoring_inline_asm
C:/WB0/STM32Cube_FW_WB0_V1.1.0/Drivers/STM32WB0x_HAL_Driver/Src/stm32wb0x_hal_uart_ex.c:1027:29:HAL_UARTEx_GetRxEventType	16	static
C:/WB0/STM32Cube_FW_WB0_V1.1.0/Drivers/STM32WB0x_HAL_Driver/Src/stm32wb0x_hal_uart_ex.c:1052:13:UARTEx_Wakeup_AddressConfig	24	static
C:/WB0/STM32Cube_FW_WB0_V1.1.0/Drivers/STM32WB0x_HAL_Driver/Src/stm32wb0x_hal_uart_ex.c:1071:13:UARTEx_SetNbDataToProcess	40	static
