C:/WB0/STM32Cube_FW_WB0_V1.1.0/Projects/NUCLEO-WB09KE/Applications/BLE/BLE_PAwR_Broadcaster/System/Modules/NVMDB/Src/nvm_db.c:388:23:NVMDB_get_info	24	static
C:/WB0/STM32Cube_FW_WB0_V1.1.0/Projects/NUCLEO-WB09KE/Applications/BLE/BLE_PAwR_Broadcaster/System/Modules/NVMDB/Src/nvm_db.c:433:23:NextRecordNoLock	32	static
C:/WB0/STM32Cube_FW_WB0_V1.1.0/Projects/NUCLEO-WB09KE/Applications/BLE/BLE_PAwR_Broadcaster/System/Modules/NVMDB/Src/nvm_db.c:554:23:ReadNextRecordNoLock	64	static
C:/WB0/STM32Cube_FW_WB0_V1.1.0/Projects/NUCLEO-WB09KE/Applications/BLE/BLE_PAwR_Broadcaster/System/Modules/NVMDB/Src/nvm_db.c:591:16:NVMDB_TimeCheck	16	static
C:/WB0/STM32Cube_FW_WB0_V1.1.0/Projects/NUCLEO-WB09KE/Applications/BLE/BLE_PAwR_Broadcaster/System/Modules/NVMDB/Src/nvm_db.c:597:13:write_data	48	static
C:/WB0/STM32Cube_FW_WB0_V1.1.0/Projects/NUCLEO-WB09KE/Applications/BLE/BLE_PAwR_Broadcaster/System/Modules/NVMDB/Src/nvm_db.c:617:23:WriteRecord	48	static
C:/WB0/STM32Cube_FW_WB0_V1.1.0/Projects/NUCLEO-WB09KE/Applications/BLE/BLE_PAwR_Broadcaster/System/Modules/NVMDB/Src/nvm_db.c:660:5:NVMDB_CompareCurrentRecord	32	static
C:/WB0/STM32Cube_FW_WB0_V1.1.0/Projects/NUCLEO-WB09KE/Applications/BLE/BLE_PAwR_Broadcaster/System/Modules/NVMDB/Src/nvm_db.c:738:23:ReadCurrentRecordNoLock	40	static
C:/WB0/STM32Cube_FW_WB0_V1.1.0/Projects/NUCLEO-WB09KE/Applications/BLE/BLE_PAwR_Broadcaster/System/Modules/NVMDB/Src/nvm_db.c:813:23:InvalidateRecord	24	static
C:/WB0/STM32Cube_FW_WB0_V1.1.0/Projects/NUCLEO-WB09KE/Applications/BLE/BLE_PAwR_Broadcaster/System/Modules/NVMDB/Src/nvm_db.c:841:23:NVMDB_DeleteRecordNoCache	32	static
C:/WB0/STM32Cube_FW_WB0_V1.1.0/Projects/NUCLEO-WB09KE/Applications/BLE/BLE_PAwR_Broadcaster/System/Modules/NVMDB/Src/nvm_db.c:872:13:ErasePage	40	static
C:/WB0/STM32Cube_FW_WB0_V1.1.0/Projects/NUCLEO-WB09KE/Applications/BLE/BLE_PAwR_Broadcaster/System/Modules/NVMDB/Src/nvm_db.c:882:13:WriteBufferToFlash	32	static
C:/WB0/STM32Cube_FW_WB0_V1.1.0/Projects/NUCLEO-WB09KE/Applications/BLE/BLE_PAwR_Broadcaster/System/Modules/NVMDB/Src/nvm_db.c:901:13:InitReadState	16	static
C:/WB0/STM32Cube_FW_WB0_V1.1.0/Projects/NUCLEO-WB09KE/Applications/BLE/BLE_PAwR_Broadcaster/System/Modules/NVMDB/Src/nvm_db.c:912:23:LoadDBToRAM	72	static
C:/WB0/STM32Cube_FW_WB0_V1.1.0/Projects/NUCLEO-WB09KE/Applications/BLE/BLE_PAwR_Broadcaster/System/Modules/NVMDB/Src/nvm_db.c:989:34:CleanLargeDB	2144	static
C:/WB0/STM32Cube_FW_WB0_V1.1.0/Projects/NUCLEO-WB09KE/Applications/BLE/BLE_PAwR_Broadcaster/System/Modules/NVMDB/Src/nvm_db.c:1172:34:CleanPage	2128	static
C:/WB0/STM32Cube_FW_WB0_V1.1.0/Projects/NUCLEO-WB09KE/Applications/BLE/BLE_PAwR_Broadcaster/System/Modules/NVMDB/Src/nvm_db.c:1264:16:GetDBType	40	static
C:/WB0/STM32Cube_FW_WB0_V1.1.0/Projects/NUCLEO-WB09KE/Applications/BLE/BLE_PAwR_Broadcaster/System/Modules/NVMDB/Src/nvm_db.c:1459:34:EraseSmallDB	2128	static
C:/WB0/STM32Cube_FW_WB0_V1.1.0/Projects/NUCLEO-WB09KE/Applications/BLE/BLE_PAwR_Broadcaster/System/Modules/NVMDB/Src/nvm_db.c:1512:23:NVMDB_AppendRecordNoCache	56	static
C:/WB0/STM32Cube_FW_WB0_V1.1.0/Projects/NUCLEO-WB09KE/Applications/BLE/BLE_PAwR_Broadcaster/System/Modules/NVMDB/Src/nvm_db.c:1596:16:NVMDB_Init	48	static
C:/WB0/STM32Cube_FW_WB0_V1.1.0/Projects/NUCLEO-WB09KE/Applications/BLE/BLE_PAwR_Broadcaster/System/Modules/NVMDB/Src/nvm_db.c:1685:16:NVMDB_HandleInit	16	static
C:/WB0/STM32Cube_FW_WB0_V1.1.0/Projects/NUCLEO-WB09KE/Applications/BLE/BLE_PAwR_Broadcaster/System/Modules/NVMDB/Src/nvm_db.c:1721:16:NVMDB_ReadNextRecord	48	static
C:/WB0/STM32Cube_FW_WB0_V1.1.0/Projects/NUCLEO-WB09KE/Applications/BLE/BLE_PAwR_Broadcaster/System/Modules/NVMDB/Src/nvm_db.c:1746:16:NVMDB_ReadCurrentRecord	40	static
C:/WB0/STM32Cube_FW_WB0_V1.1.0/Projects/NUCLEO-WB09KE/Applications/BLE/BLE_PAwR_Broadcaster/System/Modules/NVMDB/Src/nvm_db.c:1783:16:NVMDB_FindNextRecord	64	static
C:/WB0/STM32Cube_FW_WB0_V1.1.0/Projects/NUCLEO-WB09KE/Applications/BLE/BLE_PAwR_Broadcaster/System/Modules/NVMDB/Src/nvm_db.c:1856:16:NVMDB_AppendRecord	56	static
C:/WB0/STM32Cube_FW_WB0_V1.1.0/Projects/NUCLEO-WB09KE/Applications/BLE/BLE_PAwR_Broadcaster/System/Modules/NVMDB/Src/nvm_db.c:1955:16:NVMDB_DeleteRecord	16	static
C:/WB0/STM32Cube_FW_WB0_V1.1.0/Projects/NUCLEO-WB09KE/Applications/BLE/BLE_PAwR_Broadcaster/System/Modules/NVMDB/Src/nvm_db.c:2019:16:NVMDB_Erase	64	static
C:/WB0/STM32Cube_FW_WB0_V1.1.0/Projects/NUCLEO-WB09KE/Applications/BLE/BLE_PAwR_Broadcaster/System/Modules/NVMDB/Src/nvm_db.c:2118:16:NVMDB_CleanDB	32	static
C:/WB0/STM32Cube_FW_WB0_V1.1.0/Projects/NUCLEO-WB09KE/Applications/BLE/BLE_PAwR_Broadcaster/System/Modules/NVMDB/Src/nvm_db.c:2147:16:NVMDB_Tick	24	static
C:/WB0/STM32Cube_FW_WB0_V1.1.0/Projects/NUCLEO-WB09KE/Applications/BLE/BLE_PAwR_Broadcaster/System/Modules/NVMDB/Src/nvm_db.c:2292:15:NVMDB_CleanCheck	16	static
