../../../../../../../Drivers/STM32WB0x_HAL_Driver/Inc/stm32wb0x_ll_usart.h:3019:26:LL_USART_IsActiveFlag_RXNE_RXFNE	16	static
../../../../../../../Drivers/STM32WB0x_HAL_Driver/Inc/stm32wb0x_ll_usart.h:4293:25:LL_USART_ReceiveData8	16	static
C:/WB0/STM32Cube_FW_WB0_V1.1.0/Projects/NUCLEO-WB09KE/Applications/BLE/BLE_PAwR_Broadcaster/Core/Src/stm32wb0x_it.c:75:6:NMI_Handler	8	static
C:/WB0/STM32Cube_FW_WB0_V1.1.0/Projects/NUCLEO-WB09KE/Applications/BLE/BLE_PAwR_Broadcaster/Core/Src/stm32wb0x_it.c:88:6:HardFault_Handler	8	static
C:/WB0/STM32Cube_FW_WB0_V1.1.0/Projects/NUCLEO-WB09KE/Applications/BLE/BLE_PAwR_Broadcaster/Core/Src/stm32wb0x_it.c:103:6:SVC_Handler	8	static
C:/WB0/STM32Cube_FW_WB0_V1.1.0/Projects/NUCLEO-WB09KE/Applications/BLE/BLE_PAwR_Broadcaster/Core/Src/stm32wb0x_it.c:116:6:PendSV_Handler	8	static
C:/WB0/STM32Cube_FW_WB0_V1.1.0/Projects/NUCLEO-WB09KE/Applications/BLE/BLE_PAwR_Broadcaster/Core/Src/stm32wb0x_it.c:129:6:SysTick_Handler	8	static
C:/WB0/STM32Cube_FW_WB0_V1.1.0/Projects/NUCLEO-WB09KE/Applications/BLE/BLE_PAwR_Broadcaster/Core/Src/stm32wb0x_it.c:150:6:USART1_IRQHandler	16	static
C:/WB0/STM32Cube_FW_WB0_V1.1.0/Projects/NUCLEO-WB09KE/Applications/BLE/BLE_PAwR_Broadcaster/Core/Src/stm32wb0x_it.c:175:6:PKA_IRQHandler	8	static
C:/WB0/STM32Cube_FW_WB0_V1.1.0/Projects/NUCLEO-WB09KE/Applications/BLE/BLE_PAwR_Broadcaster/Core/Src/stm32wb0x_it.c:189:6:RADIO_TIMER_CPU_WKUP_IRQHandler	8	static
C:/WB0/STM32Cube_FW_WB0_V1.1.0/Projects/NUCLEO-WB09KE/Applications/BLE/BLE_PAwR_Broadcaster/Core/Src/stm32wb0x_it.c:203:6:RADIO_TIMER_ERROR_IRQHandler	8	static
C:/WB0/STM32Cube_FW_WB0_V1.1.0/Projects/NUCLEO-WB09KE/Applications/BLE/BLE_PAwR_Broadcaster/Core/Src/stm32wb0x_it.c:217:6:RADIO_TXRX_IRQHandler	8	static
C:/WB0/STM32Cube_FW_WB0_V1.1.0/Projects/NUCLEO-WB09KE/Applications/BLE/BLE_PAwR_Broadcaster/Core/Src/stm32wb0x_it.c:231:6:RADIO_TXRX_SEQ_IRQHandler	8	static
