../../../../../../../Drivers/STM32WB0x_HAL_Driver/Inc/stm32wb0x_ll_pka.h:223:22:LL_PKA_Config	16	static
../../../../../../../Drivers/STM32WB0x_HAL_Driver/Inc/stm32wb0x_ll_pka.h:293:22:LL_PKA_SetMode	16	static
../../../../../../../Drivers/STM32WB0x_HAL_Driver/Inc/stm32wb0x_ll_pka.h:341:22:LL_PKA_SetSecurityLevel	16	static
../../../../../../../Drivers/STM32WB0x_HAL_Driver/Inc/stm32wb0x_ll_pka.h:381:22:LL_PKA_Start	16	static
../../../../../../../Drivers/STM32WB0x_HAL_Driver/Inc/stm32wb0x_ll_pka.h:502:22:LL_PKA_EnableIT_ADDRERR	16	static
../../../../../../../Drivers/STM32WB0x_HAL_Driver/Inc/stm32wb0x_ll_pka.h:513:22:LL_PKA_EnableIT_RAMERR	16	static
../../../../../../../Drivers/STM32WB0x_HAL_Driver/Inc/stm32wb0x_ll_pka.h:524:22:LL_PKA_EnableIT_PROCEND	16	static
../../../../../../../Drivers/STM32WB0x_HAL_Driver/Inc/stm32wb0x_ll_pka.h:693:26:LL_PKA_IsActiveFlag_ADDRERR	16	static
../../../../../../../Drivers/STM32WB0x_HAL_Driver/Inc/stm32wb0x_ll_pka.h:704:26:LL_PKA_IsActiveFlag_RAMERR	16	static
../../../../../../../Drivers/STM32WB0x_HAL_Driver/Inc/stm32wb0x_ll_pka.h:715:26:LL_PKA_IsActiveFlag_PROCEND	16	static
../../../../../../../Drivers/STM32WB0x_HAL_Driver/Inc/stm32wb0x_ll_pka.h:726:26:LL_PKA_IsActiveFlag_BUSY	16	static
../../../../../../../Drivers/STM32WB0x_HAL_Driver/Inc/stm32wb0x_ll_pka.h:737:22:LL_PKA_ClearFlag_ADDRERR	16	static
../../../../../../../Drivers/STM32WB0x_HAL_Driver/Inc/stm32wb0x_ll_pka.h:748:22:LL_PKA_ClearFlag_RAMERR	16	static
../../../../../../../Drivers/STM32WB0x_HAL_Driver/Inc/stm32wb0x_ll_pka.h:759:22:LL_PKA_ClearFlag_PROCEND	16	static
C:/WB0/STM32Cube_FW_WB0_V1.1.0/Projects/NUCLEO-WB09KE/Applications/BLE/BLE_PAwR_Observer/System/Interfaces/hw_pka.c:209:6:HW_PKA_WriteSingleInput	32	static
C:/WB0/STM32Cube_FW_WB0_V1.1.0/Projects/NUCLEO-WB09KE/Applications/BLE/BLE_PAwR_Observer/System/Interfaces/hw_pka.c:230:6:HW_PKA_WriteOperand	32	static
C:/WB0/STM32Cube_FW_WB0_V1.1.0/Projects/NUCLEO-WB09KE/Applications/BLE/BLE_PAwR_Observer/System/Interfaces/hw_pka.c:260:6:HW_PKA_ReadResult	32	static
C:/WB0/STM32Cube_FW_WB0_V1.1.0/Projects/NUCLEO-WB09KE/Applications/BLE/BLE_PAwR_Observer/System/Interfaces/hw_pka.c:279:6:HW_PKA_ReadSingleOutput	16	static
C:/WB0/STM32Cube_FW_WB0_V1.1.0/Projects/NUCLEO-WB09KE/Applications/BLE/BLE_PAwR_Observer/System/Interfaces/hw_pka.c:448:6:HW_PKA_Init	8	static
C:/WB0/STM32Cube_FW_WB0_V1.1.0/Projects/NUCLEO-WB09KE/Applications/BLE/BLE_PAwR_Observer/System/Interfaces/hw_pka.c:457:9:HW_PKA_PowerSaveLevelCheck	8	static
C:/WB0/STM32Cube_FW_WB0_V1.1.0/Projects/NUCLEO-WB09KE/Applications/BLE/BLE_PAwR_Observer/System/Interfaces/hw_pka.c:475:21:HW_PKA_StartP256DHkeyGeneration	32	static
C:/WB0/STM32Cube_FW_WB0_V1.1.0/Projects/NUCLEO-WB09KE/Applications/BLE/BLE_PAwR_Observer/System/Interfaces/hw_pka.c:597:6:HW_PKA_ExitWithError	24	static
C:/WB0/STM32Cube_FW_WB0_V1.1.0/Projects/NUCLEO-WB09KE/Applications/BLE/BLE_PAwR_Observer/System/Interfaces/hw_pka.c:616:6:HW_PKA_ProcEnd_StateMachine	16	static
C:/WB0/STM32Cube_FW_WB0_V1.1.0/Projects/NUCLEO-WB09KE/Applications/BLE/BLE_PAwR_Observer/System/Interfaces/hw_pka.c:761:6:HW_PKA_IRQHandler	8	static
C:/WB0/STM32Cube_FW_WB0_V1.1.0/Projects/NUCLEO-WB09KE/Applications/BLE/BLE_PAwR_Observer/System/Interfaces/hw_pka.c:785:6:HAL_PKA_OperationCpltCallback	16	static
C:/WB0/STM32Cube_FW_WB0_V1.1.0/Projects/NUCLEO-WB09KE/Applications/BLE/BLE_PAwR_Observer/System/Interfaces/hw_pka.c:791:6:HAL_PKA_ErrorCallback	16	static
C:/WB0/STM32Cube_FW_WB0_V1.1.0/Projects/NUCLEO-WB09KE/Applications/BLE/BLE_PAwR_Observer/System/Interfaces/hw_pka.c:803:10:HW_PKA_IsPointCheckOk	16	static
C:/WB0/STM32Cube_FW_WB0_V1.1.0/Projects/NUCLEO-WB09KE/Applications/BLE/BLE_PAwR_Observer/System/Interfaces/hw_pka.c:822:10:HW_PKA_IsRangeCheckOk	16	static
C:/WB0/STM32Cube_FW_WB0_V1.1.0/Projects/NUCLEO-WB09KE/Applications/BLE/BLE_PAwR_Observer/System/Interfaces/hw_pka.c:841:6:HW_PKA_P256_StartEccScalarMul	24	static
C:/WB0/STM32Cube_FW_WB0_V1.1.0/Projects/NUCLEO-WB09KE/Applications/BLE/BLE_PAwR_Observer/System/Interfaces/hw_pka.c:904:6:HW_PKA_Comparison	24	static
C:/WB0/STM32Cube_FW_WB0_V1.1.0/Projects/NUCLEO-WB09KE/Applications/BLE/BLE_PAwR_Observer/System/Interfaces/hw_pka.c:933:6:HW_PKA_P256_StartPointCheck	16	static
C:/WB0/STM32Cube_FW_WB0_V1.1.0/Projects/NUCLEO-WB09KE/Applications/BLE/BLE_PAwR_Observer/System/Interfaces/hw_pka.c:1010:6:HW_PKA_P256_ReadEccScalarMul	16	static
C:/WB0/STM32Cube_FW_WB0_V1.1.0/Projects/NUCLEO-WB09KE/Applications/BLE/BLE_PAwR_Observer/System/Interfaces/hw_pka.c:1044:10:HW_PKA_isStartPoint	24	static
