../../../../../../../Drivers/STM32WB0x_HAL_Driver/Inc/stm32wb0x_ll_radio.h:861:22:LL_RADIO_SetRadioConfigurationAddressPointer	16	static
../../../../../../../Drivers/STM32WB0x_HAL_Driver/Inc/stm32wb0x_ll_radio.h:882:22:LL_RADIO_SetCurrentConnectionMachineNumber	16	static
../../../../../../../Drivers/STM32WB0x_HAL_Driver/Inc/stm32wb0x_ll_radio.h:903:22:LL_RADIO_GlobalEnableBlue	8	static
../../../../../../../Drivers/STM32WB0x_HAL_Driver/Inc/stm32wb0x_ll_radio.h:913:22:LL_RADIO_GlobalDisableBlue	8	static
../../../../../../../Drivers/STM32WB0x_HAL_Driver/Inc/stm32wb0x_ll_radio.h:935:22:LL_RADIO_SetWakeupInitDelay	16	static
../../../../../../../Drivers/STM32WB0x_HAL_Driver/Inc/stm32wb0x_ll_radio.h:945:26:LL_RADIO_GetWakeupInitDelay	8	static
../../../../../../../Drivers/STM32WB0x_HAL_Driver/Inc/stm32wb0x_ll_radio.h:955:22:LL_RADIO_SetTimer12InitDelayCal	16	static
../../../../../../../Drivers/STM32WB0x_HAL_Driver/Inc/stm32wb0x_ll_radio.h:979:22:LL_RADIO_SetTimer12InitDelayNoCal	16	static
../../../../../../../Drivers/STM32WB0x_HAL_Driver/Inc/stm32wb0x_ll_radio.h:1001:22:LL_RADIO_SetTransmitCalDelayChk	16	static
../../../../../../../Drivers/STM32WB0x_HAL_Driver/Inc/stm32wb0x_ll_radio.h:1023:22:LL_RADIO_SetTransmitNoCalDelayChk	16	static
../../../../../../../Drivers/STM32WB0x_HAL_Driver/Inc/stm32wb0x_ll_radio.h:1047:22:LL_RADIO_SetReceivedCalDelayChk	16	static
../../../../../../../Drivers/STM32WB0x_HAL_Driver/Inc/stm32wb0x_ll_radio.h:1070:22:LL_RADIO_SetReceivedNoCalDelayChk	16	static
../../../../../../../Drivers/STM32WB0x_HAL_Driver/Inc/stm32wb0x_ll_radio.h:1094:22:LL_RADIO_SetConfigurationEndDuration	16	static
../../../../../../../Drivers/STM32WB0x_HAL_Driver/Inc/stm32wb0x_ll_radio.h:1118:22:LL_RADIO_SetTxDataReadyCheck	16	static
../../../../../../../Drivers/STM32WB0x_HAL_Driver/Inc/stm32wb0x_ll_radio.h:1141:22:LL_RADIO_SetTxDelayStart	16	static
../../../../../../../Drivers/STM32WB0x_HAL_Driver/Inc/stm32wb0x_ll_radio.h:1164:22:LL_RADIO_SetTxDelayEnd	16	static
../../../../../../../Drivers/STM32WB0x_HAL_Driver/Inc/stm32wb0x_ll_radio.h:1235:22:LL_RADIO_SetTransmissionReadyTimeout	16	static
../../../../../../../Drivers/STM32WB0x_HAL_Driver/Inc/stm32wb0x_ll_radio.h:1259:22:LL_RADIO_SetReceiveWindowTimeout	16	static
../../../../../../../Drivers/STM32WB0x_HAL_Driver/Inc/stm32wb0x_ll_radio.h:1281:22:LL_RADIO_ChkFlagAutoclearEnable_Enable	8	static
../../../../../../../Drivers/STM32WB0x_HAL_Driver/Inc/stm32wb0x_ll_radio.h:1312:22:LL_RADIO_NoActiveLErrorInterrupt_Enable	8	static
../../../../../../../Drivers/STM32WB0x_HAL_Driver/Inc/stm32wb0x_ll_radio.h:1372:22:LL_RADIO_Active2ErrorInterrupt_Enable	8	static
../../../../../../../Drivers/STM32WB0x_HAL_Driver/Inc/stm32wb0x_ll_radio.h:1405:22:LL_RADIO_SetDefaultAntennaID	16	static
../../../../../../../Drivers/STM32WB0x_HAL_Driver/Inc/stm32wb0x_ll_radio.h:1416:26:LL_RADIO_GetDefaultAntennaID	8	static
../../../../../../../Drivers/STM32WB0x_HAL_Driver/Inc/stm32wb0x_ll_radio.h:1431:22:LL_RADIO_SetUnmappedChannel	16	static
../../../../../../../Drivers/STM32WB0x_HAL_Driver/Inc/stm32wb0x_ll_radio.h:1443:26:LL_RADIO_GetUnmappedChannel	16	static
../../../../../../../Drivers/STM32WB0x_HAL_Driver/Inc/stm32wb0x_ll_radio.h:1454:22:LL_RADIO_RadioCommandList_Enable	16	static
../../../../../../../Drivers/STM32WB0x_HAL_Driver/Inc/stm32wb0x_ll_radio.h:1465:22:LL_RADIO_RadioCommandList_Disable	16	static
../../../../../../../Drivers/STM32WB0x_HAL_Driver/Inc/stm32wb0x_ll_radio.h:1487:22:LL_RADIO_TxMode_Enable	16	static
../../../../../../../Drivers/STM32WB0x_HAL_Driver/Inc/stm32wb0x_ll_radio.h:1498:22:LL_RADIO_TxMode_Disable	16	static
../../../../../../../Drivers/STM32WB0x_HAL_Driver/Inc/stm32wb0x_ll_radio.h:1509:26:LL_RADIO_TxMode_IsEnabled	16	static
../../../../../../../Drivers/STM32WB0x_HAL_Driver/Inc/stm32wb0x_ll_radio.h:1522:22:LL_RADIO_SetRemapChannel	16	static
../../../../../../../Drivers/STM32WB0x_HAL_Driver/Inc/stm32wb0x_ll_radio.h:1534:26:LL_RADIO_GetRemapChannel	16	static
../../../../../../../Drivers/STM32WB0x_HAL_Driver/Inc/stm32wb0x_ll_radio.h:1573:22:LL_RADIO_ToggleSequenceNumber	16	static
../../../../../../../Drivers/STM32WB0x_HAL_Driver/Inc/stm32wb0x_ll_radio.h:1598:22:LL_RADIO_ToggleNextExpectedSequenceNumber	16	static
../../../../../../../Drivers/STM32WB0x_HAL_Driver/Inc/stm32wb0x_ll_radio.h:1622:22:LL_RADIO_Encryption_Enable	16	static
../../../../../../../Drivers/STM32WB0x_HAL_Driver/Inc/stm32wb0x_ll_radio.h:1633:22:LL_RADIO_Encryption_Disable	16	static
../../../../../../../Drivers/STM32WB0x_HAL_Driver/Inc/stm32wb0x_ll_radio.h:1644:26:LL_RADIO_Encryption_IsEnabled	16	static
../../../../../../../Drivers/STM32WB0x_HAL_Driver/Inc/stm32wb0x_ll_radio.h:1658:22:LL_RADIO_SetTransmissionPhy	16	static
../../../../../../../Drivers/STM32WB0x_HAL_Driver/Inc/stm32wb0x_ll_radio.h:1670:26:LL_RADIO_GetTransmissionPhy	16	static
../../../../../../../Drivers/STM32WB0x_HAL_Driver/Inc/stm32wb0x_ll_radio.h:1685:22:LL_RADIO_SetCTEDisable	16	static
../../../../../../../Drivers/STM32WB0x_HAL_Driver/Inc/stm32wb0x_ll_radio.h:1697:26:LL_RADIO_GetCTEDisable	16	static
../../../../../../../Drivers/STM32WB0x_HAL_Driver/Inc/stm32wb0x_ll_radio.h:1713:22:LL_RADIO_SetReceptionPhy	16	static
../../../../../../../Drivers/STM32WB0x_HAL_Driver/Inc/stm32wb0x_ll_radio.h:1725:26:LL_RADIO_GetReceptionPhy	16	static
../../../../../../../Drivers/STM32WB0x_HAL_Driver/Inc/stm32wb0x_ll_radio.h:1738:22:LL_RADIO_SetTxPoint	16	static
../../../../../../../Drivers/STM32WB0x_HAL_Driver/Inc/stm32wb0x_ll_radio.h:1750:26:LL_RADIO_GetTxPoint	16	static
../../../../../../../Drivers/STM32WB0x_HAL_Driver/Inc/stm32wb0x_ll_radio.h:1764:22:LL_RADIO_SetRcvPoint	16	static
../../../../../../../Drivers/STM32WB0x_HAL_Driver/Inc/stm32wb0x_ll_radio.h:1803:26:LL_RADIO_GetTxPointPrevious	16	static
../../../../../../../Drivers/STM32WB0x_HAL_Driver/Inc/stm32wb0x_ll_radio.h:1829:26:LL_RADIO_GetRcvPointPrevious	16	static
../../../../../../../Drivers/STM32WB0x_HAL_Driver/Inc/stm32wb0x_ll_radio.h:1842:22:LL_RADIO_SetPacketCounterTx_31_0	16	static
../../../../../../../Drivers/STM32WB0x_HAL_Driver/Inc/stm32wb0x_ll_radio.h:1868:22:LL_RADIO_SetPacketCounterTx_39_32	16	static
../../../../../../../Drivers/STM32WB0x_HAL_Driver/Inc/stm32wb0x_ll_radio.h:1880:26:LL_RADIO_GetPacketCounterTx_39_32	16	static
../../../../../../../Drivers/STM32WB0x_HAL_Driver/Inc/stm32wb0x_ll_radio.h:1895:22:LL_RADIO_SetPacketCounterRx_23_0	16	static
../../../../../../../Drivers/STM32WB0x_HAL_Driver/Inc/stm32wb0x_ll_radio.h:1907:26:LL_RADIO_GetPacketCounterRx_23_0	16	static
../../../../../../../Drivers/STM32WB0x_HAL_Driver/Inc/stm32wb0x_ll_radio.h:1922:22:LL_RADIO_SetPacketCounterRx_39_24	16	static
../../../../../../../Drivers/STM32WB0x_HAL_Driver/Inc/stm32wb0x_ll_radio.h:1934:26:LL_RADIO_GetPacketCounterRx_39_24	16	static
../../../../../../../Drivers/STM32WB0x_HAL_Driver/Inc/stm32wb0x_ll_radio.h:1946:22:LL_RADIO_ReceiveEncryptionErrorInterrupt_Enable	16	static
../../../../../../../Drivers/STM32WB0x_HAL_Driver/Inc/stm32wb0x_ll_radio.h:1957:22:LL_RADIO_ReceiveEncryptionErrorInterrupt_Disable	16	static
../../../../../../../Drivers/STM32WB0x_HAL_Driver/Inc/stm32wb0x_ll_radio.h:1970:22:LL_RADIO_SetAccessAddress	16	static
../../../../../../../Drivers/STM32WB0x_HAL_Driver/Inc/stm32wb0x_ll_radio.h:1982:26:LL_RADIO_GetAccessAddress	16	static
../../../../../../../Drivers/STM32WB0x_HAL_Driver/Inc/stm32wb0x_ll_radio.h:1997:22:LL_RADIO_SetCRCInitializationValue	16	static
../../../../../../../Drivers/STM32WB0x_HAL_Driver/Inc/stm32wb0x_ll_radio.h:2024:22:LL_RADIO_SetMaximumReceiveLength	16	static
../../../../../../../Drivers/STM32WB0x_HAL_Driver/Inc/stm32wb0x_ll_radio.h:2051:22:LL_RADIO_TxHp_Enable	16	static
../../../../../../../Drivers/STM32WB0x_HAL_Driver/Inc/stm32wb0x_ll_radio.h:2062:22:LL_RADIO_TxHp_Disable	16	static
../../../../../../../Drivers/STM32WB0x_HAL_Driver/Inc/stm32wb0x_ll_radio.h:2073:26:LL_RADIO_TxHp_IsEnabled	16	static
../../../../../../../Drivers/STM32WB0x_HAL_Driver/Inc/stm32wb0x_ll_radio.h:2088:22:LL_RADIO_SetPAPower	16	static
../../../../../../../Drivers/STM32WB0x_HAL_Driver/Inc/stm32wb0x_ll_radio.h:2100:26:LL_RADIO_GetPAPower	16	static
../../../../../../../Drivers/STM32WB0x_HAL_Driver/Inc/stm32wb0x_ll_radio.h:2115:22:LL_RADIO_SetHopIncrement	16	static
../../../../../../../Drivers/STM32WB0x_HAL_Driver/Inc/stm32wb0x_ll_radio.h:2127:26:LL_RADIO_GetHopIncrement	16	static
../../../../../../../Drivers/STM32WB0x_HAL_Driver/Inc/stm32wb0x_ll_radio.h:2142:22:LL_RADIO_SetUsedChannelFlags_15_0	16	static
../../../../../../../Drivers/STM32WB0x_HAL_Driver/Inc/stm32wb0x_ll_radio.h:2154:26:LL_RADIO_GetUsedChannelFlags_15_0	16	static
../../../../../../../Drivers/STM32WB0x_HAL_Driver/Inc/stm32wb0x_ll_radio.h:2168:22:LL_RADIO_SetUsedChannelFlags_36_16	16	static
../../../../../../../Drivers/STM32WB0x_HAL_Driver/Inc/stm32wb0x_ll_radio.h:2180:26:LL_RADIO_GetUsedChannelFlags_36_16	16	static
../../../../../../../Drivers/STM32WB0x_HAL_Driver/Inc/stm32wb0x_ll_radio.h:2222:22:LL_RADIO_SetAodNaoa	16	static
../../../../../../../Drivers/STM32WB0x_HAL_Driver/Inc/stm32wb0x_ll_radio.h:2234:26:LL_RADIO_GetAodNaoa	16	static
../../../../../../../Drivers/STM32WB0x_HAL_Driver/Inc/stm32wb0x_ll_radio.h:2250:22:LL_RADIO_SetCTETime	16	static
../../../../../../../Drivers/STM32WB0x_HAL_Driver/Inc/stm32wb0x_ll_radio.h:2262:26:LL_RADIO_GetCTETime	16	static
../../../../../../../Drivers/STM32WB0x_HAL_Driver/Inc/stm32wb0x_ll_radio.h:2278:22:LL_RADIO_SetCTESlotWidth	16	static
../../../../../../../Drivers/STM32WB0x_HAL_Driver/Inc/stm32wb0x_ll_radio.h:2290:26:LL_RADIO_GetCTESlotWidth	16	static
../../../../../../../Drivers/STM32WB0x_HAL_Driver/Inc/stm32wb0x_ll_radio.h:2306:22:LL_RADIO_SetMaximumIQSamplesNumber	16	static
../../../../../../../Drivers/STM32WB0x_HAL_Driver/Inc/stm32wb0x_ll_radio.h:2334:22:LL_RADIO_SetAntennaPatternLength	16	static
../../../../../../../Drivers/STM32WB0x_HAL_Driver/Inc/stm32wb0x_ll_radio.h:2346:26:LL_RADIO_GetAntennaPatternLength	16	static
../../../../../../../Drivers/STM32WB0x_HAL_Driver/Inc/stm32wb0x_ll_radio.h:2362:22:LL_RADIO_SetIQSamplesPtr	16	static
../../../../../../../Drivers/STM32WB0x_HAL_Driver/Inc/stm32wb0x_ll_radio.h:2389:22:LL_RADIO_SetAntennaPatternPtr	16	static
../../../../../../../Drivers/STM32WB0x_HAL_Driver/Inc/stm32wb0x_ll_radio.h:2400:26:LL_RADIO_GetAntennaPatternPtr	16	static
../../../../../../../Drivers/STM32WB0x_HAL_Driver/Inc/stm32wb0x_ll_radio.h:2417:22:LL_RADIO_SetNextPointer	16	static
../../../../../../../Drivers/STM32WB0x_HAL_Driver/Inc/stm32wb0x_ll_radio.h:2442:22:LL_RADIO_SetCalibrationRequest	16	static
../../../../../../../Drivers/STM32WB0x_HAL_Driver/Inc/stm32wb0x_ll_radio.h:2467:22:LL_RADIO_SetKeepSemaRequest	16	static
../../../../../../../Drivers/STM32WB0x_HAL_Driver/Inc/stm32wb0x_ll_radio.h:2518:22:LL_RADIO_SetCTEAndSamplingEnable	16	static
../../../../../../../Drivers/STM32WB0x_HAL_Driver/Inc/stm32wb0x_ll_radio.h:2529:26:LL_RADIO_GetCTEAndSamplingEnable	16	static
../../../../../../../Drivers/STM32WB0x_HAL_Driver/Inc/stm32wb0x_ll_radio.h:2544:22:LL_RADIO_SetCRCInitializationSelector	16	static
../../../../../../../Drivers/STM32WB0x_HAL_Driver/Inc/stm32wb0x_ll_radio.h:2570:22:LL_RADIO_SetAdvertise	16	static
../../../../../../../Drivers/STM32WB0x_HAL_Driver/Inc/stm32wb0x_ll_radio.h:2594:22:LL_RADIO_AutomaticSnNesnHardwareMechanism_Enable	16	static
../../../../../../../Drivers/STM32WB0x_HAL_Driver/Inc/stm32wb0x_ll_radio.h:2627:22:LL_RADIO_IncrementerChannel_Enable	16	static
../../../../../../../Drivers/STM32WB0x_HAL_Driver/Inc/stm32wb0x_ll_radio.h:2638:22:LL_RADIO_IncrementerChannel_Disable	16	static
../../../../../../../Drivers/STM32WB0x_HAL_Driver/Inc/stm32wb0x_ll_radio.h:2662:22:LL_RADIO_SetNextTxMode	16	static
../../../../../../../Drivers/STM32WB0x_HAL_Driver/Inc/stm32wb0x_ll_radio.h:2688:22:LL_RADIO_SetAllTableDataReady	16	static
../../../../../../../Drivers/STM32WB0x_HAL_Driver/Inc/stm32wb0x_ll_radio.h:2714:22:LL_RADIO_SetTransmissionDataReady	16	static
../../../../../../../Drivers/STM32WB0x_HAL_Driver/Inc/stm32wb0x_ll_radio.h:2740:22:LL_RADIO_SetDisableWhitening	16	static
../../../../../../../Drivers/STM32WB0x_HAL_Driver/Inc/stm32wb0x_ll_radio.h:2766:22:LL_RADIO_SetDataPointer	16	static
../../../../../../../Drivers/STM32WB0x_HAL_Driver/Inc/stm32wb0x_ll_radio.h:2778:26:LL_RADIO_GetDataPointer	16	static
../../../../../../../Drivers/STM32WB0x_HAL_Driver/Inc/stm32wb0x_ll_radio.h:2791:22:LL_RADIO_SetTimer2Triggering	16	static
../../../../../../../Drivers/STM32WB0x_HAL_Driver/Inc/stm32wb0x_ll_radio.h:2814:22:LL_RADIO_Timer2_Enable	16	static
../../../../../../../Drivers/STM32WB0x_HAL_Driver/Inc/stm32wb0x_ll_radio.h:2849:22:LL_RADIO_SetTrigRcv	16	static
../../../../../../../Drivers/STM32WB0x_HAL_Driver/Inc/stm32wb0x_ll_radio.h:2874:22:LL_RADIO_SetTrigDone	16	static
../../../../../../../Drivers/STM32WB0x_HAL_Driver/Inc/stm32wb0x_ll_radio.h:2900:22:LL_RADIO_SetIntTxOk	16	static
../../../../../../../Drivers/STM32WB0x_HAL_Driver/Inc/stm32wb0x_ll_radio.h:2923:22:LL_RADIO_IntDone_Enable	16	static
../../../../../../../Drivers/STM32WB0x_HAL_Driver/Inc/stm32wb0x_ll_radio.h:2956:22:LL_RADIO_IntRcvTimeout_Enable	16	static
../../../../../../../Drivers/STM32WB0x_HAL_Driver/Inc/stm32wb0x_ll_radio.h:2992:22:LL_RADIO_SetIntTimeCapture	16	static
../../../../../../../Drivers/STM32WB0x_HAL_Driver/Inc/stm32wb0x_ll_radio.h:3016:22:LL_RADIO_IntRcvCRCErr_Enable	16	static
../../../../../../../Drivers/STM32WB0x_HAL_Driver/Inc/stm32wb0x_ll_radio.h:3049:22:LL_RADIO_IntRcvOk_Enable	16	static
../../../../../../../Drivers/STM32WB0x_HAL_Driver/Inc/stm32wb0x_ll_radio.h:3126:22:LL_RADIO_BlueSetInterrupt1RegRegister	16	static
../../../../../../../Drivers/STM32WB0x_HAL_Driver/Inc/stm32wb0x_ll_radio.h:3149:26:LL_RADIO_BlueGetTimerCapture	8	static
../../../../../../../Drivers/STM32WB0x_HAL_Driver/Inc/stm32wb0x_ll_radio.h:3162:22:LL_RADIO_BlueSetClearSemaphoreRequest	16	static
../../../../../../../Drivers/STM32WB0x_HAL_Driver/Inc/stm32wb0x_ll_radio.h:3185:22:LL_RADIO_BlueSetTxRxSkip	16	static
../../../../../../../Drivers/STM32WB0x_HAL_Driver/Inc/stm32wb0x_ll_radio.h:3207:26:LL_RADIO_BlueGetInterrupt1Latency	8	static
../../../../../../../Drivers/STM32WB0x_HAL_Driver/Inc/stm32wb0x_ll_radio.h:3244:22:LL_RADIO_BlueSetManAESCmdStart	16	static
../../../../../../../Drivers/STM32WB0x_HAL_Driver/Inc/stm32wb0x_ll_radio.h:3266:26:LL_RADIO_BlueGetManAESStatusBusy	8	static
../../../../../../../Drivers/STM32WB0x_HAL_Driver/Inc/stm32wb0x_ll_radio.h:3278:26:LL_RADIO_GetIQSamplesReady	8	static
../../../../../../../Drivers/STM32WB0x_HAL_Driver/Inc/stm32wb0x_ll_radio.h:3291:26:LL_RADIO_GetIQSamplesNumber	8	static
../../../../../../../Drivers/STM32WB0x_HAL_Driver/Inc/stm32wb0x_ll_radio.h:3304:26:LL_RADIO_GetIQSamplesMissingError	8	static
C:/WB0/STM32Cube_FW_WB0_V1.1.0/Projects/NUCLEO-WB09KE/Applications/BLE/BLE_PAwR_Observer/STM32_BLE/Target/bleplat_cntr.c:198:27:BLEPLAT_CNTR_Init	8	static
C:/WB0/STM32Cube_FW_WB0_V1.1.0/Projects/NUCLEO-WB09KE/Applications/BLE/BLE_PAwR_Observer/STM32_BLE/Target/bleplat_cntr.c:204:27:BLEPLAT_CNTR_Deinit	8	static
C:/WB0/STM32Cube_FW_WB0_V1.1.0/Projects/NUCLEO-WB09KE/Applications/BLE/BLE_PAwR_Observer/STM32_BLE/Target/bleplat_cntr.c:216:10:BLEPLAT_CNTR_GetTimer2TimeoutForIfs	40	static
C:/WB0/STM32Cube_FW_WB0_V1.1.0/Projects/NUCLEO-WB09KE/Applications/BLE/BLE_PAwR_Observer/STM32_BLE/Target/bleplat_cntr.c:313:6:BLEPLAT_CNTR_ClearInterrupt	16	static
C:/WB0/STM32Cube_FW_WB0_V1.1.0/Projects/NUCLEO-WB09KE/Applications/BLE/BLE_PAwR_Observer/STM32_BLE/Target/bleplat_cntr.c:318:6:BLEPLAT_CNTR_ClearSemareq	8	static
C:/WB0/STM32Cube_FW_WB0_V1.1.0/Projects/NUCLEO-WB09KE/Applications/BLE/BLE_PAwR_Observer/STM32_BLE/Target/bleplat_cntr.c:323:6:BLEPLAT_CNTR_TxRxSkip	8	static
C:/WB0/STM32Cube_FW_WB0_V1.1.0/Projects/NUCLEO-WB09KE/Applications/BLE/BLE_PAwR_Observer/STM32_BLE/Target/bleplat_cntr.c:328:11:BLEPLAT_CNTR_GetCipherTextPtr	8	static
C:/WB0/STM32Cube_FW_WB0_V1.1.0/Projects/NUCLEO-WB09KE/Applications/BLE/BLE_PAwR_Observer/STM32_BLE/Target/bleplat_cntr.c:333:11:BLEPLAT_CNTR_GetClrTextPtr	8	static
C:/WB0/STM32Cube_FW_WB0_V1.1.0/Projects/NUCLEO-WB09KE/Applications/BLE/BLE_PAwR_Observer/STM32_BLE/Target/bleplat_cntr.c:338:11:BLEPLAT_CNTR_GetEncKeyPtr	8	static
C:/WB0/STM32Cube_FW_WB0_V1.1.0/Projects/NUCLEO-WB09KE/Applications/BLE/BLE_PAwR_Observer/STM32_BLE/Target/bleplat_cntr.c:343:9:BLEPLAT_CNTR_GetEncryptDoneStatus	8	static
C:/WB0/STM32Cube_FW_WB0_V1.1.0/Projects/NUCLEO-WB09KE/Applications/BLE/BLE_PAwR_Observer/STM32_BLE/Target/bleplat_cntr.c:348:9:BLEPLAT_CNTR_GetIqsamplesMissingError	8	static
C:/WB0/STM32Cube_FW_WB0_V1.1.0/Projects/NUCLEO-WB09KE/Applications/BLE/BLE_PAwR_Observer/STM32_BLE/Target/bleplat_cntr.c:357:9:BLEPLAT_CNTR_GetIqsamplesNumber	8	static
C:/WB0/STM32Cube_FW_WB0_V1.1.0/Projects/NUCLEO-WB09KE/Applications/BLE/BLE_PAwR_Observer/STM32_BLE/Target/bleplat_cntr.c:366:9:BLEPLAT_CNTR_getIqsamplesReady	8	static
C:/WB0/STM32Cube_FW_WB0_V1.1.0/Projects/NUCLEO-WB09KE/Applications/BLE/BLE_PAwR_Observer/STM32_BLE/Target/bleplat_cntr.c:375:9:BLEPLAT_CNTR_GetIsrLatency	8	static
C:/WB0/STM32Cube_FW_WB0_V1.1.0/Projects/NUCLEO-WB09KE/Applications/BLE/BLE_PAwR_Observer/STM32_BLE/Target/bleplat_cntr.c:380:10:BLEPLAT_CNTR_GetTimercapture	8	static
C:/WB0/STM32Cube_FW_WB0_V1.1.0/Projects/NUCLEO-WB09KE/Applications/BLE/BLE_PAwR_Observer/STM32_BLE/Target/bleplat_cntr.c:385:6:BLEPLAT_CNTR_GlobDisableBlue	8	static
C:/WB0/STM32Cube_FW_WB0_V1.1.0/Projects/NUCLEO-WB09KE/Applications/BLE/BLE_PAwR_Observer/STM32_BLE/Target/bleplat_cntr.c:390:6:BLEPLAT_CNTR_GlobEnableBlue	8	static
C:/WB0/STM32Cube_FW_WB0_V1.1.0/Projects/NUCLEO-WB09KE/Applications/BLE/BLE_PAwR_Observer/STM32_BLE/Target/bleplat_cntr.c:395:6:BLEPLAT_CNTR_GlobEnableIntnoactivelerrorInt	8	static
C:/WB0/STM32Cube_FW_WB0_V1.1.0/Projects/NUCLEO-WB09KE/Applications/BLE/BLE_PAwR_Observer/STM32_BLE/Target/bleplat_cntr.c:400:6:BLEPLAT_CNTR_GlobEnableOverrunAct2Int	8	static
C:/WB0/STM32Cube_FW_WB0_V1.1.0/Projects/NUCLEO-WB09KE/Applications/BLE/BLE_PAwR_Observer/STM32_BLE/Target/bleplat_cntr.c:405:9:BLEPLAT_CNTR_GlobGetDefaultAntennaid	8	static
C:/WB0/STM32Cube_FW_WB0_V1.1.0/Projects/NUCLEO-WB09KE/Applications/BLE/BLE_PAwR_Observer/STM32_BLE/Target/bleplat_cntr.c:414:9:BLEPLAT_CNTR_GlobGetWakeupinitdelay	8	static
C:/WB0/STM32Cube_FW_WB0_V1.1.0/Projects/NUCLEO-WB09KE/Applications/BLE/BLE_PAwR_Observer/STM32_BLE/Target/bleplat_cntr.c:419:6:BLEPLAT_CNTR_GlobReloadRadioConfigP	8	static
C:/WB0/STM32Cube_FW_WB0_V1.1.0/Projects/NUCLEO-WB09KE/Applications/BLE/BLE_PAwR_Observer/STM32_BLE/Target/bleplat_cntr.c:424:6:BLEPLAT_CNTR_GlobSetChkflagautoclearena	8	static
C:/WB0/STM32Cube_FW_WB0_V1.1.0/Projects/NUCLEO-WB09KE/Applications/BLE/BLE_PAwR_Observer/STM32_BLE/Target/bleplat_cntr.c:429:6:BLEPLAT_CNTR_GlobSetDefaultAntennaid	16	static
C:/WB0/STM32Cube_FW_WB0_V1.1.0/Projects/NUCLEO-WB09KE/Applications/BLE/BLE_PAwR_Observer/STM32_BLE/Target/bleplat_cntr.c:438:6:BLEPLAT_CNTR_GlobSetInitRadioDelayTxCal	16	static
C:/WB0/STM32Cube_FW_WB0_V1.1.0/Projects/NUCLEO-WB09KE/Applications/BLE/BLE_PAwR_Observer/STM32_BLE/Target/bleplat_cntr.c:443:6:BLEPLAT_CNTR_GlobSetInitRadioDelayTxNocal	16	static
C:/WB0/STM32Cube_FW_WB0_V1.1.0/Projects/NUCLEO-WB09KE/Applications/BLE/BLE_PAwR_Observer/STM32_BLE/Target/bleplat_cntr.c:448:6:BLEPLAT_CNTR_GlobSetRadioConfigP	16	static
C:/WB0/STM32Cube_FW_WB0_V1.1.0/Projects/NUCLEO-WB09KE/Applications/BLE/BLE_PAwR_Observer/STM32_BLE/Target/bleplat_cntr.c:453:6:BLEPLAT_CNTR_GlobSetWakeupinitdelay	16	static
C:/WB0/STM32Cube_FW_WB0_V1.1.0/Projects/NUCLEO-WB09KE/Applications/BLE/BLE_PAwR_Observer/STM32_BLE/Target/bleplat_cntr.c:458:6:BLEPLAT_CNTR_GlobWriteConfigEnd	16	static
C:/WB0/STM32Cube_FW_WB0_V1.1.0/Projects/NUCLEO-WB09KE/Applications/BLE/BLE_PAwR_Observer/STM32_BLE/Target/bleplat_cntr.c:463:6:BLEPLAT_CNTR_GlobWritePeriodslow	16	static
C:/WB0/STM32Cube_FW_WB0_V1.1.0/Projects/NUCLEO-WB09KE/Applications/BLE/BLE_PAwR_Observer/STM32_BLE/Target/bleplat_cntr.c:468:6:BLEPLAT_CNTR_GlobWriteRcvdelay	16	static
C:/WB0/STM32Cube_FW_WB0_V1.1.0/Projects/NUCLEO-WB09KE/Applications/BLE/BLE_PAwR_Observer/STM32_BLE/Target/bleplat_cntr.c:473:6:BLEPLAT_CNTR_GlobWriteRcvdelay1	16	static
C:/WB0/STM32Cube_FW_WB0_V1.1.0/Projects/NUCLEO-WB09KE/Applications/BLE/BLE_PAwR_Observer/STM32_BLE/Target/bleplat_cntr.c:478:6:BLEPLAT_CNTR_GlobWriteSlot	16	static
C:/WB0/STM32Cube_FW_WB0_V1.1.0/Projects/NUCLEO-WB09KE/Applications/BLE/BLE_PAwR_Observer/STM32_BLE/Target/bleplat_cntr.c:483:6:BLEPLAT_CNTR_GlobWriteTimer12initdelaycal	16	static
C:/WB0/STM32Cube_FW_WB0_V1.1.0/Projects/NUCLEO-WB09KE/Applications/BLE/BLE_PAwR_Observer/STM32_BLE/Target/bleplat_cntr.c:488:6:BLEPLAT_CNTR_GlobWriteTimer2initdelaynocal	16	static
C:/WB0/STM32Cube_FW_WB0_V1.1.0/Projects/NUCLEO-WB09KE/Applications/BLE/BLE_PAwR_Observer/STM32_BLE/Target/bleplat_cntr.c:493:6:BLEPLAT_CNTR_GlobWriteTxDataReadyCheck	16	static
C:/WB0/STM32Cube_FW_WB0_V1.1.0/Projects/NUCLEO-WB09KE/Applications/BLE/BLE_PAwR_Observer/STM32_BLE/Target/bleplat_cntr.c:498:6:BLEPLAT_CNTR_GlobWriteTxReadyTimeout	16	static
C:/WB0/STM32Cube_FW_WB0_V1.1.0/Projects/NUCLEO-WB09KE/Applications/BLE/BLE_PAwR_Observer/STM32_BLE/Target/bleplat_cntr.c:503:6:BLEPLAT_CNTR_GlobWriteTxdelay	16	static
C:/WB0/STM32Cube_FW_WB0_V1.1.0/Projects/NUCLEO-WB09KE/Applications/BLE/BLE_PAwR_Observer/STM32_BLE/Target/bleplat_cntr.c:508:6:BLEPLAT_CNTR_GlobWriteTxdelayEnd	16	static
C:/WB0/STM32Cube_FW_WB0_V1.1.0/Projects/NUCLEO-WB09KE/Applications/BLE/BLE_PAwR_Observer/STM32_BLE/Target/bleplat_cntr.c:513:10:BLEPLAT_CNTR_IntGetIntStatusAnyHwError	16	static
C:/WB0/STM32Cube_FW_WB0_V1.1.0/Projects/NUCLEO-WB09KE/Applications/BLE/BLE_PAwR_Observer/STM32_BLE/Target/bleplat_cntr.c:518:10:BLEPLAT_CNTR_IntGetIntStatusRxOverflowError	16	static
C:/WB0/STM32Cube_FW_WB0_V1.1.0/Projects/NUCLEO-WB09KE/Applications/BLE/BLE_PAwR_Observer/STM32_BLE/Target/bleplat_cntr.c:523:10:BLEPLAT_CNTR_IntGetIntStatusBitAct2Error	16	static
C:/WB0/STM32Cube_FW_WB0_V1.1.0/Projects/NUCLEO-WB09KE/Applications/BLE/BLE_PAwR_Observer/STM32_BLE/Target/bleplat_cntr.c:528:10:BLEPLAT_CNTR_IntGetIntStatusBitTimerOverrun	16	static
C:/WB0/STM32Cube_FW_WB0_V1.1.0/Projects/NUCLEO-WB09KE/Applications/BLE/BLE_PAwR_Observer/STM32_BLE/Target/bleplat_cntr.c:534:10:BLEPLAT_CNTR_IntGetIntStatusCrcErr	16	static
C:/WB0/STM32Cube_FW_WB0_V1.1.0/Projects/NUCLEO-WB09KE/Applications/BLE/BLE_PAwR_Observer/STM32_BLE/Target/bleplat_cntr.c:541:10:BLEPLAT_CNTR_IntGetIntStatusDone	16	static
C:/WB0/STM32Cube_FW_WB0_V1.1.0/Projects/NUCLEO-WB09KE/Applications/BLE/BLE_PAwR_Observer/STM32_BLE/Target/bleplat_cntr.c:548:10:BLEPLAT_CNTR_IntGetIntStatusEncErr	16	static
C:/WB0/STM32Cube_FW_WB0_V1.1.0/Projects/NUCLEO-WB09KE/Applications/BLE/BLE_PAwR_Observer/STM32_BLE/Target/bleplat_cntr.c:555:10:BLEPLAT_CNTR_IntGetIntStatusLenErr	16	static
C:/WB0/STM32Cube_FW_WB0_V1.1.0/Projects/NUCLEO-WB09KE/Applications/BLE/BLE_PAwR_Observer/STM32_BLE/Target/bleplat_cntr.c:562:10:BLEPLAT_CNTR_IntGetIntStatusNoactiveError	16	static
C:/WB0/STM32Cube_FW_WB0_V1.1.0/Projects/NUCLEO-WB09KE/Applications/BLE/BLE_PAwR_Observer/STM32_BLE/Target/bleplat_cntr.c:569:10:BLEPLAT_CNTR_IntGetIntStatusTxRxSkip	16	static
C:/WB0/STM32Cube_FW_WB0_V1.1.0/Projects/NUCLEO-WB09KE/Applications/BLE/BLE_PAwR_Observer/STM32_BLE/Target/bleplat_cntr.c:576:10:BLEPLAT_CNTR_IntGetIntStatusTxError1	16	static
C:/WB0/STM32Cube_FW_WB0_V1.1.0/Projects/NUCLEO-WB09KE/Applications/BLE/BLE_PAwR_Observer/STM32_BLE/Target/bleplat_cntr.c:583:10:BLEPLAT_CNTR_IntGetIntStatusTxError3	16	static
C:/WB0/STM32Cube_FW_WB0_V1.1.0/Projects/NUCLEO-WB09KE/Applications/BLE/BLE_PAwR_Observer/STM32_BLE/Target/bleplat_cntr.c:590:10:BLEPLAT_CNTR_IntGetIntStatusRxOk	16	static
C:/WB0/STM32Cube_FW_WB0_V1.1.0/Projects/NUCLEO-WB09KE/Applications/BLE/BLE_PAwR_Observer/STM32_BLE/Target/bleplat_cntr.c:597:10:BLEPLAT_CNTR_IntGetIntStatusTimeout	16	static
C:/WB0/STM32Cube_FW_WB0_V1.1.0/Projects/NUCLEO-WB09KE/Applications/BLE/BLE_PAwR_Observer/STM32_BLE/Target/bleplat_cntr.c:604:10:BLEPLAT_CNTR_IntGetIntStatusTrigRcv	16	static
C:/WB0/STM32Cube_FW_WB0_V1.1.0/Projects/NUCLEO-WB09KE/Applications/BLE/BLE_PAwR_Observer/STM32_BLE/Target/bleplat_cntr.c:611:10:BLEPLAT_CNTR_IntGetIntStatusTxDone	16	static
C:/WB0/STM32Cube_FW_WB0_V1.1.0/Projects/NUCLEO-WB09KE/Applications/BLE/BLE_PAwR_Observer/STM32_BLE/Target/bleplat_cntr.c:618:10:BLEPLAT_CNTR_IntGetIntStatusTxOk	16	static
C:/WB0/STM32Cube_FW_WB0_V1.1.0/Projects/NUCLEO-WB09KE/Applications/BLE/BLE_PAwR_Observer/STM32_BLE/Target/bleplat_cntr.c:624:6:BLEPLAT_CNTR_PacketClrCrcinitSel	16	static
C:/WB0/STM32Cube_FW_WB0_V1.1.0/Projects/NUCLEO-WB09KE/Applications/BLE/BLE_PAwR_Observer/STM32_BLE/Target/bleplat_cntr.c:629:6:BLEPLAT_CNTR_PacketClrCteSamplingEn	16	static
C:/WB0/STM32Cube_FW_WB0_V1.1.0/Projects/NUCLEO-WB09KE/Applications/BLE/BLE_PAwR_Observer/STM32_BLE/Target/bleplat_cntr.c:638:6:BLEPLAT_CNTR_PacketClrIncChan	16	static
C:/WB0/STM32Cube_FW_WB0_V1.1.0/Projects/NUCLEO-WB09KE/Applications/BLE/BLE_PAwR_Observer/STM32_BLE/Target/bleplat_cntr.c:643:6:BLEPLAT_CNTR_PacketClrPllTrig	16	static
C:/WB0/STM32Cube_FW_WB0_V1.1.0/Projects/NUCLEO-WB09KE/Applications/BLE/BLE_PAwR_Observer/STM32_BLE/Target/bleplat_cntr.c:648:6:BLEPLAT_CNTR_PacketDisableWhitening	16	static
C:/WB0/STM32Cube_FW_WB0_V1.1.0/Projects/NUCLEO-WB09KE/Applications/BLE/BLE_PAwR_Observer/STM32_BLE/Target/bleplat_cntr.c:653:9:BLEPLAT_CNTR_PacketGetCteSamplingEn	16	static
C:/WB0/STM32Cube_FW_WB0_V1.1.0/Projects/NUCLEO-WB09KE/Applications/BLE/BLE_PAwR_Observer/STM32_BLE/Target/bleplat_cntr.c:663:10:BLEPLAT_CNTR_PacketGetDataPtr	16	static
C:/WB0/STM32Cube_FW_WB0_V1.1.0/Projects/NUCLEO-WB09KE/Applications/BLE/BLE_PAwR_Observer/STM32_BLE/Target/bleplat_cntr.c:668:6:BLEPLAT_CNTR_PacketInitTo0	16	static
C:/WB0/STM32Cube_FW_WB0_V1.1.0/Projects/NUCLEO-WB09KE/Applications/BLE/BLE_PAwR_Observer/STM32_BLE/Target/bleplat_cntr.c:673:6:BLEPLAT_CNTR_PacketSetAdvPduFormat	16	static
C:/WB0/STM32Cube_FW_WB0_V1.1.0/Projects/NUCLEO-WB09KE/Applications/BLE/BLE_PAwR_Observer/STM32_BLE/Target/bleplat_cntr.c:678:6:BLEPLAT_CNTR_PacketSetCrcinitSel	16	static
C:/WB0/STM32Cube_FW_WB0_V1.1.0/Projects/NUCLEO-WB09KE/Applications/BLE/BLE_PAwR_Observer/STM32_BLE/Target/bleplat_cntr.c:683:6:BLEPLAT_CNTR_PacketSetCteSamplingEn	16	static
C:/WB0/STM32Cube_FW_WB0_V1.1.0/Projects/NUCLEO-WB09KE/Applications/BLE/BLE_PAwR_Observer/STM32_BLE/Target/bleplat_cntr.c:692:6:BLEPLAT_CNTR_PacketSetDataPduFormat	16	static
C:/WB0/STM32Cube_FW_WB0_V1.1.0/Projects/NUCLEO-WB09KE/Applications/BLE/BLE_PAwR_Observer/STM32_BLE/Target/bleplat_cntr.c:697:6:BLEPLAT_CNTR_PacketSetDataPtr	16	static
C:/WB0/STM32Cube_FW_WB0_V1.1.0/Projects/NUCLEO-WB09KE/Applications/BLE/BLE_PAwR_Observer/STM32_BLE/Target/bleplat_cntr.c:702:6:BLEPLAT_CNTR_PacketSetIncChan	16	static
C:/WB0/STM32Cube_FW_WB0_V1.1.0/Projects/NUCLEO-WB09KE/Applications/BLE/BLE_PAwR_Observer/STM32_BLE/Target/bleplat_cntr.c:707:6:BLEPLAT_CNTR_PacketSetIntCrcErr	16	static
C:/WB0/STM32Cube_FW_WB0_V1.1.0/Projects/NUCLEO-WB09KE/Applications/BLE/BLE_PAwR_Observer/STM32_BLE/Target/bleplat_cntr.c:712:6:BLEPLAT_CNTR_PacketSetIntDone	16	static
C:/WB0/STM32Cube_FW_WB0_V1.1.0/Projects/NUCLEO-WB09KE/Applications/BLE/BLE_PAwR_Observer/STM32_BLE/Target/bleplat_cntr.c:717:6:BLEPLAT_CNTR_PacketSetIntRcvOk	16	static
C:/WB0/STM32Cube_FW_WB0_V1.1.0/Projects/NUCLEO-WB09KE/Applications/BLE/BLE_PAwR_Observer/STM32_BLE/Target/bleplat_cntr.c:722:6:BLEPLAT_CNTR_PacketSetIntTimeout	16	static
C:/WB0/STM32Cube_FW_WB0_V1.1.0/Projects/NUCLEO-WB09KE/Applications/BLE/BLE_PAwR_Observer/STM32_BLE/Target/bleplat_cntr.c:727:6:BLEPLAT_CNTR_PacketSetIntTrigRcv	16	static
C:/WB0/STM32Cube_FW_WB0_V1.1.0/Projects/NUCLEO-WB09KE/Applications/BLE/BLE_PAwR_Observer/STM32_BLE/Target/bleplat_cntr.c:732:6:BLEPLAT_CNTR_PacketSetIntTxOk	16	static
C:/WB0/STM32Cube_FW_WB0_V1.1.0/Projects/NUCLEO-WB09KE/Applications/BLE/BLE_PAwR_Observer/STM32_BLE/Target/bleplat_cntr.c:737:6:BLEPLAT_CNTR_PacketSetKeepsemareq	16	static
C:/WB0/STM32Cube_FW_WB0_V1.1.0/Projects/NUCLEO-WB09KE/Applications/BLE/BLE_PAwR_Observer/STM32_BLE/Target/bleplat_cntr.c:742:6:BLEPLAT_CNTR_PacketSetNextPtr	16	static
C:/WB0/STM32Cube_FW_WB0_V1.1.0/Projects/NUCLEO-WB09KE/Applications/BLE/BLE_PAwR_Observer/STM32_BLE/Target/bleplat_cntr.c:747:6:BLEPLAT_CNTR_PacketSetNextRxMode	16	static
C:/WB0/STM32Cube_FW_WB0_V1.1.0/Projects/NUCLEO-WB09KE/Applications/BLE/BLE_PAwR_Observer/STM32_BLE/Target/bleplat_cntr.c:752:6:BLEPLAT_CNTR_PacketSetNextSlot	16	static
C:/WB0/STM32Cube_FW_WB0_V1.1.0/Projects/NUCLEO-WB09KE/Applications/BLE/BLE_PAwR_Observer/STM32_BLE/Target/bleplat_cntr.c:757:6:BLEPLAT_CNTR_PacketSetNextTxMode	16	static
C:/WB0/STM32Cube_FW_WB0_V1.1.0/Projects/NUCLEO-WB09KE/Applications/BLE/BLE_PAwR_Observer/STM32_BLE/Target/bleplat_cntr.c:762:6:BLEPLAT_CNTR_PacketSetNsEn	16	static
C:/WB0/STM32Cube_FW_WB0_V1.1.0/Projects/NUCLEO-WB09KE/Applications/BLE/BLE_PAwR_Observer/STM32_BLE/Target/bleplat_cntr.c:767:6:BLEPLAT_CNTR_PacketSetPllTrig	16	static
C:/WB0/STM32Cube_FW_WB0_V1.1.0/Projects/NUCLEO-WB09KE/Applications/BLE/BLE_PAwR_Observer/STM32_BLE/Target/bleplat_cntr.c:772:6:BLEPLAT_CNTR_PacketSetRxReady	16	static
C:/WB0/STM32Cube_FW_WB0_V1.1.0/Projects/NUCLEO-WB09KE/Applications/BLE/BLE_PAwR_Observer/STM32_BLE/Target/bleplat_cntr.c:777:6:BLEPLAT_CNTR_PacketSetTimeout	16	static
C:/WB0/STM32Cube_FW_WB0_V1.1.0/Projects/NUCLEO-WB09KE/Applications/BLE/BLE_PAwR_Observer/STM32_BLE/Target/bleplat_cntr.c:782:6:BLEPLAT_CNTR_PacketSetTimer2Active	16	static
C:/WB0/STM32Cube_FW_WB0_V1.1.0/Projects/NUCLEO-WB09KE/Applications/BLE/BLE_PAwR_Observer/STM32_BLE/Target/bleplat_cntr.c:787:6:BLEPLAT_CNTR_PacketSetTimerTrigDone	16	static
C:/WB0/STM32Cube_FW_WB0_V1.1.0/Projects/NUCLEO-WB09KE/Applications/BLE/BLE_PAwR_Observer/STM32_BLE/Target/bleplat_cntr.c:792:6:BLEPLAT_CNTR_PacketSetTimerTrigRcv	16	static
C:/WB0/STM32Cube_FW_WB0_V1.1.0/Projects/NUCLEO-WB09KE/Applications/BLE/BLE_PAwR_Observer/STM32_BLE/Target/bleplat_cntr.c:797:6:BLEPLAT_CNTR_PacketSetTxReady	16	static
C:/WB0/STM32Cube_FW_WB0_V1.1.0/Projects/NUCLEO-WB09KE/Applications/BLE/BLE_PAwR_Observer/STM32_BLE/Target/bleplat_cntr.c:803:6:BLEPLAT_CNTR_SetRadioConfig	16	static
C:/WB0/STM32Cube_FW_WB0_V1.1.0/Projects/NUCLEO-WB09KE/Applications/BLE/BLE_PAwR_Observer/STM32_BLE/Target/bleplat_cntr.c:808:6:BLEPLAT_CNTR_SetRcvLen	16	static
C:/WB0/STM32Cube_FW_WB0_V1.1.0/Projects/NUCLEO-WB09KE/Applications/BLE/BLE_PAwR_Observer/STM32_BLE/Target/bleplat_cntr.c:814:6:BLEPLAT_CNTR_SmCteOff	16	static
C:/WB0/STM32Cube_FW_WB0_V1.1.0/Projects/NUCLEO-WB09KE/Applications/BLE/BLE_PAwR_Observer/STM32_BLE/Target/bleplat_cntr.c:823:6:BLEPLAT_CNTR_SmCteOn	16	static
C:/WB0/STM32Cube_FW_WB0_V1.1.0/Projects/NUCLEO-WB09KE/Applications/BLE/BLE_PAwR_Observer/STM32_BLE/Target/bleplat_cntr.c:832:6:BLEPLAT_CNTR_SmEnRadioConfig	16	static
C:/WB0/STM32Cube_FW_WB0_V1.1.0/Projects/NUCLEO-WB09KE/Applications/BLE/BLE_PAwR_Observer/STM32_BLE/Target/bleplat_cntr.c:840:6:BLEPLAT_CNTR_SmEncOff	16	static
C:/WB0/STM32Cube_FW_WB0_V1.1.0/Projects/NUCLEO-WB09KE/Applications/BLE/BLE_PAwR_Observer/STM32_BLE/Target/bleplat_cntr.c:846:6:BLEPLAT_CNTR_SmEncOn	16	static
C:/WB0/STM32Cube_FW_WB0_V1.1.0/Projects/NUCLEO-WB09KE/Applications/BLE/BLE_PAwR_Observer/STM32_BLE/Target/bleplat_cntr.c:852:10:BLEPLAT_CNTR_SmGetAccessAddr	16	static
C:/WB0/STM32Cube_FW_WB0_V1.1.0/Projects/NUCLEO-WB09KE/Applications/BLE/BLE_PAwR_Observer/STM32_BLE/Target/bleplat_cntr.c:857:6:BLEPLAT_CNTR_SmGetChannelMap	16	static
C:/WB0/STM32Cube_FW_WB0_V1.1.0/Projects/NUCLEO-WB09KE/Applications/BLE/BLE_PAwR_Observer/STM32_BLE/Target/bleplat_cntr.c:866:9:BLEPLAT_CNTR_SmGetCteAntennaPatternLen	16	static
C:/WB0/STM32Cube_FW_WB0_V1.1.0/Projects/NUCLEO-WB09KE/Applications/BLE/BLE_PAwR_Observer/STM32_BLE/Target/bleplat_cntr.c:875:9:BLEPLAT_CNTR_SmGetCteAodNaoa	16	static
C:/WB0/STM32Cube_FW_WB0_V1.1.0/Projects/NUCLEO-WB09KE/Applications/BLE/BLE_PAwR_Observer/STM32_BLE/Target/bleplat_cntr.c:884:9:BLEPLAT_CNTR_SmGetCteSlotWidth	16	static
C:/WB0/STM32Cube_FW_WB0_V1.1.0/Projects/NUCLEO-WB09KE/Applications/BLE/BLE_PAwR_Observer/STM32_BLE/Target/bleplat_cntr.c:893:9:BLEPLAT_CNTR_SmGetCteStatus	16	static
C:/WB0/STM32Cube_FW_WB0_V1.1.0/Projects/NUCLEO-WB09KE/Applications/BLE/BLE_PAwR_Observer/STM32_BLE/Target/bleplat_cntr.c:902:9:BLEPLAT_CNTR_SmGetCteTime	16	static
C:/WB0/STM32Cube_FW_WB0_V1.1.0/Projects/NUCLEO-WB09KE/Applications/BLE/BLE_PAwR_Observer/STM32_BLE/Target/bleplat_cntr.c:911:11:BLEPLAT_CNTR_SmGetEncIvPtr	16	static
C:/WB0/STM32Cube_FW_WB0_V1.1.0/Projects/NUCLEO-WB09KE/Applications/BLE/BLE_PAwR_Observer/STM32_BLE/Target/bleplat_cntr.c:916:11:BLEPLAT_CNTR_SmGetEncKeyPtr	16	static
C:/WB0/STM32Cube_FW_WB0_V1.1.0/Projects/NUCLEO-WB09KE/Applications/BLE/BLE_PAwR_Observer/STM32_BLE/Target/bleplat_cntr.c:921:9:BLEPLAT_CNTR_SmGetEncStatus	16	static
C:/WB0/STM32Cube_FW_WB0_V1.1.0/Projects/NUCLEO-WB09KE/Applications/BLE/BLE_PAwR_Observer/STM32_BLE/Target/bleplat_cntr.c:926:9:BLEPLAT_CNTR_SmGetHopIncr	16	static
C:/WB0/STM32Cube_FW_WB0_V1.1.0/Projects/NUCLEO-WB09KE/Applications/BLE/BLE_PAwR_Observer/STM32_BLE/Target/bleplat_cntr.c:931:9:BLEPLAT_CNTR_SmGetMode	16	static
C:/WB0/STM32Cube_FW_WB0_V1.1.0/Projects/NUCLEO-WB09KE/Applications/BLE/BLE_PAwR_Observer/STM32_BLE/Target/bleplat_cntr.c:936:10:BLEPLAT_CNTR_SmGetPrevRxPacketDataPtr	16	static
C:/WB0/STM32Cube_FW_WB0_V1.1.0/Projects/NUCLEO-WB09KE/Applications/BLE/BLE_PAwR_Observer/STM32_BLE/Target/bleplat_cntr.c:941:32:BLEPLAT_CNTR_SmGetPrevRxPacketPtr	16	static
C:/WB0/STM32Cube_FW_WB0_V1.1.0/Projects/NUCLEO-WB09KE/Applications/BLE/BLE_PAwR_Observer/STM32_BLE/Target/bleplat_cntr.c:946:10:BLEPLAT_CNTR_SmGetPrevTxPacketDataPtr	16	static
C:/WB0/STM32Cube_FW_WB0_V1.1.0/Projects/NUCLEO-WB09KE/Applications/BLE/BLE_PAwR_Observer/STM32_BLE/Target/bleplat_cntr.c:951:32:BLEPLAT_CNTR_SmGetPrevTxPacketPtr	16	static
C:/WB0/STM32Cube_FW_WB0_V1.1.0/Projects/NUCLEO-WB09KE/Applications/BLE/BLE_PAwR_Observer/STM32_BLE/Target/bleplat_cntr.c:956:9:BLEPLAT_CNTR_SmGetRemapChan	16	static
C:/WB0/STM32Cube_FW_WB0_V1.1.0/Projects/NUCLEO-WB09KE/Applications/BLE/BLE_PAwR_Observer/STM32_BLE/Target/bleplat_cntr.c:961:6:BLEPLAT_CNTR_SmGetRxCount	24	static
C:/WB0/STM32Cube_FW_WB0_V1.1.0/Projects/NUCLEO-WB09KE/Applications/BLE/BLE_PAwR_Observer/STM32_BLE/Target/bleplat_cntr.c:969:9:BLEPLAT_CNTR_SmGetRxPhy	16	static
C:/WB0/STM32Cube_FW_WB0_V1.1.0/Projects/NUCLEO-WB09KE/Applications/BLE/BLE_PAwR_Observer/STM32_BLE/Target/bleplat_cntr.c:974:32:BLEPLAT_CNTR_SmGetTxPacketPtr	16	static
C:/WB0/STM32Cube_FW_WB0_V1.1.0/Projects/NUCLEO-WB09KE/Applications/BLE/BLE_PAwR_Observer/STM32_BLE/Target/bleplat_cntr.c:979:9:BLEPLAT_CNTR_SmGetTxPhy	16	static
C:/WB0/STM32Cube_FW_WB0_V1.1.0/Projects/NUCLEO-WB09KE/Applications/BLE/BLE_PAwR_Observer/STM32_BLE/Target/bleplat_cntr.c:984:9:BLEPLAT_CNTR_SmGetTxPwr	32	static
C:/WB0/STM32Cube_FW_WB0_V1.1.0/Projects/NUCLEO-WB09KE/Applications/BLE/BLE_PAwR_Observer/STM32_BLE/Target/bleplat_cntr.c:997:9:BLEPLAT_CNTR_SmGetUnmappedChan	16	static
C:/WB0/STM32Cube_FW_WB0_V1.1.0/Projects/NUCLEO-WB09KE/Applications/BLE/BLE_PAwR_Observer/STM32_BLE/Target/bleplat_cntr.c:1002:6:BLEPLAT_CNTR_SmInitTo0	16	static
C:/WB0/STM32Cube_FW_WB0_V1.1.0/Projects/NUCLEO-WB09KE/Applications/BLE/BLE_PAwR_Observer/STM32_BLE/Target/bleplat_cntr.c:1008:6:BLEPLAT_CNTR_SmSetAccessAddr	16	static
C:/WB0/STM32Cube_FW_WB0_V1.1.0/Projects/NUCLEO-WB09KE/Applications/BLE/BLE_PAwR_Observer/STM32_BLE/Target/bleplat_cntr.c:1013:6:BLEPLAT_CNTR_SmSetChannelMap	24	static
C:/WB0/STM32Cube_FW_WB0_V1.1.0/Projects/NUCLEO-WB09KE/Applications/BLE/BLE_PAwR_Observer/STM32_BLE/Target/bleplat_cntr.c:1021:6:BLEPLAT_CNTR_SmSetCrcInit	16	static
C:/WB0/STM32Cube_FW_WB0_V1.1.0/Projects/NUCLEO-WB09KE/Applications/BLE/BLE_PAwR_Observer/STM32_BLE/Target/bleplat_cntr.c:1026:6:BLEPLAT_CNTR_SmSetCteAntennaPatternLen	16	static
C:/WB0/STM32Cube_FW_WB0_V1.1.0/Projects/NUCLEO-WB09KE/Applications/BLE/BLE_PAwR_Observer/STM32_BLE/Target/bleplat_cntr.c:1035:10:BLEPLAT_CNTR_SmGetCteAntennaPatternPtr	16	static
C:/WB0/STM32Cube_FW_WB0_V1.1.0/Projects/NUCLEO-WB09KE/Applications/BLE/BLE_PAwR_Observer/STM32_BLE/Target/bleplat_cntr.c:1044:6:BLEPLAT_CNTR_SmSetCteAntennaPatternPtr	16	static
C:/WB0/STM32Cube_FW_WB0_V1.1.0/Projects/NUCLEO-WB09KE/Applications/BLE/BLE_PAwR_Observer/STM32_BLE/Target/bleplat_cntr.c:1053:6:BLEPLAT_CNTR_SmSetCteAoa	16	static
C:/WB0/STM32Cube_FW_WB0_V1.1.0/Projects/NUCLEO-WB09KE/Applications/BLE/BLE_PAwR_Observer/STM32_BLE/Target/bleplat_cntr.c:1062:6:BLEPLAT_CNTR_SmSetCteAod	16	static
C:/WB0/STM32Cube_FW_WB0_V1.1.0/Projects/NUCLEO-WB09KE/Applications/BLE/BLE_PAwR_Observer/STM32_BLE/Target/bleplat_cntr.c:1071:6:BLEPLAT_CNTR_SmSetCteIqsamplesPtr	16	static
C:/WB0/STM32Cube_FW_WB0_V1.1.0/Projects/NUCLEO-WB09KE/Applications/BLE/BLE_PAwR_Observer/STM32_BLE/Target/bleplat_cntr.c:1080:6:BLEPLAT_CNTR_SmSetCteMaxIqsamplesNumb	16	static
C:/WB0/STM32Cube_FW_WB0_V1.1.0/Projects/NUCLEO-WB09KE/Applications/BLE/BLE_PAwR_Observer/STM32_BLE/Target/bleplat_cntr.c:1089:6:BLEPLAT_CNTR_SmSetCteSlotWidth	16	static
C:/WB0/STM32Cube_FW_WB0_V1.1.0/Projects/NUCLEO-WB09KE/Applications/BLE/BLE_PAwR_Observer/STM32_BLE/Target/bleplat_cntr.c:1098:6:BLEPLAT_CNTR_SmSetCteTime	16	static
C:/WB0/STM32Cube_FW_WB0_V1.1.0/Projects/NUCLEO-WB09KE/Applications/BLE/BLE_PAwR_Observer/STM32_BLE/Target/bleplat_cntr.c:1107:6:BLEPLAT_CNTR_SmSetDataLength	16	static
C:/WB0/STM32Cube_FW_WB0_V1.1.0/Projects/NUCLEO-WB09KE/Applications/BLE/BLE_PAwR_Observer/STM32_BLE/Target/bleplat_cntr.c:1112:6:BLEPLAT_CNTR_SmSetDataLengthExtnEn	16	static
C:/WB0/STM32Cube_FW_WB0_V1.1.0/Projects/NUCLEO-WB09KE/Applications/BLE/BLE_PAwR_Observer/STM32_BLE/Target/bleplat_cntr.c:1117:6:BLEPLAT_CNTR_SmSetHopIncr	16	static
C:/WB0/STM32Cube_FW_WB0_V1.1.0/Projects/NUCLEO-WB09KE/Applications/BLE/BLE_PAwR_Observer/STM32_BLE/Target/bleplat_cntr.c:1122:6:BLEPLAT_CNTR_SmSetRemapChan	16	static
C:/WB0/STM32Cube_FW_WB0_V1.1.0/Projects/NUCLEO-WB09KE/Applications/BLE/BLE_PAwR_Observer/STM32_BLE/Target/bleplat_cntr.c:1127:6:BLEPLAT_CNTR_SmSetRxCount	24	static
C:/WB0/STM32Cube_FW_WB0_V1.1.0/Projects/NUCLEO-WB09KE/Applications/BLE/BLE_PAwR_Observer/STM32_BLE/Target/bleplat_cntr.c:1134:6:BLEPLAT_CNTR_SmSetRxCountDirectionBit	24	static
C:/WB0/STM32Cube_FW_WB0_V1.1.0/Projects/NUCLEO-WB09KE/Applications/BLE/BLE_PAwR_Observer/STM32_BLE/Target/bleplat_cntr.c:1140:6:BLEPLAT_CNTR_SmSetRxMode	16	static
C:/WB0/STM32Cube_FW_WB0_V1.1.0/Projects/NUCLEO-WB09KE/Applications/BLE/BLE_PAwR_Observer/STM32_BLE/Target/bleplat_cntr.c:1145:6:BLEPLAT_CNTR_SmSetRxPacketPtr	16	static
C:/WB0/STM32Cube_FW_WB0_V1.1.0/Projects/NUCLEO-WB09KE/Applications/BLE/BLE_PAwR_Observer/STM32_BLE/Target/bleplat_cntr.c:1150:6:BLEPLAT_CNTR_SmSetRxPhy	16	static
C:/WB0/STM32Cube_FW_WB0_V1.1.0/Projects/NUCLEO-WB09KE/Applications/BLE/BLE_PAwR_Observer/STM32_BLE/Target/bleplat_cntr.c:1155:6:BLEPLAT_CNTR_SmSetTxCount	16	static
C:/WB0/STM32Cube_FW_WB0_V1.1.0/Projects/NUCLEO-WB09KE/Applications/BLE/BLE_PAwR_Observer/STM32_BLE/Target/bleplat_cntr.c:1161:6:BLEPLAT_CNTR_SmSetTxCountDirectionBit	24	static
C:/WB0/STM32Cube_FW_WB0_V1.1.0/Projects/NUCLEO-WB09KE/Applications/BLE/BLE_PAwR_Observer/STM32_BLE/Target/bleplat_cntr.c:1167:6:BLEPLAT_CNTR_SmSetTxMode	16	static
C:/WB0/STM32Cube_FW_WB0_V1.1.0/Projects/NUCLEO-WB09KE/Applications/BLE/BLE_PAwR_Observer/STM32_BLE/Target/bleplat_cntr.c:1172:6:BLEPLAT_CNTR_SmSetTxPacketPtr	16	static
C:/WB0/STM32Cube_FW_WB0_V1.1.0/Projects/NUCLEO-WB09KE/Applications/BLE/BLE_PAwR_Observer/STM32_BLE/Target/bleplat_cntr.c:1177:6:BLEPLAT_CNTR_SmSetTxPhy	16	static
C:/WB0/STM32Cube_FW_WB0_V1.1.0/Projects/NUCLEO-WB09KE/Applications/BLE/BLE_PAwR_Observer/STM32_BLE/Target/bleplat_cntr.c:1182:6:BLEPLAT_CNTR_SmEnTxHp	16	static
C:/WB0/STM32Cube_FW_WB0_V1.1.0/Projects/NUCLEO-WB09KE/Applications/BLE/BLE_PAwR_Observer/STM32_BLE/Target/bleplat_cntr.c:1197:6:BLEPLAT_CNTR_SmSetTxPwr	16	static
C:/WB0/STM32Cube_FW_WB0_V1.1.0/Projects/NUCLEO-WB09KE/Applications/BLE/BLE_PAwR_Observer/STM32_BLE/Target/bleplat_cntr.c:1214:6:BLEPLAT_CNTR_SmSetUnmappedChan	16	static
C:/WB0/STM32Cube_FW_WB0_V1.1.0/Projects/NUCLEO-WB09KE/Applications/BLE/BLE_PAwR_Observer/STM32_BLE/Target/bleplat_cntr.c:1219:6:BLEPLAT_CNTR_SmToggleNesn	16	static
C:/WB0/STM32Cube_FW_WB0_V1.1.0/Projects/NUCLEO-WB09KE/Applications/BLE/BLE_PAwR_Observer/STM32_BLE/Target/bleplat_cntr.c:1224:6:BLEPLAT_CNTR_SmToggleSn	16	static
C:/WB0/STM32Cube_FW_WB0_V1.1.0/Projects/NUCLEO-WB09KE/Applications/BLE/BLE_PAwR_Observer/STM32_BLE/Target/bleplat_cntr.c:1229:6:BLEPLAT_CNTR_StartEncrypt	8	static
C:/WB0/STM32Cube_FW_WB0_V1.1.0/Projects/NUCLEO-WB09KE/Applications/BLE/BLE_PAwR_Observer/STM32_BLE/Target/bleplat_cntr.c:1234:10:BLEPLAT_CNTR_TimeDiff	16	static
C:/WB0/STM32Cube_FW_WB0_V1.1.0/Projects/NUCLEO-WB09KE/Applications/BLE/BLE_PAwR_Observer/STM32_BLE/Target/bleplat_cntr.c:1239:9:BLEPLAT_CNTR_DemodDelaySt	16	static
