C:/WB0/STM32Cube_FW_WB0_V1.1.0/Middlewares/ST/STM32_BLE/stack/config/ble_stack_user_cfg.c:148:12:GAP_set_advertising_configuration_ucfg	72	static
C:/WB0/STM32Cube_FW_WB0_V1.1.0/Middlewares/ST/STM32_BLE/stack/config/ble_stack_user_cfg.c:185:12:GAP_set_scan_response_data_ucfg	16	static
C:/WB0/STM32Cube_FW_WB0_V1.1.0/Middlewares/ST/STM32_BLE/stack/config/ble_stack_user_cfg.c:198:12:GAP_set_advertising_data_ucfg	24	static
C:/WB0/STM32Cube_FW_WB0_V1.1.0/Middlewares/ST/STM32_BLE/stack/config/ble_stack_user_cfg.c:213:12:GAP_set_advertising_enable_ucfg	16	static
C:/WB0/STM32Cube_FW_WB0_V1.1.0/Middlewares/ST/STM32_BLE/stack/config/ble_stack_user_cfg.c:227:12:GAP_create_connection_ucfg	32	static
C:/WB0/STM32Cube_FW_WB0_V1.1.0/Middlewares/ST/STM32_BLE/stack/config/ble_stack_user_cfg.c:245:12:GAP_set_scan_parameters_ucfg	16	static
C:/WB0/STM32Cube_FW_WB0_V1.1.0/Middlewares/ST/STM32_BLE/stack/config/ble_stack_user_cfg.c:257:12:GAP_enable_disable_scan_ucfg	16	static
C:/WB0/STM32Cube_FW_WB0_V1.1.0/Middlewares/ST/STM32_BLE/stack/config/ble_stack_user_cfg.c:276:12:GAP_connection_procedure_ucfg	24	static
C:/WB0/STM32Cube_FW_WB0_V1.1.0/Middlewares/ST/STM32_BLE/stack/config/ble_stack_user_cfg.c:291:12:GAP_terminate_gap_procedure_ucfg	16	static
C:/WB0/STM32Cube_FW_WB0_V1.1.0/Middlewares/ST/STM32_BLE/stack/config/ble_stack_user_cfg.c:301:12:GAP_discover_peer_name_ucfg	8	static
C:/WB0/STM32Cube_FW_WB0_V1.1.0/Middlewares/ST/STM32_BLE/stack/config/ble_stack_user_cfg.c:311:6:GAP_name_disc_proc_connected_check_ucfg	16	static
C:/WB0/STM32Cube_FW_WB0_V1.1.0/Middlewares/ST/STM32_BLE/stack/config/ble_stack_user_cfg.c:333:6:GAP_central_connection_complete_handler_ucfg	16	static
C:/WB0/STM32Cube_FW_WB0_V1.1.0/Middlewares/ST/STM32_BLE/stack/config/ble_stack_user_cfg.c:345:9:GAP_parse_connectable_advertising_report_ucfg	16	static
C:/WB0/STM32Cube_FW_WB0_V1.1.0/Middlewares/ST/STM32_BLE/stack/config/ble_stack_user_cfg.c:357:9:GAP_parse_advertising_report_ucfg	16	static
C:/WB0/STM32Cube_FW_WB0_V1.1.0/Middlewares/ST/STM32_BLE/stack/config/ble_stack_user_cfg.c:369:6:GAP_DiscProcTimeoutcb_ucfg	16	static
C:/WB0/STM32Cube_FW_WB0_V1.1.0/Middlewares/ST/STM32_BLE/stack/config/ble_stack_user_cfg.c:379:6:GAP_LimDiscTimeoutcb_ucfg	16	static
C:/WB0/STM32Cube_FW_WB0_V1.1.0/Middlewares/ST/STM32_BLE/stack/config/ble_stack_user_cfg.c:388:6:GAP_hci_le_advertising_set_terminated_evt_hndl_ucfg	16	static
C:/WB0/STM32Cube_FW_WB0_V1.1.0/Middlewares/ST/STM32_BLE/stack/config/ble_stack_user_cfg.c:400:6:GAP_peripheral_connection_complete_handler_ucfg	16	static
C:/WB0/STM32Cube_FW_WB0_V1.1.0/Middlewares/ST/STM32_BLE/stack/config/ble_stack_user_cfg.c:410:12:GAP_enable_controller_privacy_ucfg	16	static
C:/WB0/STM32Cube_FW_WB0_V1.1.0/Middlewares/ST/STM32_BLE/stack/config/ble_stack_user_cfg.c:421:12:GAP_add_device_to_filter_accept_and_resolving_list_ucfg	16	static
C:/WB0/STM32Cube_FW_WB0_V1.1.0/Middlewares/ST/STM32_BLE/stack/config/ble_stack_user_cfg.c:434:12:GAP_clear_filter_accept_and_resolving_list_ucfg	16	static
C:/WB0/STM32Cube_FW_WB0_V1.1.0/Middlewares/ST/STM32_BLE/stack/config/ble_stack_user_cfg.c:443:12:GAP_set_controller_random_address_ucfg	16	static
C:/WB0/STM32Cube_FW_WB0_V1.1.0/Middlewares/ST/STM32_BLE/stack/config/ble_stack_user_cfg.c:452:12:GAP_init_advertising_sets_ucfg	16	static
C:/WB0/STM32Cube_FW_WB0_V1.1.0/Middlewares/ST/STM32_BLE/stack/config/ble_stack_user_cfg.c:461:12:GAP_suspend_resume_active_advertising_sets_ucfg	16	static
C:/WB0/STM32Cube_FW_WB0_V1.1.0/Middlewares/ST/STM32_BLE/stack/config/ble_stack_user_cfg.c:470:6:GAP_ResumeAdvertising_ucfg	16	static
C:/WB0/STM32Cube_FW_WB0_V1.1.0/Middlewares/ST/STM32_BLE/stack/config/ble_stack_user_cfg.c:478:12:hci_acl_data_tx_cmpl_event_int_cb_ucfg	16	static
C:/WB0/STM32Cube_FW_WB0_V1.1.0/Middlewares/ST/STM32_BLE/stack/config/ble_stack_user_cfg.c:487:12:hci_acl_data_ind_event_int_cb_ucfg	16	static
C:/WB0/STM32Cube_FW_WB0_V1.1.0/Middlewares/ST/STM32_BLE/stack/config/ble_stack_user_cfg.c:576:6:Controller_Process_Q_ucfg	16	static
C:/WB0/STM32Cube_FW_WB0_V1.1.0/Middlewares/ST/STM32_BLE/stack/config/ble_stack_user_cfg.c:583:6:LLC_offline_control_procedures_processing_ucfg	16	static
C:/WB0/STM32Cube_FW_WB0_V1.1.0/Middlewares/ST/STM32_BLE/stack/config/ble_stack_user_cfg.c:597:9:hci_le_check_own_address_type_max_value_ucfg	8	static
C:/WB0/STM32Cube_FW_WB0_V1.1.0/Middlewares/ST/STM32_BLE/stack/config/ble_stack_user_cfg.c:604:10:data_length_extension_csr_ucfg	8	static
C:/WB0/STM32Cube_FW_WB0_V1.1.0/Middlewares/ST/STM32_BLE/stack/config/ble_stack_user_cfg.c:620:10:phy_upd_csr_ucfg	8	static
C:/WB0/STM32Cube_FW_WB0_V1.1.0/Middlewares/ST/STM32_BLE/stack/config/ble_stack_user_cfg.c:627:10:scan_csr_ucfg	8	static
C:/WB0/STM32Cube_FW_WB0_V1.1.0/Middlewares/ST/STM32_BLE/stack/config/ble_stack_user_cfg.c:634:10:conn_supp_csr_ucfg	8	static
C:/WB0/STM32Cube_FW_WB0_V1.1.0/Middlewares/ST/STM32_BLE/stack/config/ble_stack_user_cfg.c:657:12:ACL_pkt_init_ucfg	8	static
C:/WB0/STM32Cube_FW_WB0_V1.1.0/Middlewares/ST/STM32_BLE/stack/config/ble_stack_user_cfg.c:664:12:hci_disconnection_complete_event_int_cb_ucfg	16	static
C:/WB0/STM32Cube_FW_WB0_V1.1.0/Middlewares/ST/STM32_BLE/stack/config/ble_stack_user_cfg.c:673:12:hci_encryption_change_event_int_cb_ucfg	16	static
C:/WB0/STM32Cube_FW_WB0_V1.1.0/Middlewares/ST/STM32_BLE/stack/config/ble_stack_user_cfg.c:682:12:hci_encryption_key_refresh_complete_event_int_cb_ucfg	16	static
C:/WB0/STM32Cube_FW_WB0_V1.1.0/Middlewares/ST/STM32_BLE/stack/config/ble_stack_user_cfg.c:691:12:hci_le_connection_complete_event_int_cb_ucfg	16	static
C:/WB0/STM32Cube_FW_WB0_V1.1.0/Middlewares/ST/STM32_BLE/stack/config/ble_stack_user_cfg.c:700:12:hci_le_enhanced_connection_complete_event_int_cb_ucfg	16	static
C:/WB0/STM32Cube_FW_WB0_V1.1.0/Middlewares/ST/STM32_BLE/stack/config/ble_stack_user_cfg.c:709:12:hci_le_long_term_key_request_event_int_cb_ucfg	16	static
C:/WB0/STM32Cube_FW_WB0_V1.1.0/Middlewares/ST/STM32_BLE/stack/config/ble_stack_user_cfg.c:718:12:hci_le_read_local_p256_public_key_complete_event_int_cb_ucfg	16	static
C:/WB0/STM32Cube_FW_WB0_V1.1.0/Middlewares/ST/STM32_BLE/stack/config/ble_stack_user_cfg.c:727:12:hci_le_generate_dhkey_complete_event_int_cb_ucfg	16	static
C:/WB0/STM32Cube_FW_WB0_V1.1.0/Middlewares/ST/STM32_BLE/stack/config/ble_stack_user_cfg.c:736:12:hci_le_advertising_report_event_int_cb_ucfg	16	static
C:/WB0/STM32Cube_FW_WB0_V1.1.0/Middlewares/ST/STM32_BLE/stack/config/ble_stack_user_cfg.c:746:12:hci_le_directed_advertising_report_event_int_cb_ucfg	16	static
C:/WB0/STM32Cube_FW_WB0_V1.1.0/Middlewares/ST/STM32_BLE/stack/config/ble_stack_user_cfg.c:757:12:hci_le_extended_advertising_report_event_int_cb_ucfg	16	static
C:/WB0/STM32Cube_FW_WB0_V1.1.0/Middlewares/ST/STM32_BLE/stack/config/ble_stack_user_cfg.c:768:12:hci_le_scan_timeout_event_int_cb_ucfg	16	static
C:/WB0/STM32Cube_FW_WB0_V1.1.0/Middlewares/ST/STM32_BLE/stack/config/ble_stack_user_cfg.c:778:12:hci_le_advertising_set_terminated_event_int_cb_ucfg	16	static
C:/WB0/STM32Cube_FW_WB0_V1.1.0/Middlewares/ST/STM32_BLE/stack/config/ble_stack_user_cfg.c:790:12:hci_le_enhanced_connection_complete_v2_event_int_cb_ucfg	16	static
C:/WB0/STM32Cube_FW_WB0_V1.1.0/Middlewares/ST/STM32_BLE/stack/config/ble_stack_user_cfg.c:803:12:MBM_init_ucfg	8	static
C:/WB0/STM32Cube_FW_WB0_V1.1.0/Middlewares/ST/STM32_BLE/stack/config/ble_stack_user_cfg.c:812:12:smp_debug_trudy__set_config_ucfg	16	static
C:/WB0/STM32Cube_FW_WB0_V1.1.0/Middlewares/ST/STM32_BLE/stack/config/ble_stack_user_cfg.c:822:10:secure_connections_csr_ucfg	8	static
C:/WB0/STM32Cube_FW_WB0_V1.1.0/Middlewares/ST/STM32_BLE/stack/config/ble_stack_user_cfg.c:832:12:smp_sap_scp_force_debug_key_usage_ucfg	16	static
C:/WB0/STM32Cube_FW_WB0_V1.1.0/Middlewares/ST/STM32_BLE/stack/config/ble_stack_user_cfg.c:842:6:smp_sap_hci_le_read_local_p256_public_key_complete_evt_hndl_ucfg	16	static
C:/WB0/STM32Cube_FW_WB0_V1.1.0/Middlewares/ST/STM32_BLE/stack/config/ble_stack_user_cfg.c:855:6:smp_sap_hci_le_generate_dhkey_complete_evt_hndl_ucfg	16	static
C:/WB0/STM32Cube_FW_WB0_V1.1.0/Middlewares/ST/STM32_BLE/stack/config/ble_stack_user_cfg.c:986:12:L2C_init_ucfg	16	static
C:/WB0/STM32Cube_FW_WB0_V1.1.0/Middlewares/ST/STM32_BLE/stack/config/ble_stack_user_cfg.c:1018:12:llc_conn_multi_link_connection_ucfg	16	static
C:/WB0/STM32Cube_FW_WB0_V1.1.0/Middlewares/ST/STM32_BLE/stack/config/ble_stack_user_cfg.c:1025:6:llc_conn_peripheral_roll_back_params_tsk_ucfg	16	static
C:/WB0/STM32Cube_FW_WB0_V1.1.0/Middlewares/ST/STM32_BLE/stack/config/ble_stack_user_cfg.c:1032:9:llc_check_sreq_or_creq_tx_addr_ucfg	40	static
C:/WB0/STM32Cube_FW_WB0_V1.1.0/Middlewares/ST/STM32_BLE/stack/config/ble_stack_user_cfg.c:1051:9:llc_check_adv_or_srsp_or_crsp_tx_addr_ucfg	40	static
C:/WB0/STM32Cube_FW_WB0_V1.1.0/Middlewares/ST/STM32_BLE/stack/config/ble_stack_user_cfg.c:1068:9:llc_check_adv_or_crsp_rx_addr_ucfg	40	static
C:/WB0/STM32Cube_FW_WB0_V1.1.0/Middlewares/ST/STM32_BLE/stack/config/ble_stack_user_cfg.c:1626:6:llc_padv_mem_allocate_ucfg	24	static
C:/WB0/STM32Cube_FW_WB0_V1.1.0/Middlewares/ST/STM32_BLE/stack/config/ble_stack_user_cfg.c:1654:6:llc_padv_init_ucfg	8	static
C:/WB0/STM32Cube_FW_WB0_V1.1.0/Middlewares/ST/STM32_BLE/stack/config/ble_stack_user_cfg.c:1663:12:llc_padv_set_periodic_advertising_data_ucfg	40	static
C:/WB0/STM32Cube_FW_WB0_V1.1.0/Middlewares/ST/STM32_BLE/stack/config/ble_stack_user_cfg.c:1678:9:llc_padv_check_if_syncinfo_is_included_and_start_periodic_advertising_ucfg	16	static
C:/WB0/STM32Cube_FW_WB0_V1.1.0/Middlewares/ST/STM32_BLE/stack/config/ble_stack_user_cfg.c:1687:9:llc_padv_update_sync_info_ucfg	16	static
C:/WB0/STM32Cube_FW_WB0_V1.1.0/Middlewares/ST/STM32_BLE/stack/config/ble_stack_user_cfg.c:1698:6:llc_padv_prepare_periodic_advertising_payload_ucfg	24	static
C:/WB0/STM32Cube_FW_WB0_V1.1.0/Middlewares/ST/STM32_BLE/stack/config/ble_stack_user_cfg.c:1711:10:llc_padv_periodic_adv_sync_csr_ucfg	8	static
C:/WB0/STM32Cube_FW_WB0_V1.1.0/Middlewares/ST/STM32_BLE/stack/config/ble_stack_user_cfg.c:1722:9:llc_padv_wr_create_connection_cancel_ucfg	16	static
C:/WB0/STM32Cube_FW_WB0_V1.1.0/Middlewares/ST/STM32_BLE/stack/config/ble_stack_user_cfg.c:1737:6:llc_padv_wr_set_start_parameters_ucfg	16	static
C:/WB0/STM32Cube_FW_WB0_V1.1.0/Middlewares/ST/STM32_BLE/stack/config/ble_stack_user_cfg.c:1750:12:llc_padv_wr_set_periodic_advertising_subevent_data_ucfg	16	static
C:/WB0/STM32Cube_FW_WB0_V1.1.0/Middlewares/ST/STM32_BLE/stack/config/ble_stack_user_cfg.c:1763:9:llc_padv_wr_set_ctrdata_ucfg	16	static
C:/WB0/STM32Cube_FW_WB0_V1.1.0/Middlewares/ST/STM32_BLE/stack/config/ble_stack_user_cfg.c:1778:6:llc_padv_wr_set_acad_ucfg	16	static
C:/WB0/STM32Cube_FW_WB0_V1.1.0/Middlewares/ST/STM32_BLE/stack/config/ble_stack_user_cfg.c:1793:6:llc_padv_wr_init_anchors_and_counters_ucfg	16	static
C:/WB0/STM32Cube_FW_WB0_V1.1.0/Middlewares/ST/STM32_BLE/stack/config/ble_stack_user_cfg.c:1806:10:llc_padv_periodic_adv_sync_wr_csr_ucfg	8	static
C:/WB0/STM32Cube_FW_WB0_V1.1.0/Middlewares/ST/STM32_BLE/stack/config/ble_stack_user_cfg.c:1819:6:llc_padv_wr_disable_ext_ucfg	16	static
C:/WB0/STM32Cube_FW_WB0_V1.1.0/Middlewares/ST/STM32_BLE/stack/config/ble_stack_user_cfg.c:1829:6:llc_priv_generate_peer_rpa_from_peer_id_ucfg	16	static
C:/WB0/STM32Cube_FW_WB0_V1.1.0/Middlewares/ST/STM32_BLE/stack/config/ble_stack_user_cfg.c:1838:6:llc_priv_init_ucfg	16	static
C:/WB0/STM32Cube_FW_WB0_V1.1.0/Middlewares/ST/STM32_BLE/stack/config/ble_stack_user_cfg.c:1845:6:llc_priv_generate_local_rpa_from_peer_id_ucfg	16	static
C:/WB0/STM32Cube_FW_WB0_V1.1.0/Middlewares/ST/STM32_BLE/stack/config/ble_stack_user_cfg.c:1854:6:llc_priv_offline_rpa_resolution_ucfg	16	static
C:/WB0/STM32Cube_FW_WB0_V1.1.0/Middlewares/ST/STM32_BLE/stack/config/ble_stack_user_cfg.c:1861:10:llc_priv_controller_privacy_csr_ucfg	8	static
C:/WB0/STM32Cube_FW_WB0_V1.1.0/Middlewares/ST/STM32_BLE/stack/config/ble_stack_user_cfg.c:1868:6:llc_priv_set_filter_accept_list_flag_in_resolving_list_ucfg	16	static
C:/WB0/STM32Cube_FW_WB0_V1.1.0/Middlewares/ST/STM32_BLE/stack/config/ble_stack_user_cfg.c:1877:6:llc_priv_clr_all_filter_accept_list_flags_in_resolving_list_ucfg	8	static
C:/WB0/STM32Cube_FW_WB0_V1.1.0/Middlewares/ST/STM32_BLE/stack/config/ble_stack_user_cfg.c:1884:6:llc_priv_start_privacy_timer_ucfg	8	static
C:/WB0/STM32Cube_FW_WB0_V1.1.0/Middlewares/ST/STM32_BLE/stack/config/ble_stack_user_cfg.c:1891:6:llc_priv_stop_privacy_timer_ucfg	8	static
C:/WB0/STM32Cube_FW_WB0_V1.1.0/Middlewares/ST/STM32_BLE/stack/config/ble_stack_user_cfg.c:1898:6:llc_priv_init_random_part_of_one_local_rpa_ucfg	16	static
C:/WB0/STM32Cube_FW_WB0_V1.1.0/Middlewares/ST/STM32_BLE/stack/config/ble_stack_user_cfg.c:1905:6:llc_priv_enable_rpa_change_at_timeout_ucfg	16	static
C:/WB0/STM32Cube_FW_WB0_V1.1.0/Middlewares/ST/STM32_BLE/stack/config/ble_stack_user_cfg.c:1912:9:llc_priv_is_rpa_change_at_timeout_enabled_ucfg	8	static
C:/WB0/STM32Cube_FW_WB0_V1.1.0/Middlewares/ST/STM32_BLE/stack/config/ble_stack_user_cfg.c:1934:9:llc_pscan_isr_ucfg	16	static
C:/WB0/STM32Cube_FW_WB0_V1.1.0/Middlewares/ST/STM32_BLE/stack/config/ble_stack_user_cfg.c:1945:6:llc_pscan_init_ucfg	8	static
C:/WB0/STM32Cube_FW_WB0_V1.1.0/Middlewares/ST/STM32_BLE/stack/config/ble_stack_user_cfg.c:1956:6:llc_pscan_mem_allocate_ucfg	24	static
C:/WB0/STM32Cube_FW_WB0_V1.1.0/Middlewares/ST/STM32_BLE/stack/config/ble_stack_user_cfg.c:1971:9:llc_pscan_create_sync_pending_ucfg	8	static
C:/WB0/STM32Cube_FW_WB0_V1.1.0/Middlewares/ST/STM32_BLE/stack/config/ble_stack_user_cfg.c:1997:6:llc_pscan_push_padv_report_event_ucfg	16	static
C:/WB0/STM32Cube_FW_WB0_V1.1.0/Middlewares/ST/STM32_BLE/stack/config/ble_stack_user_cfg.c:2012:6:llc_pscan_push_past_received_event_ucfg	16	static
C:/WB0/STM32Cube_FW_WB0_V1.1.0/Middlewares/ST/STM32_BLE/stack/config/ble_stack_user_cfg.c:2027:6:llc_pscan_push_sync_established_event_ucfg	16	static
C:/WB0/STM32Cube_FW_WB0_V1.1.0/Middlewares/ST/STM32_BLE/stack/config/ble_stack_user_cfg.c:2040:9:llc_pscan_check_address_ucfg	16	static
C:/WB0/STM32Cube_FW_WB0_V1.1.0/Middlewares/ST/STM32_BLE/stack/config/ble_stack_user_cfg.c:2051:6:llc_pscan_synchronizing_ucfg	16	static
C:/WB0/STM32Cube_FW_WB0_V1.1.0/Middlewares/ST/STM32_BLE/stack/config/ble_stack_user_cfg.c:2077:6:llc_pscan_wr_init_ucfg	8	static
C:/WB0/STM32Cube_FW_WB0_V1.1.0/Middlewares/ST/STM32_BLE/stack/config/ble_stack_user_cfg.c:2092:6:llc_pscan_wr_mem_allocate_ucfg	32	static
C:/WB0/STM32Cube_FW_WB0_V1.1.0/Middlewares/ST/STM32_BLE/stack/config/ble_stack_user_cfg.c:2115:6:llc_pscan_wr_per_init_ucfg	16	static
C:/WB0/STM32Cube_FW_WB0_V1.1.0/Middlewares/ST/STM32_BLE/stack/config/ble_stack_user_cfg.c:2130:6:llc_pscan_wr_config_tx_blue_sm_ucfg	16	static
C:/WB0/STM32Cube_FW_WB0_V1.1.0/Middlewares/ST/STM32_BLE/stack/config/ble_stack_user_cfg.c:2147:9:llc_pscan_wr_get_pawr_info_ucfg	32	static
C:/WB0/STM32Cube_FW_WB0_V1.1.0/Middlewares/ST/STM32_BLE/stack/config/ble_stack_user_cfg.c:2166:9:llc_pscan_wr_check_pawr_active_ucfg	16	static
C:/WB0/STM32Cube_FW_WB0_V1.1.0/Middlewares/ST/STM32_BLE/stack/config/ble_stack_user_cfg.c:2181:9:llc_pscan_wr_check_pawr_info_ucfg	16	static
C:/WB0/STM32Cube_FW_WB0_V1.1.0/Middlewares/ST/STM32_BLE/stack/config/ble_stack_user_cfg.c:2196:9:llc_pscan_wr_reserve_taskslots_ucfg	16	static
C:/WB0/STM32Cube_FW_WB0_V1.1.0/Middlewares/ST/STM32_BLE/stack/config/ble_stack_user_cfg.c:2213:6:llc_pscan_wr_set_pscan_cntxt_ucfg	16	static
C:/WB0/STM32Cube_FW_WB0_V1.1.0/Middlewares/ST/STM32_BLE/stack/config/ble_stack_user_cfg.c:2230:6:llc_pscan_wr_set_scheduler_params_ucfg	16	static
C:/WB0/STM32Cube_FW_WB0_V1.1.0/Middlewares/ST/STM32_BLE/stack/config/ble_stack_user_cfg.c:2242:6:llc_scan_conn_ind_sent_ucfg	16	static
C:/WB0/STM32Cube_FW_WB0_V1.1.0/Middlewares/ST/STM32_BLE/stack/config/ble_stack_user_cfg.c:2252:9:llc_scan_isr_uncoded_ucfg	16	static
C:/WB0/STM32Cube_FW_WB0_V1.1.0/Middlewares/ST/STM32_BLE/stack/config/ble_stack_user_cfg.c:2260:9:llc_scan_isr_coded_ucfg	16	static
C:/WB0/STM32Cube_FW_WB0_V1.1.0/Middlewares/ST/STM32_BLE/stack/config/ble_stack_user_cfg.c:2269:9:llc_scan_process_ext_adv_ucfg	40	static
C:/WB0/STM32Cube_FW_WB0_V1.1.0/Middlewares/ST/STM32_BLE/stack/config/ble_stack_user_cfg.c:2289:6:llc_scan_aux_conn_rsp_rcvd_ucfg	24	static
C:/WB0/STM32Cube_FW_WB0_V1.1.0/Middlewares/ST/STM32_BLE/stack/config/ble_stack_user_cfg.c:2302:6:llc_scan_init_ucfg	16	static
C:/WB0/STM32Cube_FW_WB0_V1.1.0/Middlewares/ST/STM32_BLE/stack/config/ble_stack_user_cfg.c:2309:6:llc_scan_mem_allocate_ucfg	16	static
C:/WB0/STM32Cube_FW_WB0_V1.1.0/Middlewares/ST/STM32_BLE/stack/config/ble_stack_user_cfg.c:2319:6:llc_scan_prepare_conn_ind_req_ucfg	16	static
C:/WB0/STM32Cube_FW_WB0_V1.1.0/Middlewares/ST/STM32_BLE/stack/config/ble_stack_user_cfg.c:2332:6:llc_scan_enable_extended_ucfg	16	static
C:/WB0/STM32Cube_FW_WB0_V1.1.0/Middlewares/ST/STM32_BLE/stack/config/ble_stack_user_cfg.c:2341:6:llc_scan_push_ext_adv_report_ucfg	24	static
C:/WB0/STM32Cube_FW_WB0_V1.1.0/Middlewares/ST/STM32_BLE/stack/config/ble_stack_user_cfg.c:2356:12:llc_scan_reserve_taskslots_ucfg	16	static
C:/WB0/STM32Cube_FW_WB0_V1.1.0/Middlewares/ST/STM32_BLE/stack/config/ble_stack_user_cfg.c:2368:6:llc_scan_set_conn_params_ucfg	40	static
C:/WB0/STM32Cube_FW_WB0_V1.1.0/Middlewares/ST/STM32_BLE/stack/config/ble_stack_user_cfg.c:2380:6:llc_scan_disable_ucfg	16	static
C:/WB0/STM32Cube_FW_WB0_V1.1.0/Middlewares/ST/STM32_BLE/stack/config/ble_stack_user_cfg.c:2388:9:llc_scan_stop_ucfg	16	static
C:/WB0/STM32Cube_FW_WB0_V1.1.0/Middlewares/ST/STM32_BLE/stack/config/ble_stack_user_cfg.c:2455:6:LL_cpe_init_length_update_ucfg	8	static
C:/WB0/STM32Cube_FW_WB0_V1.1.0/Middlewares/ST/STM32_BLE/stack/config/ble_stack_user_cfg.c:2464:6:LL_cpe_init_phy_update_ucfg	8	static
C:/WB0/STM32Cube_FW_WB0_V1.1.0/Middlewares/ST/STM32_BLE/stack/config/ble_stack_user_cfg.c:2483:6:LL_cpe_init_past_ucfg	8	static
C:/WB0/STM32Cube_FW_WB0_V1.1.0/Middlewares/ST/STM32_BLE/stack/config/ble_stack_user_cfg.c:2501:6:LL_cpe_init_conn_update_ucfg	8	static
C:/WB0/STM32Cube_FW_WB0_V1.1.0/Middlewares/ST/STM32_BLE/stack/config/ble_stack_user_cfg.c:2508:6:LL_cpe_init_chmap_update_ucfg	8	static
C:/WB0/STM32Cube_FW_WB0_V1.1.0/Middlewares/ST/STM32_BLE/stack/config/ble_stack_user_cfg.c:2564:6:LL_cpe_init_ucfg	8	static
C:/WB0/STM32Cube_FW_WB0_V1.1.0/Middlewares/ST/STM32_BLE/stack/config/ble_stack_user_cfg.c:2595:9:LLC_channel_map_update_offline_processing_ucfg	16	static
C:/WB0/STM32Cube_FW_WB0_V1.1.0/Middlewares/ST/STM32_BLE/stack/config/ble_stack_user_cfg.c:2641:6:LL_conn_upd_max_tx_time_coded_ucfg	16	static
C:/WB0/STM32Cube_FW_WB0_V1.1.0/Middlewares/ST/STM32_BLE/stack/config/ble_stack_user_cfg.c:2650:6:LL_conn_upd_data_length_change_event_ucfg	16	static
C:/WB0/STM32Cube_FW_WB0_V1.1.0/Middlewares/ST/STM32_BLE/stack/config/ble_stack_user_cfg.c:2707:6:LLC_authenticated_payload_timeout_processing_ucfg	16	static
C:/WB0/STM32Cube_FW_WB0_V1.1.0/Middlewares/ST/STM32_BLE/stack/config/ble_stack_user_cfg.c:2717:6:llc_past_mem_allocate_ucfg	24	static
C:/WB0/STM32Cube_FW_WB0_V1.1.0/Middlewares/ST/STM32_BLE/stack/config/ble_stack_user_cfg.c:2736:6:LL_past_load_txctrl_packet_from_scanner_ucfg	40	static
C:/WB0/STM32Cube_FW_WB0_V1.1.0/Middlewares/ST/STM32_BLE/stack/config/ble_stack_user_cfg.c:2759:6:LL_periodicscan_deploy_scanner_from_past_ucfg	16	static
C:/WB0/STM32Cube_FW_WB0_V1.1.0/Middlewares/ST/STM32_BLE/stack/config/ble_stack_user_cfg.c:2776:6:LL_past_initialize_connect_context_ucfg	16	static
C:/WB0/STM32Cube_FW_WB0_V1.1.0/Middlewares/ST/STM32_BLE/stack/config/ble_stack_user_cfg.c:2789:6:LL_past_default_params_ucfg	16	static
C:/WB0/STM32Cube_FW_WB0_V1.1.0/Middlewares/ST/STM32_BLE/stack/config/ble_stack_user_cfg.c:2891:9:LLC_pcl_get_number_of_phys_ucfg	8	static
C:/WB0/STM32Cube_FW_WB0_V1.1.0/Middlewares/ST/STM32_BLE/stack/config/ble_stack_user_cfg.c:2901:6:LL_phy_upd_compute_data_PDU_length_params_ucfg	16	static
C:/WB0/STM32Cube_FW_WB0_V1.1.0/Middlewares/ST/STM32_BLE/stack/config/ble_stack_user_cfg.c:2910:9:LL_phy_upd_pending_ucfg	16	static
C:/WB0/STM32Cube_FW_WB0_V1.1.0/Middlewares/ST/STM32_BLE/stack/config/ble_stack_user_cfg.c:2918:12:LL_phy_update_init_ucfg	8	static
C:/WB0/STM32Cube_FW_WB0_V1.1.0/Middlewares/ST/STM32_BLE/stack/config/ble_stack_user_cfg.c:2927:12:LL_phy_update_init_per_st_data_ucfg	16	static
C:/WB0/STM32Cube_FW_WB0_V1.1.0/Middlewares/ST/STM32_BLE/stack/config/ble_stack_user_cfg.c:2936:6:LL_phy_upd_evt_pending_check_isr_ucfg	16	static
C:/WB0/STM32Cube_FW_WB0_V1.1.0/Middlewares/ST/STM32_BLE/stack/config/ble_stack_user_cfg.c:3068:6:ADV_ISR_connect_request_received_ucfg	24	static
C:/WB0/STM32Cube_FW_WB0_V1.1.0/Middlewares/ST/STM32_BLE/stack/config/ble_stack_user_cfg.c:3079:6:LL_eadv_EauxIsr_connect_response_sent_ucfg	16	static
C:/WB0/STM32Cube_FW_WB0_V1.1.0/Middlewares/ST/STM32_BLE/stack/config/ble_stack_user_cfg.c:3086:6:LL_eadv_EauxIsr_connect_request_received_ucfg	16	static
C:/WB0/STM32Cube_FW_WB0_V1.1.0/Middlewares/ST/STM32_BLE/stack/config/ble_stack_user_cfg.c:3095:9:EADV_start_request_radio_tasks_ucfg	16	static
C:/WB0/STM32Cube_FW_WB0_V1.1.0/Middlewares/ST/STM32_BLE/stack/config/ble_stack_user_cfg.c:3102:12:llc_eadv_max_supported_data_check_ucfg	16	static
C:/WB0/STM32Cube_FW_WB0_V1.1.0/Middlewares/ST/STM32_BLE/stack/config/ble_stack_user_cfg.c:3111:6:LL_eadv_start_extended_ucfg	16	static
C:/WB0/STM32Cube_FW_WB0_V1.1.0/Middlewares/ST/STM32_BLE/stack/config/ble_stack_user_cfg.c:3118:9:ext_adv_scan_enabled_ucfg	8	static
C:/WB0/STM32Cube_FW_WB0_V1.1.0/Middlewares/ST/STM32_BLE/stack/config/ble_stack_user_cfg.c:3126:12:LL_Clear_Advertising_Sets_ucfg	8	static
C:/WB0/STM32Cube_FW_WB0_V1.1.0/Middlewares/ST/STM32_BLE/stack/config/ble_stack_user_cfg.c:3135:12:LL_Remove_Advertising_Set_ucfg	16	static
C:/WB0/STM32Cube_FW_WB0_V1.1.0/Middlewares/ST/STM32_BLE/stack/config/ble_stack_user_cfg.c:3144:9:Data_Len_Update_Offline_Processing_ucfg	16	static
C:/WB0/STM32Cube_FW_WB0_V1.1.0/Middlewares/ST/STM32_BLE/stack/config/ble_stack_user_cfg.c:3154:12:ll_write_supported_data_ucfg	24	static
C:/WB0/STM32Cube_FW_WB0_V1.1.0/Middlewares/ST/STM32_BLE/stack/config/ble_stack_user_cfg.c:3167:6:LL_init_ucfg	56	static
C:/WB0/STM32Cube_FW_WB0_V1.1.0/Middlewares/ST/STM32_BLE/stack/config/ble_stack_user_cfg.c:3208:12:smp_start_encryption_ucfg	16	static
C:/WB0/STM32Cube_FW_WB0_V1.1.0/Middlewares/ST/STM32_BLE/stack/config/ble_stack_user_cfg.c:3218:12:smp_pp1_cei_send_pairing_request_ucfg	16	static
C:/WB0/STM32Cube_FW_WB0_V1.1.0/Middlewares/ST/STM32_BLE/stack/config/ble_stack_user_cfg.c:3229:12:smp_pp1_cei_rxp_pairing_response_excerpt_scp_ucfg	16	static
C:/WB0/STM32Cube_FW_WB0_V1.1.0/Middlewares/ST/STM32_BLE/stack/config/ble_stack_user_cfg.c:3240:6:smp_pp2_cei_auth_stage1_start_excerpt_scp_ucfg	16	static
C:/WB0/STM32Cube_FW_WB0_V1.1.0/Middlewares/ST/STM32_BLE/stack/config/ble_stack_user_cfg.c:3251:6:smp_pp2_per_auth_stage1_start_excerpt_scp_ucfg	16	static
C:/WB0/STM32Cube_FW_WB0_V1.1.0/Middlewares/ST/STM32_BLE/stack/config/ble_stack_user_cfg.c:3262:6:smp_pp2_cei_send_pairing_confirm_excerpt_scp_ucfg	16	static
C:/WB0/STM32Cube_FW_WB0_V1.1.0/Middlewares/ST/STM32_BLE/stack/config/ble_stack_user_cfg.c:3273:12:smp_pp2_cei_rx_process_pairing_random_excerpt1_scp_ucfg	16	static
C:/WB0/STM32Cube_FW_WB0_V1.1.0/Middlewares/ST/STM32_BLE/stack/config/ble_stack_user_cfg.c:3284:6:smp_pp2_cei_rx_process_pairing_random_excerpt2_scp_ucfg	16	static
C:/WB0/STM32Cube_FW_WB0_V1.1.0/Middlewares/ST/STM32_BLE/stack/config/ble_stack_user_cfg.c:3295:6:smp_pp2_per_rx_process_pairing_confirm_excerpt_scp_ucfg	16	static
C:/WB0/STM32Cube_FW_WB0_V1.1.0/Middlewares/ST/STM32_BLE/stack/config/ble_stack_user_cfg.c:3306:6:smp_pp2_per_rx_process_pairing_random_excerpt_scp_ucfg	16	static
C:/WB0/STM32Cube_FW_WB0_V1.1.0/Middlewares/ST/STM32_BLE/stack/config/ble_stack_user_cfg.c:3317:6:smp_scp_init_ucfg	16	static
C:/WB0/STM32Cube_FW_WB0_V1.1.0/Middlewares/ST/STM32_BLE/stack/config/ble_stack_user_cfg.c:3328:12:smp_scp_continue_on_exclusive_sc_pairing_ucfg	16	static
C:/WB0/STM32Cube_FW_WB0_V1.1.0/Middlewares/ST/STM32_BLE/stack/config/ble_stack_user_cfg.c:3339:12:smp_scp_public_key_prepare_and_exchange_ucfg	16	static
C:/WB0/STM32Cube_FW_WB0_V1.1.0/Middlewares/ST/STM32_BLE/stack/config/ble_stack_user_cfg.c:3350:12:smp_scp_oob_generate_new_local_data_ucfg	8	static
C:/WB0/STM32Cube_FW_WB0_V1.1.0/Middlewares/ST/STM32_BLE/stack/config/ble_stack_user_cfg.c:3361:6:smp_scp_stats_update_on_pairing_complete_ucfg	16	static
C:/WB0/STM32Cube_FW_WB0_V1.1.0/Middlewares/ST/STM32_BLE/stack/config/ble_stack_user_cfg.c:3371:6:smp_fsm_process_actions_wrt_state_tsk_ucfg	16	static
C:/WB0/STM32Cube_FW_WB0_V1.1.0/Middlewares/ST/STM32_BLE/stack/config/ble_stack_user_cfg.c:3380:6:smp_fsm_execute_actions_scp_phase2as2_ucfg	16	static
C:/WB0/STM32Cube_FW_WB0_V1.1.0/Middlewares/ST/STM32_BLE/stack/config/ble_stack_user_cfg.c:3402:6:smp_fsm_execute_actions_excerpt_cei_ucfg	16	static
C:/WB0/STM32Cube_FW_WB0_V1.1.0/Middlewares/ST/STM32_BLE/stack/config/ble_stack_user_cfg.c:3412:6:smp_pka_process_ecc_computation_tsk_ucfg	16	static
C:/WB0/STM32Cube_FW_WB0_V1.1.0/Middlewares/ST/STM32_BLE/stack/config/ble_stack_user_cfg.c:3422:6:smp_rxp_process_rxed_packets_tsk_ucfg	16	static
C:/WB0/STM32Cube_FW_WB0_V1.1.0/Middlewares/ST/STM32_BLE/stack/config/ble_stack_user_cfg.c:3432:12:smp_rxp_process_exception_cases_excerpt_scp_ucfg	16	static
C:/WB0/STM32Cube_FW_WB0_V1.1.0/Middlewares/ST/STM32_BLE/stack/config/ble_stack_user_cfg.c:3443:12:smp_rxp_process_wrt_current_fsm_excerpt_scp_ucfg	16	static
C:/WB0/STM32Cube_FW_WB0_V1.1.0/Middlewares/ST/STM32_BLE/stack/config/ble_stack_user_cfg.c:3466:12:smp_rxp_process_wrt_current_fsm_excerpt_cei_ucfg	16	static
C:/WB0/STM32Cube_FW_WB0_V1.1.0/Middlewares/ST/STM32_BLE/stack/config/ble_stack_user_cfg.c:3475:6:smp_init_ucfg	8	static
C:/WB0/STM32Cube_FW_WB0_V1.1.0/Middlewares/ST/STM32_BLE/stack/config/ble_stack_user_cfg.c:3484:6:GAT_att_cmn_init_ucfg	8	static
C:/WB0/STM32Cube_FW_WB0_V1.1.0/Middlewares/ST/STM32_BLE/stack/config/ble_stack_user_cfg.c:3493:6:GAT_att_cmn_timer_expire_tsk_ucfg	16	static
C:/WB0/STM32Cube_FW_WB0_V1.1.0/Middlewares/ST/STM32_BLE/stack/config/ble_stack_user_cfg.c:3502:6:GAT_att_cmn_tx_pool_evt_tsk_ucfg	16	static
C:/WB0/STM32Cube_FW_WB0_V1.1.0/Middlewares/ST/STM32_BLE/stack/config/ble_stack_user_cfg.c:3511:6:GAT_att_srv_process_rx_pckt_tsk_ucfg	16	static
C:/WB0/STM32Cube_FW_WB0_V1.1.0/Middlewares/ST/STM32_BLE/stack/config/ble_stack_user_cfg.c:3520:6:GAT_srv_db_hash_tsk_ucfg	16	static
C:/WB0/STM32Cube_FW_WB0_V1.1.0/Middlewares/ST/STM32_BLE/stack/config/ble_stack_user_cfg.c:3529:6:GAT_srv_send_srv_change_tsk_ucfg	16	static
C:/WB0/STM32Cube_FW_WB0_V1.1.0/Middlewares/ST/STM32_BLE/stack/config/ble_stack_user_cfg.c:3545:12:aci_gap_terminate	16	static
C:/WB0/STM32Cube_FW_WB0_V1.1.0/Middlewares/ST/STM32_BLE/stack/config/ble_stack_user_cfg.c:3569:12:aci_gap_start_connection_update	40	static
C:/WB0/STM32Cube_FW_WB0_V1.1.0/Middlewares/ST/STM32_BLE/stack/config/ble_stack_user_cfg.c:3590:12:aci_gap_set_scan_configuration	32	static
C:/WB0/STM32Cube_FW_WB0_V1.1.0/Middlewares/ST/STM32_BLE/stack/config/ble_stack_user_cfg.c:3610:12:aci_gap_set_connection_configuration	40	static
C:/WB0/STM32Cube_FW_WB0_V1.1.0/Middlewares/ST/STM32_BLE/stack/config/ble_stack_user_cfg.c:3633:12:aci_gap_create_connection	16	static
C:/WB0/STM32Cube_FW_WB0_V1.1.0/Middlewares/ST/STM32_BLE/stack/config/ble_stack_user_cfg.c:3647:12:aci_gap_start_procedure	24	static
C:/WB0/STM32Cube_FW_WB0_V1.1.0/Middlewares/ST/STM32_BLE/stack/config/ble_stack_user_cfg.c:3663:12:aci_gap_discover_name	16	static
C:/WB0/STM32Cube_FW_WB0_V1.1.0/Middlewares/ST/STM32_BLE/stack/config/ble_stack_user_cfg.c:3677:12:aci_gap_terminate_proc	16	static
C:/WB0/STM32Cube_FW_WB0_V1.1.0/Middlewares/ST/STM32_BLE/stack/config/ble_stack_user_cfg.c:3689:12:aci_gap_create_periodic_advertising_connection	56	static
C:/WB0/STM32Cube_FW_WB0_V1.1.0/Middlewares/ST/STM32_BLE/stack/config/ble_stack_user_cfg.c:3723:12:aci_gap_remove_advertising_set	16	static
C:/WB0/STM32Cube_FW_WB0_V1.1.0/Middlewares/ST/STM32_BLE/stack/config/ble_stack_user_cfg.c:3732:12:aci_gap_clear_advertising_sets	8	static
C:/WB0/STM32Cube_FW_WB0_V1.1.0/Middlewares/ST/STM32_BLE/stack/config/ble_stack_user_cfg.c:3741:12:aci_gap_set_io_capability	16	static
C:/WB0/STM32Cube_FW_WB0_V1.1.0/Middlewares/ST/STM32_BLE/stack/config/ble_stack_user_cfg.c:3750:12:aci_gap_set_security_requirements	40	static
C:/WB0/STM32Cube_FW_WB0_V1.1.0/Middlewares/ST/STM32_BLE/stack/config/ble_stack_user_cfg.c:3771:12:aci_gap_set_security	24	static
C:/WB0/STM32Cube_FW_WB0_V1.1.0/Middlewares/ST/STM32_BLE/stack/config/ble_stack_user_cfg.c:3784:12:aci_gap_pairing_resp	16	static
C:/WB0/STM32Cube_FW_WB0_V1.1.0/Middlewares/ST/STM32_BLE/stack/config/ble_stack_user_cfg.c:3795:12:aci_gap_passkey_resp	16	static
C:/WB0/STM32Cube_FW_WB0_V1.1.0/Middlewares/ST/STM32_BLE/stack/config/ble_stack_user_cfg.c:3807:12:aci_gap_passkey_input	16	static
C:/WB0/STM32Cube_FW_WB0_V1.1.0/Middlewares/ST/STM32_BLE/stack/config/ble_stack_user_cfg.c:3819:12:aci_gap_get_oob_data	40	static
C:/WB0/STM32Cube_FW_WB0_V1.1.0/Middlewares/ST/STM32_BLE/stack/config/ble_stack_user_cfg.c:3836:12:aci_gap_set_oob_data	32	static
C:/WB0/STM32Cube_FW_WB0_V1.1.0/Middlewares/ST/STM32_BLE/stack/config/ble_stack_user_cfg.c:3856:12:aci_gap_numeric_comparison_value_confirm_yesno	16	static
C:/WB0/STM32Cube_FW_WB0_V1.1.0/Middlewares/ST/STM32_BLE/stack/config/ble_stack_user_cfg.c:3868:12:aci_gap_get_security_level	32	static
C:/WB0/STM32Cube_FW_WB0_V1.1.0/Middlewares/ST/STM32_BLE/stack/config/ble_stack_user_cfg.c:3881:12:aci_gap_clear_security_db	8	static
C:/WB0/STM32Cube_FW_WB0_V1.1.0/Middlewares/ST/STM32_BLE/stack/config/ble_stack_user_cfg.c:3890:12:aci_gap_get_bonded_devices	32	static
C:/WB0/STM32Cube_FW_WB0_V1.1.0/Middlewares/ST/STM32_BLE/stack/config/ble_stack_user_cfg.c:3905:12:aci_gap_is_device_bonded	16	static
C:/WB0/STM32Cube_FW_WB0_V1.1.0/Middlewares/ST/STM32_BLE/stack/config/ble_stack_user_cfg.c:3916:12:aci_gap_remove_bonded_device	16	static
C:/WB0/STM32Cube_FW_WB0_V1.1.0/Middlewares/ST/STM32_BLE/stack/config/ble_stack_user_cfg.c:3927:12:aci_gatt_srv_add_service	16	static
C:/WB0/STM32Cube_FW_WB0_V1.1.0/Middlewares/ST/STM32_BLE/stack/config/ble_stack_user_cfg.c:3936:12:aci_gatt_srv_rm_service	16	static
C:/WB0/STM32Cube_FW_WB0_V1.1.0/Middlewares/ST/STM32_BLE/stack/config/ble_stack_user_cfg.c:3945:10:aci_gatt_srv_get_service_handle	16	static
C:/WB0/STM32Cube_FW_WB0_V1.1.0/Middlewares/ST/STM32_BLE/stack/config/ble_stack_user_cfg.c:3954:12:aci_gatt_srv_include_service	16	static
C:/WB0/STM32Cube_FW_WB0_V1.1.0/Middlewares/ST/STM32_BLE/stack/config/ble_stack_user_cfg.c:3965:12:aci_gatt_srv_rm_include_service	16	static
C:/WB0/STM32Cube_FW_WB0_V1.1.0/Middlewares/ST/STM32_BLE/stack/config/ble_stack_user_cfg.c:3974:10:aci_gatt_srv_get_include_service_handle	16	static
C:/WB0/STM32Cube_FW_WB0_V1.1.0/Middlewares/ST/STM32_BLE/stack/config/ble_stack_user_cfg.c:3985:12:aci_gatt_srv_add_char	16	static
C:/WB0/STM32Cube_FW_WB0_V1.1.0/Middlewares/ST/STM32_BLE/stack/config/ble_stack_user_cfg.c:3996:12:aci_gatt_srv_rm_char	16	static
C:/WB0/STM32Cube_FW_WB0_V1.1.0/Middlewares/ST/STM32_BLE/stack/config/ble_stack_user_cfg.c:4005:10:aci_gatt_srv_get_char_decl_handle	16	static
C:/WB0/STM32Cube_FW_WB0_V1.1.0/Middlewares/ST/STM32_BLE/stack/config/ble_stack_user_cfg.c:4014:12:aci_gatt_srv_add_char_desc	16	static
C:/WB0/STM32Cube_FW_WB0_V1.1.0/Middlewares/ST/STM32_BLE/stack/config/ble_stack_user_cfg.c:4025:10:aci_gatt_srv_get_descriptor_handle	16	static
C:/WB0/STM32Cube_FW_WB0_V1.1.0/Middlewares/ST/STM32_BLE/stack/config/ble_stack_user_cfg.c:4034:12:aci_gatt_srv_notify	32	static
C:/WB0/STM32Cube_FW_WB0_V1.1.0/Middlewares/ST/STM32_BLE/stack/config/ble_stack_user_cfg.c:4053:12:aci_gatt_srv_multi_notify	32	static
C:/WB0/STM32Cube_FW_WB0_V1.1.0/Middlewares/ST/STM32_BLE/stack/config/ble_stack_user_cfg.c:4070:12:aci_gatt_srv_resp	32	static
C:/WB0/STM32Cube_FW_WB0_V1.1.0/Middlewares/ST/STM32_BLE/stack/config/ble_stack_user_cfg.c:4089:12:aci_gatt_srv_read_handle_value	32	static
C:/WB0/STM32Cube_FW_WB0_V1.1.0/Middlewares/ST/STM32_BLE/stack/config/ble_stack_user_cfg.c:4102:12:aci_gatt_srv_read_multiple_instance_handle_value	32	static
C:/WB0/STM32Cube_FW_WB0_V1.1.0/Middlewares/ST/STM32_BLE/stack/config/ble_stack_user_cfg.c:4117:12:aci_gatt_srv_write_multiple_instance_handle_value	40	static
C:/WB0/STM32Cube_FW_WB0_V1.1.0/Middlewares/ST/STM32_BLE/stack/config/ble_stack_user_cfg.c:4132:12:aci_gatt_set_event_mask	16	static
C:/WB0/STM32Cube_FW_WB0_V1.1.0/Middlewares/ST/STM32_BLE/stack/config/ble_stack_user_cfg.c:4141:12:aci_gatt_clt_exchange_config	16	static
C:/WB0/STM32Cube_FW_WB0_V1.1.0/Middlewares/ST/STM32_BLE/stack/config/ble_stack_user_cfg.c:4150:12:aci_gatt_clt_disc_all_primary_services	16	static
C:/WB0/STM32Cube_FW_WB0_V1.1.0/Middlewares/ST/STM32_BLE/stack/config/ble_stack_user_cfg.c:4161:12:aci_gatt_clt_disc_primary_service_by_uuid	40	static
C:/WB0/STM32Cube_FW_WB0_V1.1.0/Middlewares/ST/STM32_BLE/stack/config/ble_stack_user_cfg.c:4176:12:aci_gatt_clt_disc_all_char_of_service	24	static
C:/WB0/STM32Cube_FW_WB0_V1.1.0/Middlewares/ST/STM32_BLE/stack/config/ble_stack_user_cfg.c:4191:12:aci_gatt_clt_disc_char_by_uuid	32	static
C:/WB0/STM32Cube_FW_WB0_V1.1.0/Middlewares/ST/STM32_BLE/stack/config/ble_stack_user_cfg.c:4210:12:aci_gatt_clt_disc_all_char_desc	24	static
C:/WB0/STM32Cube_FW_WB0_V1.1.0/Middlewares/ST/STM32_BLE/stack/config/ble_stack_user_cfg.c:4225:12:aci_gatt_clt_find_included_services	24	static
C:/WB0/STM32Cube_FW_WB0_V1.1.0/Middlewares/ST/STM32_BLE/stack/config/ble_stack_user_cfg.c:4240:12:aci_gatt_clt_read	24	static
C:/WB0/STM32Cube_FW_WB0_V1.1.0/Middlewares/ST/STM32_BLE/stack/config/ble_stack_user_cfg.c:4253:12:aci_gatt_clt_read_long	24	static
C:/WB0/STM32Cube_FW_WB0_V1.1.0/Middlewares/ST/STM32_BLE/stack/config/ble_stack_user_cfg.c:4268:12:aci_gatt_clt_read_using_char_uuid	32	static
C:/WB0/STM32Cube_FW_WB0_V1.1.0/Middlewares/ST/STM32_BLE/stack/config/ble_stack_user_cfg.c:4287:12:aci_gatt_clt_read_multiple_char_value	40	static
C:/WB0/STM32Cube_FW_WB0_V1.1.0/Middlewares/ST/STM32_BLE/stack/config/ble_stack_user_cfg.c:4302:12:aci_gatt_clt_read_multiple_var_len_char_value	40	static
C:/WB0/STM32Cube_FW_WB0_V1.1.0/Middlewares/ST/STM32_BLE/stack/config/ble_stack_user_cfg.c:4317:12:aci_gatt_clt_write_without_resp	32	static
C:/WB0/STM32Cube_FW_WB0_V1.1.0/Middlewares/ST/STM32_BLE/stack/config/ble_stack_user_cfg.c:4334:12:aci_gatt_clt_signed_write_without_resp	40	static
C:/WB0/STM32Cube_FW_WB0_V1.1.0/Middlewares/ST/STM32_BLE/stack/config/ble_stack_user_cfg.c:4349:12:aci_gatt_clt_write	32	static
C:/WB0/STM32Cube_FW_WB0_V1.1.0/Middlewares/ST/STM32_BLE/stack/config/ble_stack_user_cfg.c:4366:12:aci_gatt_clt_write_long	16	static
C:/WB0/STM32Cube_FW_WB0_V1.1.0/Middlewares/ST/STM32_BLE/stack/config/ble_stack_user_cfg.c:4379:12:aci_gatt_clt_write_char_reliable	40	static
C:/WB0/STM32Cube_FW_WB0_V1.1.0/Middlewares/ST/STM32_BLE/stack/config/ble_stack_user_cfg.c:4394:12:aci_gatt_clt_prepare_write_req	32	static
C:/WB0/STM32Cube_FW_WB0_V1.1.0/Middlewares/ST/STM32_BLE/stack/config/ble_stack_user_cfg.c:4413:12:aci_gatt_clt_execute_write_req	24	static
C:/WB0/STM32Cube_FW_WB0_V1.1.0/Middlewares/ST/STM32_BLE/stack/config/ble_stack_user_cfg.c:4426:12:aci_gatt_clt_confirm_indication	16	static
C:/WB0/STM32Cube_FW_WB0_V1.1.0/Middlewares/ST/STM32_BLE/stack/config/ble_stack_user_cfg.c:4437:12:aci_gatt_clt_add_subscription_security_level	16	static
C:/WB0/STM32Cube_FW_WB0_V1.1.0/Middlewares/ST/STM32_BLE/stack/config/ble_stack_user_cfg.c:4445:12:aci_hal_peripheral_latency_enable	16	static
C:/WB0/STM32Cube_FW_WB0_V1.1.0/Middlewares/ST/STM32_BLE/stack/config/ble_stack_user_cfg.c:4473:12:aci_hal_get_anchor_point	32	static
C:/WB0/STM32Cube_FW_WB0_V1.1.0/Middlewares/ST/STM32_BLE/stack/config/ble_stack_user_cfg.c:4485:12:aci_l2cap_connection_parameter_update_req	32	static
C:/WB0/STM32Cube_FW_WB0_V1.1.0/Middlewares/ST/STM32_BLE/stack/config/ble_stack_user_cfg.c:4515:12:aci_l2cap_connection_parameter_update_resp	48	static
C:/WB0/STM32Cube_FW_WB0_V1.1.0/Middlewares/ST/STM32_BLE/stack/config/ble_stack_user_cfg.c:4865:12:hci_le_set_host_channel_classification	16	static
C:/WB0/STM32Cube_FW_WB0_V1.1.0/Middlewares/ST/STM32_BLE/stack/config/ble_stack_user_cfg.c:5067:12:hci_le_set_host_feature	16	static
C:/WB0/STM32Cube_FW_WB0_V1.1.0/Middlewares/ST/STM32_BLE/stack/config/ble_stack_user_cfg.c:5077:12:hci_read_remote_version_information	16	static
C:/WB0/STM32Cube_FW_WB0_V1.1.0/Middlewares/ST/STM32_BLE/stack/config/ble_stack_user_cfg.c:5084:12:hci_le_read_remote_features	16	static
C:/WB0/STM32Cube_FW_WB0_V1.1.0/Middlewares/ST/STM32_BLE/stack/config/ble_stack_user_cfg.c:5091:12:hci_read_transmit_power_level	16	static
C:/WB0/STM32Cube_FW_WB0_V1.1.0/Middlewares/ST/STM32_BLE/stack/config/ble_stack_user_cfg.c:5102:12:hci_read_rssi	16	static
C:/WB0/STM32Cube_FW_WB0_V1.1.0/Middlewares/ST/STM32_BLE/stack/config/ble_stack_user_cfg.c:5111:12:hci_le_read_channel_map	16	static
C:/WB0/STM32Cube_FW_WB0_V1.1.0/Middlewares/ST/STM32_BLE/stack/config/ble_stack_user_cfg.c:5120:12:hci_disconnect	16	static
C:/WB0/STM32Cube_FW_WB0_V1.1.0/Middlewares/ST/STM32_BLE/stack/config/ble_stack_user_cfg.c:5130:12:hci_le_create_connection	56	static
C:/WB0/STM32Cube_FW_WB0_V1.1.0/Middlewares/ST/STM32_BLE/stack/config/ble_stack_user_cfg.c:5160:12:hci_le_create_connection_cancel	8	static
C:/WB0/STM32Cube_FW_WB0_V1.1.0/Middlewares/ST/STM32_BLE/stack/config/ble_stack_user_cfg.c:5169:12:hci_le_extended_create_connection	32	static
C:/WB0/STM32Cube_FW_WB0_V1.1.0/Middlewares/ST/STM32_BLE/stack/config/ble_stack_user_cfg.c:5191:12:hci_le_extended_create_connection_v2	40	static
C:/WB0/STM32Cube_FW_WB0_V1.1.0/Middlewares/ST/STM32_BLE/stack/config/ble_stack_user_cfg.c:5356:12:hci_le_enable_encryption	32	static
C:/WB0/STM32Cube_FW_WB0_V1.1.0/Middlewares/ST/STM32_BLE/stack/config/ble_stack_user_cfg.c:5369:12:hci_le_long_term_key_request_reply	16	static
C:/WB0/STM32Cube_FW_WB0_V1.1.0/Middlewares/ST/STM32_BLE/stack/config/ble_stack_user_cfg.c:5378:12:hci_le_long_term_key_request_negative_reply	16	static
C:/WB0/STM32Cube_FW_WB0_V1.1.0/Middlewares/ST/STM32_BLE/stack/config/ble_stack_user_cfg.c:5385:12:hci_le_read_local_p256_public_key	8	static
C:/WB0/STM32Cube_FW_WB0_V1.1.0/Middlewares/ST/STM32_BLE/stack/config/ble_stack_user_cfg.c:5392:12:hci_le_generate_dhkey	16	static
C:/WB0/STM32Cube_FW_WB0_V1.1.0/Middlewares/ST/STM32_BLE/stack/config/ble_stack_user_cfg.c:5399:12:hci_read_authenticated_payload_timeout	16	static
C:/WB0/STM32Cube_FW_WB0_V1.1.0/Middlewares/ST/STM32_BLE/stack/config/ble_stack_user_cfg.c:5408:12:hci_write_authenticated_payload_timeout	16	static
C:/WB0/STM32Cube_FW_WB0_V1.1.0/Middlewares/ST/STM32_BLE/stack/config/ble_stack_user_cfg.c:5417:12:hci_le_set_extended_advertising_parameters	80	static
C:/WB0/STM32Cube_FW_WB0_V1.1.0/Middlewares/ST/STM32_BLE/stack/config/ble_stack_user_cfg.c:5454:12:hci_le_set_extended_advertising_parameters_v2	88	static
C:/WB0/STM32Cube_FW_WB0_V1.1.0/Middlewares/ST/STM32_BLE/stack/config/ble_stack_user_cfg.c:5495:12:hci_le_set_advertising_set_random_address	16	static
C:/WB0/STM32Cube_FW_WB0_V1.1.0/Middlewares/ST/STM32_BLE/stack/config/ble_stack_user_cfg.c:5504:12:hci_le_set_extended_advertising_enable	16	static
C:/WB0/STM32Cube_FW_WB0_V1.1.0/Middlewares/ST/STM32_BLE/stack/config/ble_stack_user_cfg.c:5515:12:hci_le_read_number_of_supported_advertising_sets	16	static
C:/WB0/STM32Cube_FW_WB0_V1.1.0/Middlewares/ST/STM32_BLE/stack/config/ble_stack_user_cfg.c:5522:12:hci_le_remove_advertising_set	16	static
C:/WB0/STM32Cube_FW_WB0_V1.1.0/Middlewares/ST/STM32_BLE/stack/config/ble_stack_user_cfg.c:5529:12:hci_le_clear_advertising_sets	8	static
C:/WB0/STM32Cube_FW_WB0_V1.1.0/Middlewares/ST/STM32_BLE/stack/config/ble_stack_user_cfg.c:5539:12:hci_le_set_default_periodic_advertising_sync_transfer_parameters	24	static
C:/WB0/STM32Cube_FW_WB0_V1.1.0/Middlewares/ST/STM32_BLE/stack/config/ble_stack_user_cfg.c:5558:12:hci_le_set_periodic_advertising_sync_transfer_parameters	32	static
C:/WB0/STM32Cube_FW_WB0_V1.1.0/Middlewares/ST/STM32_BLE/stack/config/ble_stack_user_cfg.c:5578:12:hci_le_periodic_advertising_set_info_transfer	24	static
C:/WB0/STM32Cube_FW_WB0_V1.1.0/Middlewares/ST/STM32_BLE/stack/config/ble_stack_user_cfg.c:5594:12:hci_le_periodic_advertising_sync_transfer	24	static
C:/WB0/STM32Cube_FW_WB0_V1.1.0/Middlewares/ST/STM32_BLE/stack/config/ble_stack_user_cfg.c:5730:12:hci_le_set_data_length	24	static
C:/WB0/STM32Cube_FW_WB0_V1.1.0/Middlewares/ST/STM32_BLE/stack/config/ble_stack_user_cfg.c:5743:12:hci_le_read_suggested_default_data_length	16	static
C:/WB0/STM32Cube_FW_WB0_V1.1.0/Middlewares/ST/STM32_BLE/stack/config/ble_stack_user_cfg.c:5754:12:hci_le_write_suggested_default_data_length	16	static
C:/WB0/STM32Cube_FW_WB0_V1.1.0/Middlewares/ST/STM32_BLE/stack/config/ble_stack_user_cfg.c:5765:12:hci_le_read_maximum_data_length	24	static
C:/WB0/STM32Cube_FW_WB0_V1.1.0/Middlewares/ST/STM32_BLE/stack/config/ble_stack_user_cfg.c:5780:12:hci_le_set_periodic_advertising_parameters	24	static
C:/WB0/STM32Cube_FW_WB0_V1.1.0/Middlewares/ST/STM32_BLE/stack/config/ble_stack_user_cfg.c:5795:12:hci_le_set_periodic_advertising_enable	16	static
C:/WB0/STM32Cube_FW_WB0_V1.1.0/Middlewares/ST/STM32_BLE/stack/config/ble_stack_user_cfg.c:5808:12:hci_le_set_periodic_advertising_parameters_v2	48	static
C:/WB0/STM32Cube_FW_WB0_V1.1.0/Middlewares/ST/STM32_BLE/stack/config/ble_stack_user_cfg.c:5904:12:hci_le_read_phy	32	static
C:/WB0/STM32Cube_FW_WB0_V1.1.0/Middlewares/ST/STM32_BLE/stack/config/ble_stack_user_cfg.c:5916:12:hci_le_set_default_phy	24	static
C:/WB0/STM32Cube_FW_WB0_V1.1.0/Middlewares/ST/STM32_BLE/stack/config/ble_stack_user_cfg.c:5928:12:hci_le_set_phy	32	static
C:/WB0/STM32Cube_FW_WB0_V1.1.0/Middlewares/ST/STM32_BLE/stack/config/ble_stack_user_cfg.c:5944:12:hci_le_add_device_to_resolving_list	32	static
C:/WB0/STM32Cube_FW_WB0_V1.1.0/Middlewares/ST/STM32_BLE/stack/config/ble_stack_user_cfg.c:5957:12:hci_le_remove_device_from_resolving_list	16	static
C:/WB0/STM32Cube_FW_WB0_V1.1.0/Middlewares/ST/STM32_BLE/stack/config/ble_stack_user_cfg.c:5966:12:hci_le_clear_resolving_list	8	static
C:/WB0/STM32Cube_FW_WB0_V1.1.0/Middlewares/ST/STM32_BLE/stack/config/ble_stack_user_cfg.c:5973:12:hci_le_read_resolving_list_size	16	static
C:/WB0/STM32Cube_FW_WB0_V1.1.0/Middlewares/ST/STM32_BLE/stack/config/ble_stack_user_cfg.c:5980:12:hci_le_read_peer_resolvable_address	32	static
C:/WB0/STM32Cube_FW_WB0_V1.1.0/Middlewares/ST/STM32_BLE/stack/config/ble_stack_user_cfg.c:5991:12:hci_le_read_local_resolvable_address	32	static
C:/WB0/STM32Cube_FW_WB0_V1.1.0/Middlewares/ST/STM32_BLE/stack/config/ble_stack_user_cfg.c:6002:12:hci_le_set_address_resolution_enable	16	static
C:/WB0/STM32Cube_FW_WB0_V1.1.0/Middlewares/ST/STM32_BLE/stack/config/ble_stack_user_cfg.c:6009:12:hci_le_set_resolvable_private_address_timeout	16	static
C:/WB0/STM32Cube_FW_WB0_V1.1.0/Middlewares/ST/STM32_BLE/stack/config/ble_stack_user_cfg.c:6016:12:hci_le_set_privacy_mode	16	static
C:/WB0/STM32Cube_FW_WB0_V1.1.0/Middlewares/ST/STM32_BLE/stack/config/ble_stack_user_cfg.c:6027:12:hci_le_set_data_related_address_changes	16	static
C:/WB0/STM32Cube_FW_WB0_V1.1.0/Middlewares/ST/STM32_BLE/stack/config/ble_stack_user_cfg.c:6038:12:hci_le_add_device_to_periodic_advertiser_list	16	static
C:/WB0/STM32Cube_FW_WB0_V1.1.0/Middlewares/ST/STM32_BLE/stack/config/ble_stack_user_cfg.c:6053:12:hci_le_clear_periodic_advertiser_list	8	static
C:/WB0/STM32Cube_FW_WB0_V1.1.0/Middlewares/ST/STM32_BLE/stack/config/ble_stack_user_cfg.c:6064:12:hci_le_periodic_advertising_create_sync	40	static
C:/WB0/STM32Cube_FW_WB0_V1.1.0/Middlewares/ST/STM32_BLE/stack/config/ble_stack_user_cfg.c:6087:12:hci_le_periodic_advertising_create_sync_cancel	8	static
C:/WB0/STM32Cube_FW_WB0_V1.1.0/Middlewares/ST/STM32_BLE/stack/config/ble_stack_user_cfg.c:6098:12:hci_le_periodic_advertising_terminate_sync	16	static
C:/WB0/STM32Cube_FW_WB0_V1.1.0/Middlewares/ST/STM32_BLE/stack/config/ble_stack_user_cfg.c:6109:12:hci_le_read_periodic_advertiser_list_size	16	static
C:/WB0/STM32Cube_FW_WB0_V1.1.0/Middlewares/ST/STM32_BLE/stack/config/ble_stack_user_cfg.c:6120:12:hci_le_remove_device_from_periodic_advertiser_list	16	static
C:/WB0/STM32Cube_FW_WB0_V1.1.0/Middlewares/ST/STM32_BLE/stack/config/ble_stack_user_cfg.c:6135:12:hci_le_set_periodic_advertising_receive_enable	16	static
C:/WB0/STM32Cube_FW_WB0_V1.1.0/Middlewares/ST/STM32_BLE/stack/config/ble_stack_user_cfg.c:6150:12:hci_le_set_periodic_sync_subevent	40	static
C:/WB0/STM32Cube_FW_WB0_V1.1.0/Middlewares/ST/STM32_BLE/stack/config/ble_stack_user_cfg.c:6178:12:hci_le_set_scan_parameters	32	static
C:/WB0/STM32Cube_FW_WB0_V1.1.0/Middlewares/ST/STM32_BLE/stack/config/ble_stack_user_cfg.c:6193:12:hci_le_set_scan_enable	16	static
C:/WB0/STM32Cube_FW_WB0_V1.1.0/Middlewares/ST/STM32_BLE/stack/config/ble_stack_user_cfg.c:6203:12:hci_le_set_extended_scan_parameters	24	static
C:/WB0/STM32Cube_FW_WB0_V1.1.0/Middlewares/ST/STM32_BLE/stack/config/ble_stack_user_cfg.c:6218:12:hci_le_set_extended_scan_enable	24	static
C:/WB0/STM32Cube_FW_WB0_V1.1.0/Middlewares/ST/STM32_BLE/stack/config/ble_stack_user_cfg.c:6245:12:hci_le_connection_update	40	static
C:/WB0/STM32Cube_FW_WB0_V1.1.0/Middlewares/ST/STM32_BLE/stack/config/ble_stack_user_cfg.c:6300:12:hci_le_receiver_test_v2	24	static
C:/WB0/STM32Cube_FW_WB0_V1.1.0/Middlewares/ST/STM32_BLE/stack/config/ble_stack_user_cfg.c:6332:12:hci_le_transmitter_test_v2	24	static
