../../../../../../../Drivers/CMSIS/Include/core_cm0plus.h:987:34:__NVIC_SystemReset	8	static,ignoring_inline_asm
../../../../../../../Drivers/STM32WB0x_HAL_Driver/Inc/stm32wb0x_ll_bus.h:358:22:LL_APB0_GRP1_EnableClock	24	static
../../../../../../../Drivers/STM32WB0x_HAL_Driver/Inc/stm32wb0x_ll_bus.h:414:22:LL_APB0_GRP1_DisableClock	16	static
C:/WB0/STM32Cube_FW_WB0_V1.1.0/Projects/NUCLEO-WB09KE/Applications/BLE/BLE_PAwR_Observer/STM32_BLE/App/app_ble.c:212:6:ModulesInit	8	static
C:/WB0/STM32Cube_FW_WB0_V1.1.0/Projects/NUCLEO-WB09KE/Applications/BLE/BLE_PAwR_Observer/STM32_BLE/App/app_ble.c:221:6:BLE_Init	128	static
C:/WB0/STM32Cube_FW_WB0_V1.1.0/Projects/NUCLEO-WB09KE/Applications/BLE/BLE_PAwR_Observer/STM32_BLE/App/app_ble.c:485:6:BLEStack_Process_Schedule	8	static
C:/WB0/STM32Cube_FW_WB0_V1.1.0/Projects/NUCLEO-WB09KE/Applications/BLE/BLE_PAwR_Observer/STM32_BLE/App/app_ble.c:492:13:BLEStack_Process	8	static
C:/WB0/STM32Cube_FW_WB0_V1.1.0/Projects/NUCLEO-WB09KE/Applications/BLE/BLE_PAwR_Observer/STM32_BLE/App/app_ble.c:505:6:VTimer_Process	8	static
C:/WB0/STM32Cube_FW_WB0_V1.1.0/Projects/NUCLEO-WB09KE/Applications/BLE/BLE_PAwR_Observer/STM32_BLE/App/app_ble.c:510:6:VTimer_Process_Schedule	8	static
C:/WB0/STM32Cube_FW_WB0_V1.1.0/Projects/NUCLEO-WB09KE/Applications/BLE/BLE_PAwR_Observer/STM32_BLE/App/app_ble.c:515:6:NVM_Process	8	static
C:/WB0/STM32Cube_FW_WB0_V1.1.0/Projects/NUCLEO-WB09KE/Applications/BLE/BLE_PAwR_Observer/STM32_BLE/App/app_ble.c:520:6:NVM_Process_Schedule	8	static
C:/WB0/STM32Cube_FW_WB0_V1.1.0/Projects/NUCLEO-WB09KE/Applications/BLE/BLE_PAwR_Observer/STM32_BLE/App/app_ble.c:526:6:HAL_RADIO_TIMER_TxRxWakeUpCallback	8	static
C:/WB0/STM32Cube_FW_WB0_V1.1.0/Projects/NUCLEO-WB09KE/Applications/BLE/BLE_PAwR_Observer/STM32_BLE/App/app_ble.c:532:6:HAL_RADIO_TIMER_CpuWakeUpCallback	8	static
C:/WB0/STM32Cube_FW_WB0_V1.1.0/Projects/NUCLEO-WB09KE/Applications/BLE/BLE_PAwR_Observer/STM32_BLE/App/app_ble.c:538:6:HAL_RADIO_TxRxCallback	16	static
C:/WB0/STM32Cube_FW_WB0_V1.1.0/Projects/NUCLEO-WB09KE/Applications/BLE/BLE_PAwR_Observer/STM32_BLE/App/app_ble.c:546:6:BLE_STACK_ProcessRequest	8	static
C:/WB0/STM32Cube_FW_WB0_V1.1.0/Projects/NUCLEO-WB09KE/Applications/BLE/BLE_PAwR_Observer/STM32_BLE/App/app_ble.c:552:6:APP_BLE_Init	24	static
C:/WB0/STM32Cube_FW_WB0_V1.1.0/Projects/NUCLEO-WB09KE/Applications/BLE/BLE_PAwR_Observer/STM32_BLE/App/app_ble.c:610:6:BLEEVT_App_Notification	136	static
C:/WB0/STM32Cube_FW_WB0_V1.1.0/Projects/NUCLEO-WB09KE/Applications/BLE/BLE_PAwR_Observer/STM32_BLE/App/app_ble.c:995:13:connection_complete_event	48	static
C:/WB0/STM32Cube_FW_WB0_V1.1.0/Projects/NUCLEO-WB09KE/Applications/BLE/BLE_PAwR_Observer/STM32_BLE/App/app_ble.c:1046:22:APP_BLE_Get_Server_Connection_Status	8	static
C:/WB0/STM32Cube_FW_WB0_V1.1.0/Projects/NUCLEO-WB09KE/Applications/BLE/BLE_PAwR_Observer/STM32_BLE/App/app_ble.c:1051:6:APP_BLE_Procedure_Gap_General	40	static
C:/WB0/STM32Cube_FW_WB0_V1.1.0/Projects/NUCLEO-WB09KE/Applications/BLE/BLE_PAwR_Observer/STM32_BLE/App/app_ble.c:1139:6:APP_BLE_Procedure_Gap_Peripheral	104	static
C:/WB0/STM32Cube_FW_WB0_V1.1.0/Projects/NUCLEO-WB09KE/Applications/BLE/BLE_PAwR_Observer/STM32_BLE/App/app_ble.c:1336:13:gap_cmd_resp_release	8	static
C:/WB0/STM32Cube_FW_WB0_V1.1.0/Projects/NUCLEO-WB09KE/Applications/BLE/BLE_PAwR_Observer/STM32_BLE/App/app_ble.c:1342:13:gap_cmd_resp_wait	8	static
C:/WB0/STM32Cube_FW_WB0_V1.1.0/Projects/NUCLEO-WB09KE/Applications/BLE/BLE_PAwR_Observer/STM32_BLE/App/app_ble.c:1350:13:Adv_Cancel_Req	16	static
C:/WB0/STM32Cube_FW_WB0_V1.1.0/Projects/NUCLEO-WB09KE/Applications/BLE/BLE_PAwR_Observer/STM32_BLE/App/app_ble.c:1357:13:Adv_Cancel	8	static
C:/WB0/STM32Cube_FW_WB0_V1.1.0/Projects/NUCLEO-WB09KE/Applications/BLE/BLE_PAwR_Observer/STM32_BLE/App/app_ble.c:1367:13:convert_byte_to_ascii_hex	24	static
C:/WB0/STM32Cube_FW_WB0_V1.1.0/Projects/NUCLEO-WB09KE/Applications/BLE/BLE_PAwR_Observer/STM32_BLE/App/app_ble.c:1391:13:fill_localName	24	static
C:/WB0/STM32Cube_FW_WB0_V1.1.0/Projects/NUCLEO-WB09KE/Applications/BLE/BLE_PAwR_Observer/STM32_BLE/App/app_ble.c:1403:13:fill_advData	40	static
C:/WB0/STM32Cube_FW_WB0_V1.1.0/Projects/NUCLEO-WB09KE/Applications/BLE/BLE_PAwR_Observer/STM32_BLE/App/app_ble.c:1433:6:ESL_APP_ProcessRequest	8	static
C:/WB0/STM32Cube_FW_WB0_V1.1.0/Projects/NUCLEO-WB09KE/Applications/BLE/BLE_PAwR_Observer/STM32_BLE/App/app_ble.c:1438:6:watchdog_enable	8	static
C:/WB0/STM32Cube_FW_WB0_V1.1.0/Projects/NUCLEO-WB09KE/Applications/BLE/BLE_PAwR_Observer/STM32_BLE/App/app_ble.c:1446:6:watchdog_disable	8	static
C:/WB0/STM32Cube_FW_WB0_V1.1.0/Projects/NUCLEO-WB09KE/Applications/BLE/BLE_PAwR_Observer/STM32_BLE/App/app_ble.c:1454:6:watchdog_refresh	8	static
C:/WB0/STM32Cube_FW_WB0_V1.1.0/Projects/NUCLEO-WB09KE/Applications/BLE/BLE_PAwR_Observer/STM32_BLE/App/app_ble.c:1462:6:APPE_Button1Action	8	static
