C:/WB0/STM32Cube_FW_WB0_V1.1.0/Projects/NUCLEO-WB09KE/Applications/BLE/BLE_PAwR_Observer/STM32_BLE/App/esl_app.c:70:13:led_on_timeout_cb	16	static
C:/WB0/STM32Cube_FW_WB0_V1.1.0/Projects/NUCLEO-WB09KE/Applications/BLE/BLE_PAwR_Observer/STM32_BLE/App/esl_app.c:76:13:led_blink	16	static
C:/WB0/STM32Cube_FW_WB0_V1.1.0/Projects/NUCLEO-WB09KE/Applications/BLE/BLE_PAwR_Observer/STM32_BLE/App/esl_app.c:92:9:ESL_APP_LEDControlCmdCB	16	static
C:/WB0/STM32Cube_FW_WB0_V1.1.0/Projects/NUCLEO-WB09KE/Applications/BLE/BLE_PAwR_Observer/STM32_BLE/App/esl_app.c:126:9:ESL_APP_TxtVsCmdCB	16	static
C:/WB0/STM32Cube_FW_WB0_V1.1.0/Projects/NUCLEO-WB09KE/Applications/BLE/BLE_PAwR_Observer/STM32_BLE/App/esl_app.c:138:9:ESL_APP_PriceVsCmdCB	16	static
C:/WB0/STM32Cube_FW_WB0_V1.1.0/Projects/NUCLEO-WB09KE/Applications/BLE/BLE_PAwR_Observer/STM32_BLE/App/esl_app.c:148:9:ESL_APP_DisplayImageCmdCB	16	static
C:/WB0/STM32Cube_FW_WB0_V1.1.0/Projects/NUCLEO-WB09KE/Applications/BLE/BLE_PAwR_Observer/STM32_BLE/App/esl_app.c:157:9:ESL_APP_SensorDataCmdCB	32	static
C:/WB0/STM32Cube_FW_WB0_V1.1.0/Projects/NUCLEO-WB09KE/Applications/BLE/BLE_PAwR_Observer/STM32_BLE/App/esl_app.c:185:6:ESL_APP_Process	8	static
