../../../../../../../Drivers/CMSIS/Include/core_cm0plus.h:987:34:__NVIC_SystemReset	8	static,ignoring_inline_asm
C:/WB0/STM32Cube_FW_WB0_V1.1.0/Projects/NUCLEO-WB09KE/Applications/BLE/BLE_PAwR_Broadcaster/STM32_BLE/App/app_ble.c:243:6:ModulesInit	8	static
C:/WB0/STM32Cube_FW_WB0_V1.1.0/Projects/NUCLEO-WB09KE/Applications/BLE/BLE_PAwR_Broadcaster/STM32_BLE/App/app_ble.c:252:6:BLE_Init	128	static
C:/WB0/STM32Cube_FW_WB0_V1.1.0/Projects/NUCLEO-WB09KE/Applications/BLE/BLE_PAwR_Broadcaster/STM32_BLE/App/app_ble.c:488:6:BLEStack_Process_Schedule	8	static
C:/WB0/STM32Cube_FW_WB0_V1.1.0/Projects/NUCLEO-WB09KE/Applications/BLE/BLE_PAwR_Broadcaster/STM32_BLE/App/app_ble.c:495:13:BLEStack_Process	8	static
C:/WB0/STM32Cube_FW_WB0_V1.1.0/Projects/NUCLEO-WB09KE/Applications/BLE/BLE_PAwR_Broadcaster/STM32_BLE/App/app_ble.c:502:6:VTimer_Process	8	static
C:/WB0/STM32Cube_FW_WB0_V1.1.0/Projects/NUCLEO-WB09KE/Applications/BLE/BLE_PAwR_Broadcaster/STM32_BLE/App/app_ble.c:507:6:VTimer_Process_Schedule	8	static
C:/WB0/STM32Cube_FW_WB0_V1.1.0/Projects/NUCLEO-WB09KE/Applications/BLE/BLE_PAwR_Broadcaster/STM32_BLE/App/app_ble.c:512:6:NVM_Process	8	static
C:/WB0/STM32Cube_FW_WB0_V1.1.0/Projects/NUCLEO-WB09KE/Applications/BLE/BLE_PAwR_Broadcaster/STM32_BLE/App/app_ble.c:517:6:NVM_Process_Schedule	8	static
C:/WB0/STM32Cube_FW_WB0_V1.1.0/Projects/NUCLEO-WB09KE/Applications/BLE/BLE_PAwR_Broadcaster/STM32_BLE/App/app_ble.c:523:6:HAL_RADIO_TIMER_TxRxWakeUpCallback	8	static
C:/WB0/STM32Cube_FW_WB0_V1.1.0/Projects/NUCLEO-WB09KE/Applications/BLE/BLE_PAwR_Broadcaster/STM32_BLE/App/app_ble.c:529:6:HAL_RADIO_TIMER_CpuWakeUpCallback	8	static
C:/WB0/STM32Cube_FW_WB0_V1.1.0/Projects/NUCLEO-WB09KE/Applications/BLE/BLE_PAwR_Broadcaster/STM32_BLE/App/app_ble.c:535:6:HAL_RADIO_TxRxCallback	16	static
C:/WB0/STM32Cube_FW_WB0_V1.1.0/Projects/NUCLEO-WB09KE/Applications/BLE/BLE_PAwR_Broadcaster/STM32_BLE/App/app_ble.c:543:6:BLE_STACK_ProcessRequest	8	static
C:/WB0/STM32Cube_FW_WB0_V1.1.0/Projects/NUCLEO-WB09KE/Applications/BLE/BLE_PAwR_Broadcaster/STM32_BLE/App/app_ble.c:548:6:UART_CMD_ProcessRequestCB	8	static
C:/WB0/STM32Cube_FW_WB0_V1.1.0/Projects/NUCLEO-WB09KE/Applications/BLE/BLE_PAwR_Broadcaster/STM32_BLE/App/app_ble.c:554:6:APP_BLE_Init	8	static
C:/WB0/STM32Cube_FW_WB0_V1.1.0/Projects/NUCLEO-WB09KE/Applications/BLE/BLE_PAwR_Broadcaster/STM32_BLE/App/app_ble.c:584:6:BLEEVT_App_Notification	184	static
C:/WB0/STM32Cube_FW_WB0_V1.1.0/Projects/NUCLEO-WB09KE/Applications/BLE/BLE_PAwR_Broadcaster/STM32_BLE/App/app_ble.c:1016:13:connection_complete_event	48	static
C:/WB0/STM32Cube_FW_WB0_V1.1.0/Projects/NUCLEO-WB09KE/Applications/BLE/BLE_PAwR_Broadcaster/STM32_BLE/App/app_ble.c:1051:22:APP_BLE_Get_Client_Connection_Status	24	static
C:/WB0/STM32Cube_FW_WB0_V1.1.0/Projects/NUCLEO-WB09KE/Applications/BLE/BLE_PAwR_Broadcaster/STM32_BLE/App/app_ble.c:1067:6:APP_BLE_Procedure_Gap_General	32	static
C:/WB0/STM32Cube_FW_WB0_V1.1.0/Projects/NUCLEO-WB09KE/Applications/BLE/BLE_PAwR_Broadcaster/STM32_BLE/App/app_ble.c:1155:6:APP_BLE_Procedure_Gap_Central	48	static
C:/WB0/STM32Cube_FW_WB0_V1.1.0/Projects/NUCLEO-WB09KE/Applications/BLE/BLE_PAwR_Broadcaster/STM32_BLE/App/app_ble.c:1242:13:gap_cmd_resp_release	8	static
C:/WB0/STM32Cube_FW_WB0_V1.1.0/Projects/NUCLEO-WB09KE/Applications/BLE/BLE_PAwR_Broadcaster/STM32_BLE/App/app_ble.c:1248:13:gap_cmd_resp_wait	8	static
C:/WB0/STM32Cube_FW_WB0_V1.1.0/Projects/NUCLEO-WB09KE/Applications/BLE/BLE_PAwR_Broadcaster/STM32_BLE/App/app_ble.c:1256:16:analyse_adv_report	64	static
C:/WB0/STM32Cube_FW_WB0_V1.1.0/Projects/NUCLEO-WB09KE/Applications/BLE/BLE_PAwR_Broadcaster/STM32_BLE/App/app_ble.c:1314:13:start_periodic_adv	72	static
C:/WB0/STM32Cube_FW_WB0_V1.1.0/Projects/NUCLEO-WB09KE/Applications/BLE/BLE_PAwR_Broadcaster/STM32_BLE/App/app_ble.c:1393:13:start_auto_connection	40	static
C:/WB0/STM32Cube_FW_WB0_V1.1.0/Projects/NUCLEO-WB09KE/Applications/BLE/BLE_PAwR_Broadcaster/STM32_BLE/App/app_ble.c:1448:6:periodic_sync_info_transfer	24	static
