C:/WB0/STM32Cube_FW_WB0_V1.1.0/Projects/NUCLEO-WB09KE/Applications/BLE/BLE_PAwR_Broadcaster/STM32_BLE/App/uart_cmd.c:34:6:UART_CMD_DataReceived	16	static
C:/WB0/STM32Cube_FW_WB0_V1.1.0/Projects/NUCLEO-WB09KE/Applications/BLE/BLE_PAwR_Broadcaster/STM32_BLE/App/uart_cmd.c:67:13:print_esl_resp	24	static
C:/WB0/STM32Cube_FW_WB0_V1.1.0/Projects/NUCLEO-WB09KE/Applications/BLE/BLE_PAwR_Broadcaster/STM32_BLE/App/uart_cmd.c:83:13:ping_resp_cb	40	static
C:/WB0/STM32Cube_FW_WB0_V1.1.0/Projects/NUCLEO-WB09KE/Applications/BLE/BLE_PAwR_Broadcaster/STM32_BLE/App/uart_cmd.c:102:13:led_resp_cb	24	static
C:/WB0/STM32Cube_FW_WB0_V1.1.0/Projects/NUCLEO-WB09KE/Applications/BLE/BLE_PAwR_Broadcaster/STM32_BLE/App/uart_cmd.c:120:13:txt_resp_cb	24	static
C:/WB0/STM32Cube_FW_WB0_V1.1.0/Projects/NUCLEO-WB09KE/Applications/BLE/BLE_PAwR_Broadcaster/STM32_BLE/App/uart_cmd.c:138:13:price_resp_cb	24	static
C:/WB0/STM32Cube_FW_WB0_V1.1.0/Projects/NUCLEO-WB09KE/Applications/BLE/BLE_PAwR_Broadcaster/STM32_BLE/App/uart_cmd.c:156:13:batt_resp_cb	40	static
C:/WB0/STM32Cube_FW_WB0_V1.1.0/Projects/NUCLEO-WB09KE/Applications/BLE/BLE_PAwR_Broadcaster/STM32_BLE/App/uart_cmd.c:188:13:img_resp_cb	40	static
C:/WB0/STM32Cube_FW_WB0_V1.1.0/Projects/NUCLEO-WB09KE/Applications/BLE/BLE_PAwR_Broadcaster/STM32_BLE/App/uart_cmd.c:208:12:parse_cmd	144	static
C:/WB0/STM32Cube_FW_WB0_V1.1.0/Projects/NUCLEO-WB09KE/Applications/BLE/BLE_PAwR_Broadcaster/STM32_BLE/App/uart_cmd.c:363:6:UART_CMD_Process	8	static
