C:/WB0/STM32Cube_FW_WB0_V1.1.0/Projects/NUCLEO-WB09KE/Applications/BLE/BLE_PAwR_Broadcaster/System/Config/Debug_GPIO/app_debug.c:27:6:APP_DEBUG_SIGNAL_SET	16	static
C:/WB0/STM32Cube_FW_WB0_V1.1.0/Projects/NUCLEO-WB09KE/Applications/BLE/BLE_PAwR_Broadcaster/System/Config/Debug_GPIO/app_debug.c:33:6:APP_DEBUG_SIGNAL_RESET	16	static
C:/WB0/STM32Cube_FW_WB0_V1.1.0/Projects/NUCLEO-WB09KE/Applications/BLE/BLE_PAwR_Broadcaster/System/Config/Debug_GPIO/app_debug.c:40:6:APP_DEBUG_SIGNAL_TOGGLE	16	static
C:/WB0/STM32Cube_FW_WB0_V1.1.0/Projects/NUCLEO-WB09KE/Applications/BLE/BLE_PAwR_Broadcaster/System/Config/Debug_GPIO/app_debug.c:51:6:RT_DEBUG_GPIO_Init	8	static
