../../../../../../../Drivers/STM32WB0x_HAL_Driver/Inc/stm32wb0x_ll_pwr.h:2302:26:LL_PWR_IsSMPSReady	8	static
../../../../../../../Drivers/STM32WB0x_HAL_Driver/Inc/stm32wb0x_ll_pwr.h:2347:26:LL_PWR_GetSMPSMode	8	static
../../../../../../../Drivers/STM32WB0x_HAL_Driver/Inc/stm32wb0x_ll_pwr.h:2360:23:LL_PWR_SetSMPSPrechargeMode	16	static
../../../../../../../Drivers/STM32WB0x_HAL_Driver/Inc/stm32wb0x_ll_pwr.h:2370:26:LL_PWR_IsEnabledSMPSPrechargeMode	8	static
../../../../../../../Drivers/STM32WB0x_HAL_Driver/Inc/stm32wb0x_ll_pwr.h:2439:22:LL_PWR_SMPS_SetOutputVoltageLevel	16	static
../../../../../../../Drivers/STM32WB0x_HAL_Driver/Inc/stm32wb0x_ll_radio.h:1405:22:LL_RADIO_SetDefaultAntennaID	16	static
C:/WB0/STM32Cube_FW_WB0_V1.1.0/Projects/NUCLEO-WB09KE/Applications/BLE/BLE_PAwR_Observer/System/Modules/RADIO_utils/Src/RADIO_utils.c:106:9:RADIO_DBmToPALevel	32	static
C:/WB0/STM32Cube_FW_WB0_V1.1.0/Projects/NUCLEO-WB09KE/Applications/BLE/BLE_PAwR_Observer/System/Modules/RADIO_utils/Src/RADIO_utils.c:126:9:RADIO_DBmToPALevelGe	32	static
C:/WB0/STM32Cube_FW_WB0_V1.1.0/Projects/NUCLEO-WB09KE/Applications/BLE/BLE_PAwR_Observer/System/Modules/RADIO_utils/Src/RADIO_utils.c:146:8:RADIO_PALevelToDBm	24	static
C:/WB0/STM32Cube_FW_WB0_V1.1.0/Projects/NUCLEO-WB09KE/Applications/BLE/BLE_PAwR_Observer/System/Modules/RADIO_utils/Src/RADIO_utils.c:159:9:RADIO_GetMaxPALevel	8	static
C:/WB0/STM32Cube_FW_WB0_V1.1.0/Projects/NUCLEO-WB09KE/Applications/BLE/BLE_PAwR_Observer/System/Modules/RADIO_utils/Src/RADIO_utils.c:164:9:RADIO_GetDefaultPALevel	8	static
C:/WB0/STM32Cube_FW_WB0_V1.1.0/Projects/NUCLEO-WB09KE/Applications/BLE/BLE_PAwR_Observer/System/Modules/RADIO_utils/Src/RADIO_utils.c:169:6:RADIO_ReadTransmitPower	16	static
C:/WB0/STM32Cube_FW_WB0_V1.1.0/Projects/NUCLEO-WB09KE/Applications/BLE/BLE_PAwR_Observer/System/Modules/RADIO_utils/Src/RADIO_utils.c:183:6:RADIO_SetHighPower	16	static
C:/WB0/STM32Cube_FW_WB0_V1.1.0/Projects/NUCLEO-WB09KE/Applications/BLE/BLE_PAwR_Observer/System/Modules/RADIO_utils/Src/RADIO_utils.c:233:6:HAL_RADIO_TxRxSeqCallback	8	static
C:/WB0/STM32Cube_FW_WB0_V1.1.0/Projects/NUCLEO-WB09KE/Applications/BLE/BLE_PAwR_Observer/System/Modules/RADIO_utils/Src/RADIO_utils.c:257:6:RADIO_ToneStart	48	static
C:/WB0/STM32Cube_FW_WB0_V1.1.0/Projects/NUCLEO-WB09KE/Applications/BLE/BLE_PAwR_Observer/System/Modules/RADIO_utils/Src/RADIO_utils.c:309:6:RADIO_ToneStop	16	static
C:/WB0/STM32Cube_FW_WB0_V1.1.0/Projects/NUCLEO-WB09KE/Applications/BLE/BLE_PAwR_Observer/System/Modules/RADIO_utils/Src/RADIO_utils.c:326:8:RADIO_UpdateAvgRSSI	24	static
C:/WB0/STM32Cube_FW_WB0_V1.1.0/Projects/NUCLEO-WB09KE/Applications/BLE/BLE_PAwR_Observer/System/Modules/RADIO_utils/Src/RADIO_utils.c:345:6:RADIO_AntIdxRemap	32	static
C:/WB0/STM32Cube_FW_WB0_V1.1.0/Projects/NUCLEO-WB09KE/Applications/BLE/BLE_PAwR_Observer/System/Modules/RADIO_utils/Src/RADIO_utils.c:356:12:aci_hal_set_antenna_switch_parameters	48	static
C:/WB0/STM32Cube_FW_WB0_V1.1.0/Projects/NUCLEO-WB09KE/Applications/BLE/BLE_PAwR_Observer/System/Modules/RADIO_utils/Src/RADIO_utils.c:402:12:aci_hal_set_tx_power_level_preprocess	16	static
C:/WB0/STM32Cube_FW_WB0_V1.1.0/Projects/NUCLEO-WB09KE/Applications/BLE/BLE_PAwR_Observer/System/Modules/RADIO_utils/Src/RADIO_utils.c:417:13:LL_busy	48	static
C:/WB0/STM32Cube_FW_WB0_V1.1.0/Projects/NUCLEO-WB09KE/Applications/BLE/BLE_PAwR_Observer/System/Modules/RADIO_utils/Src/RADIO_utils.c:439:12:aci_hal_tone_start	48	static
C:/WB0/STM32Cube_FW_WB0_V1.1.0/Projects/NUCLEO-WB09KE/Applications/BLE/BLE_PAwR_Observer/System/Modules/RADIO_utils/Src/RADIO_utils.c:498:12:aci_hal_tone_stop	16	static
