C:/WB0/STM32Cube_FW_WB0_V1.1.0/Utilities/sequencer/stm32_seq.c:180:6:UTIL_SEQ_Init	16	static
C:/WB0/STM32Cube_FW_WB0_V1.1.0/Utilities/sequencer/stm32_seq.c:197:6:UTIL_SEQ_DeInit	8	static
C:/WB0/STM32Cube_FW_WB0_V1.1.0/Utilities/sequencer/stm32_seq.c:207:6:UTIL_SEQ_Run	72	static,ignoring_inline_asm
C:/WB0/STM32Cube_FW_WB0_V1.1.0/Utilities/sequencer/stm32_seq.c:327:6:UTIL_SEQ_RegTask	40	static,ignoring_inline_asm
C:/WB0/STM32Cube_FW_WB0_V1.1.0/Utilities/sequencer/stm32_seq.c:339:10:UTIL_SEQ_IsRegisteredTask	32	static,ignoring_inline_asm
C:/WB0/STM32Cube_FW_WB0_V1.1.0/Utilities/sequencer/stm32_seq.c:353:6:UTIL_SEQ_SetTask	32	static,ignoring_inline_asm
C:/WB0/STM32Cube_FW_WB0_V1.1.0/Utilities/sequencer/stm32_seq.c:365:10:UTIL_SEQ_IsSchedulableTask	40	static,ignoring_inline_asm
C:/WB0/STM32Cube_FW_WB0_V1.1.0/Utilities/sequencer/stm32_seq.c:379:6:UTIL_SEQ_PauseTask	32	static,ignoring_inline_asm
C:/WB0/STM32Cube_FW_WB0_V1.1.0/Utilities/sequencer/stm32_seq.c:390:10:UTIL_SEQ_IsPauseTask	32	static,ignoring_inline_asm
C:/WB0/STM32Cube_FW_WB0_V1.1.0/Utilities/sequencer/stm32_seq.c:401:6:UTIL_SEQ_ResumeTask	32	static,ignoring_inline_asm
C:/WB0/STM32Cube_FW_WB0_V1.1.0/Utilities/sequencer/stm32_seq.c:412:6:UTIL_SEQ_SetEvt	32	static,ignoring_inline_asm
C:/WB0/STM32Cube_FW_WB0_V1.1.0/Utilities/sequencer/stm32_seq.c:423:6:UTIL_SEQ_ClrEvt	32	static,ignoring_inline_asm
C:/WB0/STM32Cube_FW_WB0_V1.1.0/Utilities/sequencer/stm32_seq.c:434:6:UTIL_SEQ_WaitEvt	40	static,ignoring_inline_asm
C:/WB0/STM32Cube_FW_WB0_V1.1.0/Utilities/sequencer/stm32_seq.c:487:15:UTIL_SEQ_IsEvtPend	16	static
C:/WB0/STM32Cube_FW_WB0_V1.1.0/Utilities/sequencer/stm32_seq.c:493:13:UTIL_SEQ_EvtIdle	16	static
C:/WB0/STM32Cube_FW_WB0_V1.1.0/Utilities/sequencer/stm32_seq.c:500:13:UTIL_SEQ_Idle	8	static
C:/WB0/STM32Cube_FW_WB0_V1.1.0/Utilities/sequencer/stm32_seq.c:505:13:UTIL_SEQ_PreIdle	8	static
C:/WB0/STM32Cube_FW_WB0_V1.1.0/Utilities/sequencer/stm32_seq.c:513:13:UTIL_SEQ_PostIdle	8	static
C:/WB0/STM32Cube_FW_WB0_V1.1.0/Utilities/sequencer/stm32_seq.c:536:9:SEQ_BitPosition	24	static
